Warning: Ignoring extra certs from `/Users/etchee/code/MyriadRootCA.pem`, load failed: error:80000002:system library::No such file or directory
net:../training/models/rank_v2_c16.json@3,2,2 vs hard: 200 games on 5 workers, 2 pps, seed 1
game 0: A wins after 80/80 pieces, attack 62–42 — A 1–0 after 1 (60 s)
game 2: A wins after 118/118 pieces, attack 88–58 — A 2–0 after 2 (102 s)
game 5: A wins after 67/67 pieces, attack 48–32 — A 3–0 after 3 (125 s)
game 1: B wins after 114/113 pieces, attack 66–68 — A 3–1 after 4 (136 s)
game 7: A wins after 49/49 pieces, attack 27–14 — A 4–1 after 5 (179 s)
game 6: B wins after 115/114 pieces, attack 65–62 — A 4–2 after 6 (231 s)
game 10: A wins after 31/31 pieces, attack 19–7 — A 5–2 after 7 (263 s)
game 9: B wins after 151/150 pieces, attack 105–108 — A 5–3 after 8 (370 s)
game 11: A wins after 138/138 pieces, attack 85–71 — A 6–3 after 9 (424 s)
game 4: A wins after 381/381 pieces, attack 281–224 — A 7–3 after 10 (449 s)
game 8: A wins after 248/248 pieces, attack 191–168 — A 8–3 after 11 (452 s)
game 13: A wins after 31/31 pieces, attack 33–13 — A 9–3 after 12 (459 s)
game 3: B wins after 436/435 pieces, attack 269–248 — A 9–4 after 13 (471 s)
game 15: A wins after 44/44 pieces, attack 30–18 — A 10–4 after 14 (501 s)
game 14: A wins after 109/109 pieces, attack 84–58 — A 11–4 after 15 (561 s)
game 12: A wins after 180/180 pieces, attack 146–111 — A 12–4 after 16 (573 s)
game 19: A wins after 74/74 pieces, attack 53–42 — A 13–4 after 17 (670 s)
game 16: A wins after 167/167 pieces, attack 126–114 — A 14–4 after 18 (672 s)
game 21: B wins after 57/56 pieces, attack 29–41 — A 14–5 after 19 (729 s)
game 20: B wins after 124/123 pieces, attack 81–81 — A 14–6 after 20 (733 s)
game 23: A wins after 34/34 pieces, attack 18–11 — A 15–6 after 21 (767 s)
game 24: A wins after 46/46 pieces, attack 29–15 — A 16–6 after 22 (783 s)
game 18: A wins after 276/276 pieces, attack 201–177 — A 17–6 after 23 (846 s)
game 22: A wins after 184/184 pieces, attack 116–93 — A 18–6 after 24 (881 s)
game 26: B wins after 116/115 pieces, attack 61–63 — A 18–7 after 25 (902 s)
game 27: A wins after 79/79 pieces, attack 63–45 — A 19–7 after 26 (939 s)
game 29: A wins after 46/46 pieces, attack 29–14 — A 20–7 after 27 (946 s)
game 25: A wins after 175/175 pieces, attack 133–114 — A 21–7 after 28 (989 s)
game 17: A wins after 586/586 pieces, attack 453–408 — A 22–7 after 29 (1159 s)
game 30: A wins after 241/241 pieces, attack 167–126 — A 23–7 after 30 (1223 s)
game 33: A wins after 93/93 pieces, attack 61–45 — A 24–7 after 31 (1278 s)
game 34: A wins after 73/73 pieces, attack 67–41 — A 25–7 after 32 (1304 s)
game 32: A wins after 260/260 pieces, attack 192–168 — A 26–7 after 33 (1333 s)
game 35: A wins after 54/54 pieces, attack 42–23 — A 27–7 after 34 (1340 s)
game 28: B wins after 456/455 pieces, attack 288–271 — A 27–8 after 35 (1434 s)
game 38: A wins after 104/104 pieces, attack 86–55 — A 28–8 after 36 (1452 s)
game 37: A wins after 106/106 pieces, attack 74–55 — A 29–8 after 37 (1468 s)
game 39: A wins after 51/51 pieces, attack 38–29 — A 30–8 after 38 (1501 s)
game 36: A wins after 186/186 pieces, attack 124–92 — A 31–8 after 39 (1546 s)
game 41: A wins after 78/78 pieces, attack 56–40 — A 32–8 after 40 (1553 s)
game 31: B wins after 614/613 pieces, attack 401–369 — A 32–9 after 41 (1652 s)
game 43: A wins after 100/100 pieces, attack 77–54 — A 33–9 after 42 (1679 s)
game 42: A wins after 164/164 pieces, attack 122–97 — A 34–9 after 43 (1681 s)
game 46: A wins after 29/29 pieces, attack 21–7 — A 35–9 after 44 (1709 s)
game 45: A wins after 103/103 pieces, attack 77–60 — A 36–9 after 45 (1760 s)
game 44: A wins after 189/189 pieces, attack 158–125 — A 37–9 after 46 (1767 s)
game 50: A wins after 43/43 pieces, attack 29–19 — A 38–9 after 47 (1811 s)
game 49: A wins after 56/56 pieces, attack 39–25 — A 39–9 after 48 (1815 s)
game 48: A wins after 121/121 pieces, attack 85–65 — A 40–9 after 49 (1842 s)
game 53: A wins after 30/30 pieces, attack 23–12 — A 41–9 after 50 (1878 s)
game 40: A wins after 357/357 pieces, attack 184–177 — A 42–9 after 51 (1907 s)
game 55: A wins after 24/24 pieces, attack 16–8 — A 43–9 after 52 (1930 s)
game 52: A wins after 166/166 pieces, attack 121–86 — A 44–9 after 53 (1991 s)
game 54: A wins after 154/154 pieces, attack 112–89 — A 45–9 after 54 (2042 s)
game 56: A wins after 124/124 pieces, attack 102–75 — A 46–9 after 55 (2053 s)
game 58: A wins after 44/44 pieces, attack 27–11 — A 47–9 after 56 (2082 s)
game 47: B wins after 357/356 pieces, attack 222–224 — A 47–10 after 57 (2140 s)
game 57: A wins after 169/169 pieces, attack 110–96 — A 48–10 after 58 (2185 s)
game 51: A wins after 356/356 pieces, attack 240–204 — A 49–10 after 59 (2187 s)
game 61: B wins after 76/75 pieces, attack 52–56 — A 49–11 after 60 (2221 s)
game 59: A wins after 161/161 pieces, attack 108–81 — A 50–11 after 61 (2240 s)
game 60: A wins after 133/133 pieces, attack 101–71 — A 51–11 after 62 (2244 s)
game 64: A wins after 43/43 pieces, attack 29–24 — A 52–11 after 63 (2268 s)
game 66: A wins after 36/36 pieces, attack 24–15 — A 53–11 after 64 (2280 s)
game 67: A wins after 24/24 pieces, attack 17–6 — A 54–11 after 65 (2288 s)
game 63: A wins after 124/124 pieces, attack 99–57 — A 55–11 after 66 (2309 s)
game 70: A wins after 25/25 pieces, attack 16–4 — A 56–11 after 67 (2335 s)
game 68: A wins after 97/97 pieces, attack 73–56 — A 57–11 after 68 (2394 s)
game 65: B wins after 135/134 pieces, attack 87–95 — A 57–12 after 69 (2441 s)
game 71: A wins after 87/87 pieces, attack 47–38 — A 58–12 after 70 (2455 s)
game 73: A wins after 60/60 pieces, attack 47–32 — A 59–12 after 71 (2512 s)
game 72: A wins after 108/108 pieces, attack 87–54 — A 60–12 after 72 (2516 s)
game 62: A wins after 279/279 pieces, attack 188–168 — A 61–12 after 73 (2559 s)
game 69: B wins after 226/225 pieces, attack 130–129 — A 61–13 after 74 (2585 s)
game 78: A wins after 24/24 pieces, attack 16–7 — A 62–13 after 75 (2610 s)
game 77: A wins after 74/74 pieces, attack 47–31 — A 63–13 after 76 (2652 s)
game 75: A wins after 124/124 pieces, attack 100–62 — A 64–13 after 77 (2677 s)
game 80: A wins after 97/97 pieces, attack 54–44 — A 65–13 after 78 (2785 s)
game 79: A wins after 149/149 pieces, attack 97–79 — A 66–13 after 79 (2791 s)
game 74: A wins after 279/279 pieces, attack 203–164 — A 67–13 after 80 (2793 s)
game 82: A wins after 28/28 pieces, attack 21–13 — A 68–13 after 81 (2811 s)
game 81: A wins after 139/139 pieces, attack 108–85 — A 69–13 after 82 (2846 s)
game 84: A wins after 60/60 pieces, attack 51–34 — A 70–13 after 83 (2848 s)
game 85: A wins after 50/50 pieces, attack 30–13 — A 71–13 after 84 (2852 s)
game 87: A wins after 22/22 pieces, attack 17–5 — A 72–13 after 85 (2866 s)
game 83: A wins after 133/133 pieces, attack 94–70 — A 73–13 after 86 (2921 s)
game 89: A wins after 74/74 pieces, attack 45–27 — A 74–13 after 87 (2931 s)
game 76: B wins after 354/353 pieces, attack 218–200 — A 74–14 after 88 (2936 s)
game 92: A wins after 29/29 pieces, attack 14–5 — A 75–14 after 89 (2962 s)
game 88: A wins after 133/133 pieces, attack 89–63 — A 76–14 after 90 (2973 s)
game 93: A wins after 36/36 pieces, attack 27–14 — A 77–14 after 91 (2993 s)
game 91: A wins after 72/72 pieces, attack 49–30 — A 78–14 after 92 (3002 s)
game 86: A wins after 173/173 pieces, attack 112–83 — A 79–14 after 93 (3034 s)
game 96: A wins after 77/77 pieces, attack 60–43 — A 80–14 after 94 (3070 s)
game 98: A wins after 69/69 pieces, attack 52–34 — A 81–14 after 95 (3146 s)
game 95: A wins after 173/173 pieces, attack 129–96 — A 82–14 after 96 (3150 s)
game 94: A wins after 214/214 pieces, attack 144–124 — A 83–14 after 97 (3192 s)
game 97: A wins after 202/202 pieces, attack 105–99 — A 84–14 after 98 (3252 s)
game 100: A wins after 204/204 pieces, attack 122–90 — A 85–14 after 99 (3328 s)
game 101: A wins after 152/152 pieces, attack 101–76 — A 86–14 after 100 (3333 s)
game 103: A wins after 37/37 pieces, attack 14–12 — A 87–14 after 101 (3362 s)
game 99: B wins after 228/227 pieces, attack 141–136 — A 87–15 after 102 (3397 s)
game 90: A wins after 509/509 pieces, attack 341–314 — A 88–15 after 103 (3410 s)
game 104: A wins after 91/91 pieces, attack 61–52 — A 89–15 after 104 (3424 s)
game 107: A wins after 27/27 pieces, attack 14–5 — A 90–15 after 105 (3433 s)
game 106: B wins after 56/55 pieces, attack 38–40 — A 90–16 after 106 (3449 s)
game 102: A wins after 210/210 pieces, attack 134–103 — A 91–16 after 107 (3459 s)
game 110: A wins after 24/24 pieces, attack 16–6 — A 92–16 after 108 (3467 s)
game 112: A wins after 60/60 pieces, attack 41–26 — A 93–16 after 109 (3515 s)
game 105: A wins after 243/243 pieces, attack 167–139 — A 94–16 after 110 (3590 s)
game 108: A wins after 181/181 pieces, attack 117–102 — A 95–16 after 111 (3595 s)
game 109: A wins after 180/180 pieces, attack 144–117 — A 96–16 after 112 (3601 s)
game 116: B wins after 66/65 pieces, attack 38–38 — A 96–17 after 113 (3664 s)
game 111: A wins after 258/258 pieces, attack 187–150 — A 97–17 after 114 (3700 s)
game 115: A wins after 125/125 pieces, attack 89–68 — A 98–17 after 115 (3715 s)
game 114: A wins after 180/180 pieces, attack 134–120 — A 99–17 after 116 (3780 s)
game 113: B wins after 233/232 pieces, attack 136–146 — A 99–18 after 117 (3781 s)
game 118: A wins after 87/87 pieces, attack 43–38 — A 100–18 after 118 (3784 s)
game 117: A wins after 186/186 pieces, attack 128–110 — A 101–18 after 119 (3841 s)
game 120: A wins after 82/82 pieces, attack 66–36 — A 102–18 after 120 (3847 s)
game 121: B wins after 80/79 pieces, attack 41–57 — A 102–19 after 121 (3857 s)
game 122: A wins after 97/97 pieces, attack 76–52 — A 103–19 after 122 (3864 s)
game 123: A wins after 64/64 pieces, attack 54–40 — A 104–19 after 123 (3904 s)
game 127: A wins after 51/51 pieces, attack 42–24 — A 105–19 after 124 (3949 s)
game 124: A wins after 112/112 pieces, attack 90–66 — A 106–19 after 125 (3950 s)
game 125: B wins after 102/101 pieces, attack 65–60 — A 106–20 after 126 (3973 s)
game 119: A wins after 302/302 pieces, attack 191–147 — A 107–20 after 127 (4004 s)
game 128: A wins after 84/84 pieces, attack 56–37 — A 108–20 after 128 (4012 s)
game 131: A wins after 30/30 pieces, attack 32–14 — A 109–20 after 129 (4025 s)
game 126: A wins after 158/158 pieces, attack 115–84 — A 110–20 after 130 (4035 s)
game 129: A wins after 110/110 pieces, attack 83–66 — A 111–20 after 131 (4058 s)
game 130: A wins after 94/94 pieces, attack 57–49 — A 112–20 after 132 (4063 s)
game 132: A wins after 111/111 pieces, attack 65–41 — A 113–20 after 133 (4109 s)
game 135: A wins after 92/92 pieces, attack 66–46 — A 114–20 after 134 (4153 s)
game 137: A wins after 81/81 pieces, attack 68–58 — A 115–20 after 135 (4187 s)
game 138: A wins after 57/57 pieces, attack 39–20 — A 116–20 after 136 (4198 s)
game 140: B wins after 47/46 pieces, attack 25–32 — A 116–21 after 137 (4237 s)
game 133: A wins after 232/232 pieces, attack 136–125 — A 117–21 after 138 (4254 s)
game 141: A wins after 65/65 pieces, attack 64–38 — A 118–21 after 139 (4293 s)
game 139: A wins after 158/158 pieces, attack 120–100 — A 119–21 after 140 (4339 s)
game 143: A wins after 62/62 pieces, attack 39–28 — A 120–21 after 141 (4342 s)
game 134: A wins after 373/373 pieces, attack 233–181 — A 121–21 after 142 (4394 s)
game 145: A wins after 71/71 pieces, attack 57–50 — A 122–21 after 143 (4409 s)
game 144: A wins after 103/103 pieces, attack 65–45 — A 123–21 after 144 (4416 s)
game 147: A wins after 36/36 pieces, attack 23–11 — A 124–21 after 145 (4435 s)
game 148: A wins after 34/34 pieces, attack 26–9 — A 125–21 after 146 (4441 s)
game 150: A wins after 34/34 pieces, attack 27–15 — A 126–21 after 147 (4471 s)
game 136: A wins after 484/484 pieces, attack 323–273 — A 127–21 after 148 (4493 s)
game 151: A wins after 51/51 pieces, attack 39–21 — A 128–21 after 149 (4515 s)
game 149: A wins after 89/89 pieces, attack 56–43 — A 129–21 after 150 (4521 s)
game 146: A wins after 134/134 pieces, attack 98–75 — A 130–21 after 151 (4537 s)
game 153: A wins after 49/49 pieces, attack 38–26 — A 131–21 after 152 (4558 s)
game 142: A wins after 363/363 pieces, attack 264–221 — A 132–21 after 153 (4588 s)
game 152: B wins after 108/107 pieces, attack 76–84 — A 132–22 after 154 (4596 s)
game 155: A wins after 75/75 pieces, attack 53–40 — A 133–22 after 155 (4597 s)
game 157: A wins after 16/16 pieces, attack 13–0 — A 134–22 after 156 (4598 s)
game 154: A wins after 98/98 pieces, attack 57–39 — A 135–22 after 157 (4603 s)
game 158: A wins after 28/28 pieces, attack 19–9 — A 136–22 after 158 (4617 s)
game 159: A wins after 34/34 pieces, attack 32–19 — A 137–22 after 159 (4624 s)
game 161: A wins after 82/82 pieces, attack 60–49 — A 138–22 after 160 (4673 s)
game 163: A wins after 69/69 pieces, attack 53–32 — A 139–22 after 161 (4681 s)
game 162: A wins after 81/81 pieces, attack 53–38 — A 140–22 after 162 (4690 s)
game 165: A wins after 56/56 pieces, attack 41–21 — A 141–22 after 163 (4724 s)
game 167: A wins after 29/29 pieces, attack 23–10 — A 142–22 after 164 (4746 s)
game 164: A wins after 125/125 pieces, attack 89–70 — A 143–22 after 165 (4778 s)
game 156: B wins after 280/279 pieces, attack 182–176 — A 143–23 after 166 (4814 s)
game 166: A wins after 275/275 pieces, attack 199–167 — A 144–23 after 167 (4963 s)
game 168: A wins after 218/218 pieces, attack 143–134 — A 145–23 after 168 (4973 s)
game 172: A wins after 33/33 pieces, attack 32–17 — A 146–23 after 169 (4999 s)
game 170: B wins after 213/212 pieces, attack 141–133 — A 146–24 after 170 (5003 s)
game 160: A wins after 443/443 pieces, attack 294–256 — A 147–24 after 171 (5020 s)
game 171: A wins after 90/90 pieces, attack 69–55 — A 148–24 after 172 (5050 s)
game 174: B wins after 69/68 pieces, attack 31–39 — A 148–25 after 173 (5065 s)
game 176: A wins after 24/24 pieces, attack 22–11 — A 149–25 after 174 (5072 s)
game 173: A wins after 109/109 pieces, attack 76–50 — A 150–25 after 175 (5094 s)
game 178: A wins after 25/25 pieces, attack 22–5 — A 151–25 after 176 (5094 s)
game 177: B wins after 81/80 pieces, attack 38–38 — A 151–26 after 177 (5142 s)
game 179: A wins after 58/58 pieces, attack 58–32 — A 152–26 after 178 (5151 s)
game 180: A wins after 78/78 pieces, attack 51–34 — A 153–26 after 179 (5178 s)
game 175: A wins after 190/190 pieces, attack 145–128 — A 154–26 after 180 (5244 s)
game 181: B wins after 102/101 pieces, attack 68–75 — A 154–27 after 181 (5267 s)
game 183: B wins after 85/84 pieces, attack 37–42 — A 154–28 after 182 (5294 s)
game 186: A wins after 42/42 pieces, attack 34–19 — A 155–28 after 183 (5341 s)
game 182: B wins after 214/213 pieces, attack 123–117 — A 155–29 after 184 (5412 s)
game 184: A wins after 192/192 pieces, attack 142–105 — A 156–29 after 185 (5437 s)
game 189: A wins after 42/42 pieces, attack 32–17 — A 157–29 after 186 (5487 s)
game 187: B wins after 132/131 pieces, attack 92–99 — A 157–30 after 187 (5514 s)
game 185: A wins after 219/219 pieces, attack 147–133 — A 158–30 after 188 (17301 s)
game 188: A wins after 149/149 pieces, attack 117–94 — A 159–30 after 189 (17372 s)
game 169: A wins after 806/806 pieces, attack 539–475 — A 160–30 after 190 (17410 s)
game 192: A wins after 136/136 pieces, attack 106–82 — A 161–30 after 191 (17445 s)
game 194: A wins after 34/34 pieces, attack 21–14 — A 162–30 after 192 (17448 s)
game 195: A wins after 54/54 pieces, attack 44–25 — A 163–30 after 193 (17499 s)
game 196: B wins after 56/55 pieces, attack 31–36 — A 163–31 after 194 (17515 s)
game 191: A wins after 180/180 pieces, attack 121–104 — A 164–31 after 195 (17518 s)
game 193: A wins after 122/122 pieces, attack 70–51 — A 165–31 after 196 (17518 s)
game 198: A wins after 59/59 pieces, attack 36–18 — A 166–31 after 197 (17574 s)
game 199: A wins after 69/69 pieces, attack 66–45 — A 167–31 after 198 (17583 s)
game 190: B wins after 289/288 pieces, attack 204–178 — A 167–32 after 199 (17608 s)
game 197: A wins after 145/145 pieces, attack 105–79 — A 168–32 after 200 (17657 s)

A = net:../training/models/rank_v2_c16.json@3,2,2
B = hard
200 games: A won 168, lost 32, drew 0 → A scores 84.0% ± 5.1 (95%)
A: attack/piece 0.686, 2219 ms/move
B: attack/piece 0.560, 1026 ms/move
mean game length 136 pieces per bot
