Warning: Ignoring extra certs from `/Users/etchee/code/MyriadRootCA.pem`, load failed: error:80000002:system library::No such file or directory
net:../training/models/rank_r1_c16.last.json@3,2 vs hard: 200 games on 5 workers, 2 pps, seed 1
game 1: A wins after 34/34 pieces, attack 30–13 — A 1–0 after 1 (18 s)
game 3: A wins after 50/50 pieces, attack 35–23 — A 2–0 after 2 (30 s)
game 6: A wins after 36/36 pieces, attack 22–7 — A 3–0 after 3 (49 s)
game 0: B wins after 110/109 pieces, attack 72–64 — A 3–1 after 4 (76 s)
game 5: A wins after 90/90 pieces, attack 62–51 — A 4–1 after 5 (77 s)
game 2: A wins after 138/138 pieces, attack 94–79 — A 5–1 after 6 (86 s)
game 7: B wins after 65/64 pieces, attack 40–49 — A 5–2 after 7 (90 s)
game 9: B wins after 34/33 pieces, attack 19–25 — A 5–3 after 8 (96 s)
game 10: A wins after 20/20 pieces, attack 18–5 — A 6–3 after 9 (97 s)
game 11: A wins after 20/20 pieces, attack 16–6 — A 7–3 after 10 (100 s)
game 4: B wins after 155/154 pieces, attack 90–83 — A 7–4 after 11 (109 s)
game 8: B wins after 57/56 pieces, attack 13–20 — A 7–5 after 12 (117 s)
game 12: B wins after 47/46 pieces, attack 16–20 — A 7–6 after 13 (129 s)
game 17: B wins after 28/27 pieces, attack 7–13 — A 7–7 after 14 (142 s)
game 15: A wins after 62/62 pieces, attack 53–30 — A 8–7 after 15 (147 s)
game 16: A wins after 55/55 pieces, attack 45–24 — A 9–7 after 16 (149 s)
game 19: A wins after 35/35 pieces, attack 29–14 — A 10–7 after 17 (168 s)
game 18: B wins after 76/75 pieces, attack 47–52 — A 10–8 after 18 (195 s)
game 14: B wins after 167/166 pieces, attack 100–100 — A 10–9 after 19 (229 s)
game 13: A wins after 300/300 pieces, attack 203–164 — A 11–9 after 20 (291 s)
game 20: B wins after 261/260 pieces, attack 161–144 — A 11–10 after 21 (311 s)
game 22: A wins after 178/178 pieces, attack 104–95 — A 12–10 after 22 (312 s)
game 23: B wins after 142/141 pieces, attack 84–82 — A 12–11 after 23 (335 s)
game 24: A wins after 77/77 pieces, attack 56–34 — A 13–11 after 24 (336 s)
game 28: A wins after 35/35 pieces, attack 29–13 — A 14–11 after 25 (354 s)
game 27: A wins after 52/52 pieces, attack 43–24 — A 15–11 after 26 (364 s)
game 21: B wins after 284/283 pieces, attack 139–151 — A 15–12 after 27 (380 s)
game 25: B wins after 118/117 pieces, attack 72–76 — A 15–13 after 28 (387 s)
game 31: A wins after 24/24 pieces, attack 20–9 — A 16–13 after 29 (393 s)
game 30: A wins after 61/61 pieces, attack 55–27 — A 17–13 after 30 (401 s)
game 29: A wins after 80/80 pieces, attack 60–41 — A 18–13 after 31 (405 s)
game 32: A wins after 36/36 pieces, attack 20–16 — A 19–13 after 32 (407 s)
game 33: A wins after 35/35 pieces, attack 26–10 — A 20–13 after 33 (413 s)
game 36: A wins after 38/38 pieces, attack 22–9 — A 21–13 after 34 (426 s)
game 35: A wins after 68/68 pieces, attack 57–37 — A 22–13 after 35 (447 s)
game 26: A wins after 212/212 pieces, attack 163–145 — A 23–13 after 36 (452 s)
game 34: B wins after 77/76 pieces, attack 44–48 — A 23–14 after 37 (453 s)
game 38: A wins after 76/76 pieces, attack 58–41 — A 24–14 after 38 (471 s)
game 41: A wins after 45/45 pieces, attack 35–16 — A 25–14 after 39 (478 s)
game 37: B wins after 147/146 pieces, attack 69–77 — A 25–15 after 40 (509 s)
game 40: B wins after 136/135 pieces, attack 64–70 — A 25–16 after 41 (545 s)
game 39: B wins after 158/157 pieces, attack 84–90 — A 25–17 after 42 (555 s)
game 44: A wins after 79/79 pieces, attack 58–53 — A 26–17 after 43 (559 s)
game 45: B wins after 42/41 pieces, attack 24–24 — A 26–18 after 44 (570 s)
game 46: A wins after 70/70 pieces, attack 57–41 — A 27–18 after 45 (599 s)
game 42: B wins after 222/221 pieces, attack 109–108 — A 27–19 after 46 (625 s)
game 47: B wins after 122/121 pieces, attack 85–81 — A 27–20 after 47 (634 s)
game 51: A wins after 106/106 pieces, attack 72–50 — A 28–20 after 48 (699 s)
game 43: A wins after 352/352 pieces, attack 203–186 — A 29–20 after 49 (710 s)
game 52: A wins after 31/31 pieces, attack 23–9 — A 30–20 after 50 (715 s)
game 50: B wins after 162/161 pieces, attack 100–87 — A 30–21 after 51 (723 s)
game 49: A wins after 200/200 pieces, attack 140–115 — A 31–21 after 52 (737 s)
game 48: A wins after 337/337 pieces, attack 223–209 — A 32–21 after 53 (792 s)
game 56: A wins after 122/122 pieces, attack 82–65 — A 33–21 after 54 (812 s)
game 55: A wins after 129/129 pieces, attack 93–83 — A 34–21 after 55 (814 s)
game 59: A wins after 25/25 pieces, attack 22–7 — A 35–21 after 56 (827 s)
game 57: A wins after 56/56 pieces, attack 46–33 — A 36–21 after 57 (828 s)
game 61: A wins after 54/54 pieces, attack 46–31 — A 37–21 after 58 (856 s)
game 53: A wins after 236/236 pieces, attack 179–148 — A 38–21 after 59 (868 s)
game 58: A wins after 115/115 pieces, attack 79–60 — A 39–21 after 60 (883 s)
game 63: A wins after 77/77 pieces, attack 49–35 — A 40–21 after 61 (915 s)
game 54: B wins after 357/356 pieces, attack 225–212 — A 40–22 after 62 (942 s)
game 62: B wins after 145/144 pieces, attack 92–95 — A 40–23 after 63 (952 s)
game 64: A wins after 93/93 pieces, attack 44–42 — A 41–23 after 64 (952 s)
game 67: A wins after 71/71 pieces, attack 48–34 — A 42–23 after 65 (993 s)
game 60: B wins after 294/293 pieces, attack 180–185 — A 42–24 after 66 (1019 s)
game 65: B wins after 164/163 pieces, attack 78–87 — A 42–25 after 67 (1026 s)
game 68: B wins after 141/140 pieces, attack 89–86 — A 42–26 after 68 (1043 s)
game 71: A wins after 75/75 pieces, attack 59–43 — A 43–26 after 69 (1068 s)
game 73: B wins after 31/30 pieces, attack 14–18 — A 43–27 after 70 (1085 s)
game 70: B wins after 99/98 pieces, attack 59–61 — A 43–28 after 71 (1089 s)
game 69: B wins after 153/152 pieces, attack 74–89 — A 43–29 after 72 (1097 s)
game 66: A wins after 237/237 pieces, attack 160–150 — A 44–29 after 73 (1097 s)
game 76: A wins after 34/34 pieces, attack 21–12 — A 45–29 after 74 (1116 s)
game 72: B wins after 108/107 pieces, attack 54–57 — A 45–30 after 75 (1116 s)
game 75: B wins after 47/46 pieces, attack 24–35 — A 45–31 after 76 (1117 s)
game 80: A wins after 63/63 pieces, attack 39–23 — A 46–31 after 77 (1155 s)
game 74: A wins after 156/156 pieces, attack 91–76 — A 47–31 after 78 (1190 s)
game 81: A wins after 68/68 pieces, attack 39–26 — A 48–31 after 79 (1195 s)
game 78: A wins after 185/185 pieces, attack 130–98 — A 49–31 after 80 (1227 s)
game 82: B wins after 64/63 pieces, attack 40–41 — A 49–32 after 81 (1229 s)
game 77: B wins after 190/189 pieces, attack 82–90 — A 49–33 after 82 (1236 s)
game 84: A wins after 26/26 pieces, attack 18–6 — A 50–33 after 83 (1242 s)
game 86: A wins after 33/33 pieces, attack 26–10 — A 51–33 after 84 (1252 s)
game 83: A wins after 114/114 pieces, attack 96–75 — A 52–33 after 85 (1263 s)
game 79: B wins after 233/232 pieces, attack 127–132 — A 52–34 after 86 (1280 s)
game 90: B wins after 38/37 pieces, attack 8–18 — A 52–35 after 87 (1305 s)
game 85: A wins after 189/189 pieces, attack 123–122 — A 53–35 after 88 (1361 s)
game 89: A wins after 181/181 pieces, attack 124–93 — A 54–35 after 89 (1377 s)
game 88: A wins after 277/277 pieces, attack 178–151 — A 55–35 after 90 (1433 s)
game 94: A wins after 25/25 pieces, attack 18–8 — A 56–35 after 91 (1448 s)
game 93: A wins after 123/123 pieces, attack 110–89 — A 57–35 after 92 (1461 s)
game 92: B wins after 140/139 pieces, attack 57–71 — A 57–36 after 93 (1472 s)
game 91: A wins after 237/237 pieces, attack 136–123 — A 58–36 after 94 (1479 s)
game 98: A wins after 31/31 pieces, attack 26–13 — A 59–36 after 95 (1496 s)
game 87: A wins after 405/405 pieces, attack 307–262 — A 60–36 after 96 (1504 s)
game 96: B wins after 98/97 pieces, attack 60–57 — A 60–37 after 97 (1533 s)
game 100: A wins after 59/59 pieces, attack 33–20 — A 61–37 after 98 (1544 s)
game 97: B wins after 129/128 pieces, attack 67–60 — A 61–38 after 99 (1572 s)
game 103: B wins after 75/74 pieces, attack 32–44 — A 61–39 after 100 (1623 s)
game 99: B wins after 175/174 pieces, attack 99–97 — A 61–40 after 101 (1629 s)
game 95: B wins after 291/290 pieces, attack 197–186 — A 61–41 after 102 (1652 s)
game 101: A wins after 188/188 pieces, attack 111–87 — A 62–41 after 103 (1667 s)
game 104: A wins after 87/87 pieces, attack 64–42 — A 63–41 after 104 (1669 s)
game 102: A wins after 188/188 pieces, attack 108–96 — A 64–41 after 105 (1670 s)
game 109: B wins after 38/37 pieces, attack 17–26 — A 64–42 after 106 (1691 s)
game 105: A wins after 121/121 pieces, attack 67–64 — A 65–42 after 107 (1713 s)
game 110: A wins after 60/60 pieces, attack 49–29 — A 66–42 after 108 (1724 s)
game 106: B wins after 129/128 pieces, attack 66–73 — A 66–43 after 109 (1738 s)
game 107: A wins after 118/118 pieces, attack 82–71 — A 67–43 after 110 (1741 s)
game 108: B wins after 117/116 pieces, attack 70–76 — A 67–44 after 111 (1752 s)
game 113: A wins after 26/26 pieces, attack 20–6 — A 68–44 after 112 (1752 s)
game 112: A wins after 54/54 pieces, attack 34–21 — A 69–44 after 113 (1753 s)
game 114: A wins after 49/49 pieces, attack 28–15 — A 70–44 after 114 (1770 s)
game 118: A wins after 61/61 pieces, attack 50–31 — A 71–44 after 115 (1804 s)
game 117: A wins after 102/102 pieces, attack 67–53 — A 72–44 after 116 (1813 s)
game 115: A wins after 86/86 pieces, attack 46–35 — A 73–44 after 117 (1814 s)
game 119: A wins after 75/75 pieces, attack 62–42 — A 74–44 after 118 (1856 s)
game 116: A wins after 237/237 pieces, attack 139–112 — A 75–44 after 119 (1903 s)
game 122: B wins after 110/109 pieces, attack 51–63 — A 75–45 after 120 (1939 s)
game 123: A wins after 68/68 pieces, attack 56–44 — A 76–45 after 121 (1948 s)
game 111: B wins after 387/386 pieces, attack 229–236 — A 76–46 after 122 (1971 s)
game 124: A wins after 57/57 pieces, attack 47–36 — A 77–46 after 123 (1974 s)
game 126: A wins after 56/56 pieces, attack 47–31 — A 78–46 after 124 (2006 s)
game 127: A wins after 91/91 pieces, attack 73–54 — A 79–46 after 125 (2027 s)
game 125: A wins after 128/128 pieces, attack 86–63 — A 80–46 after 126 (2028 s)
game 130: A wins after 20/20 pieces, attack 14–5 — A 81–46 after 127 (2037 s)
game 128: A wins after 60/60 pieces, attack 48–33 — A 82–46 after 128 (2039 s)
game 129: A wins after 45/45 pieces, attack 43–25 — A 83–46 after 129 (2051 s)
game 132: A wins after 82/82 pieces, attack 41–38 — A 84–46 after 130 (2096 s)
game 131: A wins after 106/106 pieces, attack 75–52 — A 85–46 after 131 (2108 s)
game 134: B wins after 67/66 pieces, attack 38–38 — A 85–47 after 132 (2136 s)
game 120: B wins after 489/488 pieces, attack 317–303 — A 85–48 after 133 (2152 s)
game 121: A wins after 531/531 pieces, attack 339–299 — A 86–48 after 134 (2174 s)
game 135: B wins after 119/118 pieces, attack 77–83 — A 86–49 after 135 (2191 s)
game 137: B wins after 70/69 pieces, attack 44–53 — A 86–50 after 136 (2199 s)
game 138: A wins after 64/64 pieces, attack 48–34 — A 87–50 after 137 (2211 s)
game 133: B wins after 231/230 pieces, attack 114–141 — A 87–51 after 138 (2218 s)
game 141: A wins after 24/24 pieces, attack 12–4 — A 88–51 after 139 (2225 s)
game 143: A wins after 23/23 pieces, attack 19–7 — A 89–51 after 140 (2237 s)
game 142: A wins after 36/36 pieces, attack 27–16 — A 90–51 after 141 (2238 s)
game 144: A wins after 51/51 pieces, attack 38–26 — A 91–51 after 142 (2266 s)
game 145: A wins after 95/95 pieces, attack 73–45 — A 92–51 after 143 (2293 s)
game 146: A wins after 89/89 pieces, attack 67–47 — A 93–51 after 144 (2319 s)
game 136: A wins after 292/292 pieces, attack 212–169 — A 94–51 after 145 (2330 s)
game 147: A wins after 67/67 pieces, attack 60–34 — A 95–51 after 146 (2332 s)
game 149: A wins after 61/61 pieces, attack 47–28 — A 96–51 after 147 (2368 s)
game 148: A wins after 86/86 pieces, attack 63–45 — A 97–51 after 148 (2371 s)
game 140: A wins after 264/264 pieces, attack 155–143 — A 98–51 after 149 (2372 s)
game 139: B wins after 284/283 pieces, attack 200–187 — A 98–52 after 150 (2379 s)
game 153: A wins after 72/72 pieces, attack 53–34 — A 99–52 after 151 (2413 s)
game 152: A wins after 93/93 pieces, attack 74–54 — A 100–52 after 152 (2426 s)
game 155: A wins after 27/27 pieces, attack 22–6 — A 101–52 after 153 (2428 s)
game 154: B wins after 83/82 pieces, attack 43–46 — A 101–53 after 154 (2433 s)
game 157: A wins after 26/26 pieces, attack 30–7 — A 102–53 after 155 (2439 s)
game 158: B wins after 32/31 pieces, attack 11–18 — A 102–54 after 156 (2451 s)
game 156: A wins after 43/43 pieces, attack 26–14 — A 103–54 after 157 (2456 s)
game 159: B wins after 72/71 pieces, attack 40–47 — A 103–55 after 158 (2482 s)
game 160: B wins after 59/58 pieces, attack 32–40 — A 103–56 after 159 (2491 s)
game 151: B wins after 211/210 pieces, attack 131–121 — A 103–57 after 160 (2502 s)
game 150: B wins after 274/273 pieces, attack 174–149 — A 103–58 after 161 (2520 s)
game 163: B wins after 50/49 pieces, attack 22–30 — A 103–59 after 162 (2521 s)
game 162: A wins after 105/105 pieces, attack 75–72 — A 104–59 after 163 (2544 s)
game 161: B wins after 169/168 pieces, attack 108–100 — A 104–60 after 164 (2562 s)
game 164: A wins after 104/104 pieces, attack 64–44 — A 105–60 after 165 (2564 s)
game 168: A wins after 33/33 pieces, attack 32–15 — A 106–60 after 166 (2579 s)
game 165: A wins after 128/128 pieces, attack 91–64 — A 107–60 after 167 (2600 s)
game 166: A wins after 175/175 pieces, attack 99–87 — A 108–60 after 168 (2633 s)
game 171: B wins after 62/61 pieces, attack 32–36 — A 108–61 after 169 (2635 s)
game 169: B wins after 112/111 pieces, attack 66–71 — A 108–62 after 170 (2637 s)
game 172: A wins after 28/28 pieces, attack 17–10 — A 109–62 after 171 (2650 s)
game 167: B wins after 209/208 pieces, attack 144–144 — A 109–63 after 172 (2682 s)
game 173: A wins after 94/94 pieces, attack 69–45 — A 110–63 after 173 (2688 s)
game 175: A wins after 70/70 pieces, attack 56–34 — A 111–63 after 174 (2689 s)
game 170: B wins after 200/199 pieces, attack 137–130 — A 111–64 after 175 (2714 s)
game 177: A wins after 93/93 pieces, attack 63–53 — A 112–64 after 176 (2749 s)
game 179: A wins after 102/102 pieces, attack 71–50 — A 113–64 after 177 (2772 s)
game 178: B wins after 143/142 pieces, attack 104–94 — A 113–65 after 178 (2782 s)
game 174: A wins after 248/248 pieces, attack 170–141 — A 114–65 after 179 (2786 s)
game 181: B wins after 43/42 pieces, attack 22–30 — A 114–66 after 180 (2800 s)
game 183: A wins after 53/53 pieces, attack 45–28 — A 115–66 after 181 (2814 s)
game 184: B wins after 49/48 pieces, attack 20–29 — A 115–67 after 182 (2827 s)
game 176: B wins after 221/220 pieces, attack 115–106 — A 115–68 after 183 (2827 s)
game 180: A wins after 147/147 pieces, attack 122–89 — A 116–68 after 184 (2831 s)
game 185: A wins after 50/50 pieces, attack 31–20 — A 117–68 after 185 (2846 s)
game 188: A wins after 55/55 pieces, attack 38–21 — A 118–68 after 186 (2860 s)
game 182: B wins after 139/138 pieces, attack 65–72 — A 118–69 after 187 (2880 s)
game 187: A wins after 129/129 pieces, attack 100–77 — A 119–69 after 188 (2901 s)
game 189: A wins after 106/106 pieces, attack 72–55 — A 120–69 after 189 (2910 s)
game 190: B wins after 90/89 pieces, attack 34–44 — A 120–70 after 190 (2916 s)
game 191: A wins after 70/70 pieces, attack 50–38 — A 121–70 after 191 (2920 s)
game 193: A wins after 81/81 pieces, attack 49–32 — A 122–70 after 192 (2962 s)
game 196: A wins after 26/26 pieces, attack 17–3 — A 123–70 after 193 (2974 s)
game 194: A wins after 137/137 pieces, attack 90–78 — A 124–70 after 194 (2994 s)
game 192: B wins after 147/146 pieces, attack 112–105 — A 124–71 after 195 (2995 s)
game 186: A wins after 257/257 pieces, attack 144–131 — A 125–71 after 196 (3000 s)
game 195: A wins after 140/140 pieces, attack 83–54 — A 126–71 after 197 (3006 s)
game 199: B wins after 66/65 pieces, attack 35–34 — A 126–72 after 198 (3032 s)
game 198: A wins after 90/90 pieces, attack 62–42 — A 127–72 after 199 (3040 s)
game 197: A wins after 161/161 pieces, attack 103–92 — A 128–72 after 200 (3069 s)

A = net:../training/models/rank_r1_c16.last.json@3,2
B = hard
200 games: A won 128, lost 72, drew 0 → A scores 64.0% ± 6.7 (95%)
A: attack/piece 0.640, 475 ms/move
B: attack/piece 0.554, 174 ms/move
mean game length 117 pieces per bot
