Warning: Ignoring extra certs from `/Users/etchee/code/MyriadRootCA.pem`, load failed: error:80000002:system library::No such file or directory
net:../training/models/rank_r2_c16.json@3,2 vs hard: 200 games on 5 workers, 2 pps, seed 1
game 1: A wins after 51/51 pieces, attack 39–27 — A 1–0 after 1 (30 s)
game 3: A wins after 57/57 pieces, attack 44–27 — A 2–0 after 2 (35 s)
game 2: A wins after 67/67 pieces, attack 45–27 — A 3–0 after 3 (50 s)
game 5: B wins after 37/36 pieces, attack 18–24 — A 3–1 after 4 (53 s)
game 0: A wins after 114/114 pieces, attack 93–72 — A 4–1 after 5 (72 s)
game 4: A wins after 123/123 pieces, attack 102–75 — A 5–1 after 6 (80 s)
game 7: B wins after 78/77 pieces, attack 57–64 — A 5–2 after 7 (104 s)
game 9: A wins after 48/48 pieces, attack 44–26 — A 6–2 after 8 (105 s)
game 8: B wins after 78/77 pieces, attack 40–41 — A 6–3 after 9 (112 s)
game 11: A wins after 32/32 pieces, attack 22–10 — A 7–3 after 10 (121 s)
game 10: B wins after 64/63 pieces, attack 41–34 — A 7–4 after 11 (128 s)
game 13: A wins after 28/28 pieces, attack 15–3 — A 8–4 after 12 (128 s)
game 14: A wins after 37/37 pieces, attack 22–14 — A 9–4 after 13 (147 s)
game 12: B wins after 77/76 pieces, attack 53–54 — A 9–5 after 14 (158 s)
game 15: B wins after 131/130 pieces, attack 70–68 — A 9–6 after 15 (230 s)
game 17: A wins after 168/168 pieces, attack 114–83 — A 10–6 after 16 (254 s)
game 19: A wins after 40/40 pieces, attack 26–17 — A 11–6 after 17 (257 s)
game 16: A wins after 184/184 pieces, attack 107–95 — A 12–6 after 18 (262 s)
game 20: A wins after 49/49 pieces, attack 33–19 — A 13–6 after 19 (280 s)
game 22: A wins after 79/79 pieces, attack 51–28 — A 14–6 after 20 (310 s)
game 6: B wins after 381/380 pieces, attack 247–232 — A 14–7 after 21 (313 s)
game 24: A wins after 33/33 pieces, attack 24–9 — A 15–7 after 22 (329 s)
game 25: A wins after 57/57 pieces, attack 37–19 — A 16–7 after 23 (344 s)
game 18: A wins after 298/298 pieces, attack 190–174 — A 17–7 after 24 (370 s)
game 28: A wins after 31/31 pieces, attack 22–7 — A 18–7 after 25 (386 s)
game 26: A wins after 100/100 pieces, attack 63–44 — A 19–7 after 26 (388 s)
game 23: A wins after 147/147 pieces, attack 89–69 — A 20–7 after 27 (388 s)
game 27: A wins after 78/78 pieces, attack 41–32 — A 21–7 after 28 (406 s)
game 21: A wins after 220/220 pieces, attack 160–132 — A 22–7 after 29 (408 s)
game 32: A wins after 36/36 pieces, attack 37–19 — A 23–7 after 30 (427 s)
game 33: A wins after 34/34 pieces, attack 19–11 — A 24–7 after 31 (428 s)
game 30: B wins after 82/81 pieces, attack 41–43 — A 24–8 after 32 (441 s)
game 35: A wins after 43/43 pieces, attack 29–16 — A 25–8 after 33 (456 s)
game 31: A wins after 122/122 pieces, attack 97–75 — A 26–8 after 34 (466 s)
game 29: B wins after 156/155 pieces, attack 87–83 — A 26–9 after 35 (497 s)
game 37: A wins after 77/77 pieces, attack 50–34 — A 27–9 after 36 (505 s)
game 38: A wins after 72/72 pieces, attack 49–31 — A 28–9 after 37 (508 s)
game 39: A wins after 34/34 pieces, attack 24–18 — A 29–9 after 38 (520 s)
game 41: A wins after 32/32 pieces, attack 23–8 — A 30–9 after 39 (526 s)
game 40: A wins after 42/42 pieces, attack 27–15 — A 31–9 after 40 (529 s)
game 42: A wins after 61/61 pieces, attack 64–41 — A 32–9 after 41 (562 s)
game 36: A wins after 193/193 pieces, attack 156–131 — A 33–9 after 42 (563 s)
game 34: A wins after 187/187 pieces, attack 123–102 — A 34–9 after 43 (567 s)
game 44: A wins after 56/56 pieces, attack 45–29 — A 35–9 after 44 (569 s)
game 46: B wins after 89/88 pieces, attack 54–56 — A 35–10 after 45 (617 s)
game 48: A wins after 90/90 pieces, attack 77–54 — A 36–10 after 46 (619 s)
game 47: A wins after 102/102 pieces, attack 53–40 — A 37–10 after 47 (638 s)
game 50: B wins after 53/52 pieces, attack 27–26 — A 37–11 after 48 (650 s)
game 52: B wins after 54/53 pieces, attack 38–45 — A 37–12 after 49 (685 s)
game 49: A wins after 123/123 pieces, attack 97–73 — A 38–12 after 50 (694 s)
game 45: A wins after 227/227 pieces, attack 142–116 — A 39–12 after 51 (724 s)
game 43: A wins after 314/314 pieces, attack 220–194 — A 40–12 after 52 (739 s)
game 54: B wins after 70/69 pieces, attack 43–46 — A 40–13 after 53 (744 s)
game 51: A wins after 175/175 pieces, attack 125–95 — A 41–13 after 54 (750 s)
game 57: A wins after 39/39 pieces, attack 26–14 — A 42–13 after 55 (766 s)
game 55: A wins after 79/79 pieces, attack 67–54 — A 43–13 after 56 (777 s)
game 58: A wins after 66/66 pieces, attack 53–38 — A 44–13 after 57 (793 s)
game 56: B wins after 89/88 pieces, attack 42–51 — A 44–14 after 58 (808 s)
game 62: A wins after 53/53 pieces, attack 44–24 — A 45–14 after 59 (843 s)
game 60: B wins after 96/95 pieces, attack 54–57 — A 45–15 after 60 (845 s)
game 53: A wins after 266/266 pieces, attack 219–171 — A 46–15 after 61 (870 s)
game 61: A wins after 134/134 pieces, attack 92–66 — A 47–15 after 62 (879 s)
game 66: A wins after 27/27 pieces, attack 20–8 — A 48–15 after 63 (895 s)
game 67: A wins after 41/41 pieces, attack 29–17 — A 49–15 after 64 (921 s)
game 65: B wins after 89/88 pieces, attack 51–51 — A 49–16 after 65 (926 s)
game 64: A wins after 135/135 pieces, attack 93–72 — A 50–16 after 66 (932 s)
game 70: A wins after 26/26 pieces, attack 20–12 — A 51–16 after 67 (951 s)
game 69: A wins after 46/46 pieces, attack 27–18 — A 52–16 after 68 (958 s)
game 72: A wins after 44/44 pieces, attack 30–11 — A 53–16 after 69 (983 s)
game 59: A wins after 329/329 pieces, attack 227–197 — A 54–16 after 70 (991 s)
game 71: B wins after 96/95 pieces, attack 63–66 — A 54–17 after 71 (1011 s)
game 74: B wins after 46/45 pieces, attack 26–31 — A 54–18 after 72 (1020 s)
game 76: B wins after 111/110 pieces, attack 67–72 — A 54–19 after 73 (1099 s)
game 73: B wins after 148/147 pieces, attack 89–88 — A 54–20 after 74 (1102 s)
game 68: A wins after 247/247 pieces, attack 162–141 — A 55–20 after 75 (1106 s)
game 75: A wins after 133/133 pieces, attack 92–69 — A 56–20 after 76 (1109 s)
game 78: A wins after 29/29 pieces, attack 30–15 — A 57–20 after 77 (1119 s)
game 79: A wins after 79/79 pieces, attack 55–37 — A 58–20 after 78 (1151 s)
game 63: A wins after 467/467 pieces, attack 286–257 — A 59–20 after 79 (1181 s)
game 77: A wins after 127/127 pieces, attack 89–84 — A 60–20 after 80 (1195 s)
game 80: A wins after 152/152 pieces, attack 115–87 — A 61–20 after 81 (1218 s)
game 82: A wins after 122/122 pieces, attack 89–63 — A 62–20 after 82 (1227 s)
game 81: A wins after 173/173 pieces, attack 147–118 — A 63–20 after 83 (1239 s)
game 85: A wins after 52/52 pieces, attack 39–23 — A 64–20 after 84 (1251 s)
game 83: A wins after 127/127 pieces, attack 99–75 — A 65–20 after 85 (1262 s)
game 88: A wins after 61/61 pieces, attack 44–31 — A 66–20 after 86 (1289 s)
game 89: A wins after 54/54 pieces, attack 47–33 — A 67–20 after 87 (1292 s)
game 87: B wins after 110/109 pieces, attack 50–64 — A 67–21 after 88 (1320 s)
game 91: A wins after 68/68 pieces, attack 40–22 — A 68–21 after 89 (1330 s)
game 84: A wins after 230/230 pieces, attack 163–127 — A 69–21 after 90 (1342 s)
game 92: B wins after 51/50 pieces, attack 18–29 — A 69–22 after 91 (1354 s)
game 93: A wins after 42/42 pieces, attack 24–12 — A 70–22 after 92 (1357 s)
game 86: B wins after 220/219 pieces, attack 147–135 — A 70–23 after 93 (1359 s)
game 94: A wins after 37/37 pieces, attack 22–11 — A 71–23 after 94 (1362 s)
game 98: A wins after 40/40 pieces, attack 35–18 — A 72–23 after 95 (1388 s)
game 96: A wins after 49/49 pieces, attack 40–29 — A 73–23 after 96 (1390 s)
game 95: B wins after 78/77 pieces, attack 60–68 — A 73–24 after 97 (1407 s)
game 97: A wins after 114/114 pieces, attack 85–57 — A 74–24 after 98 (1424 s)
game 99: A wins after 66/66 pieces, attack 48–27 — A 75–24 after 99 (1427 s)
game 90: B wins after 219/218 pieces, attack 152–133 — A 75–25 after 100 (1438 s)
game 103: A wins after 35/35 pieces, attack 27–13 — A 76–25 after 101 (1448 s)
game 102: A wins after 49/49 pieces, attack 42–26 — A 77–25 after 102 (1455 s)
game 101: B wins after 80/79 pieces, attack 52–51 — A 77–26 after 103 (1460 s)
game 104: B wins after 98/97 pieces, attack 61–67 — A 77–27 after 104 (1503 s)
game 100: A wins after 175/175 pieces, attack 140–129 — A 78–27 after 105 (1504 s)
game 105: B wins after 80/79 pieces, attack 42–42 — A 78–28 after 106 (1505 s)
game 109: A wins after 55/55 pieces, attack 36–21 — A 79–28 after 107 (1538 s)
game 108: A wins after 62/62 pieces, attack 48–30 — A 80–28 after 108 (1542 s)
game 106: A wins after 135/135 pieces, attack 83–75 — A 81–28 after 109 (1553 s)
game 110: A wins after 85/85 pieces, attack 54–35 — A 82–28 after 110 (1557 s)
game 111: A wins after 45/45 pieces, attack 31–13 — A 83–28 after 111 (1570 s)
game 112: A wins after 46/46 pieces, attack 33–21 — A 84–28 after 112 (1571 s)
game 107: A wins after 176/176 pieces, attack 141–107 — A 85–28 after 113 (1585 s)
game 113: A wins after 62/62 pieces, attack 42–23 — A 86–28 after 114 (1589 s)
game 116: A wins after 67/67 pieces, attack 40–27 — A 87–28 after 115 (1612 s)
game 118: B wins after 82/81 pieces, attack 45–52 — A 87–29 after 116 (1643 s)
game 115: B wins after 127/126 pieces, attack 80–84 — A 87–30 after 117 (1668 s)
game 114: A wins after 203/203 pieces, attack 142–102 — A 88–30 after 118 (1677 s)
game 117: A wins after 163/163 pieces, attack 139–100 — A 89–30 after 119 (1682 s)
game 119: A wins after 186/186 pieces, attack 129–110 — A 90–30 after 120 (1728 s)
game 120: B wins after 185/184 pieces, attack 122–122 — A 90–31 after 121 (1782 s)
game 122: A wins after 183/183 pieces, attack 129–108 — A 91–31 after 122 (1815 s)
game 121: A wins after 220/220 pieces, attack 144–124 — A 92–31 after 123 (1827 s)
game 124: A wins after 197/197 pieces, attack 142–96 — A 93–31 after 124 (1864 s)
game 123: A wins after 253/253 pieces, attack 182–152 — A 94–31 after 125 (1869 s)
game 125: A wins after 134/134 pieces, attack 79–64 — A 95–31 after 126 (1883 s)
game 129: A wins after 38/38 pieces, attack 30–16 — A 96–31 after 127 (1893 s)
game 128: B wins after 48/47 pieces, attack 28–34 — A 96–32 after 128 (1897 s)
game 130: A wins after 69/69 pieces, attack 52–43 — A 97–32 after 129 (1932 s)
game 132: A wins after 56/56 pieces, attack 37–20 — A 98–32 after 130 (1938 s)
game 134: A wins after 35/35 pieces, attack 17–8 — A 99–32 after 131 (1959 s)
game 131: B wins after 125/124 pieces, attack 87–87 — A 99–33 after 132 (1979 s)
game 133: B wins after 79/78 pieces, attack 34–41 — A 99–34 after 133 (1984 s)
game 127: A wins after 252/252 pieces, attack 199–176 — A 100–34 after 134 (2010 s)
game 126: A wins after 302/302 pieces, attack 237–194 — A 101–34 after 135 (2010 s)
game 137: B wins after 52/51 pieces, attack 33–39 — A 101–35 after 136 (2020 s)
game 136: A wins after 70/70 pieces, attack 62–39 — A 102–35 after 137 (2022 s)
game 139: A wins after 34/34 pieces, attack 27–9 — A 103–35 after 138 (2029 s)
game 142: B wins after 31/30 pieces, attack 7–19 — A 103–36 after 139 (2050 s)
game 138: A wins after 72/72 pieces, attack 45–35 — A 104–36 after 140 (2057 s)
game 135: A wins after 244/244 pieces, attack 131–128 — A 105–36 after 141 (2128 s)
game 140: A wins after 188/188 pieces, attack 136–104 — A 106–36 after 142 (2139 s)
game 143: A wins after 126/126 pieces, attack 92–68 — A 107–36 after 143 (2141 s)
game 145: A wins after 55/55 pieces, attack 43–27 — A 108–36 after 144 (2164 s)
game 147: B wins after 55/54 pieces, attack 39–35 — A 108–37 after 145 (2175 s)
game 146: B wins after 57/56 pieces, attack 25–30 — A 108–38 after 146 (2178 s)
game 148: A wins after 56/56 pieces, attack 44–28 — A 109–38 after 147 (2196 s)
game 151: A wins after 67/67 pieces, attack 40–27 — A 110–38 after 148 (2238 s)
game 144: A wins after 285/285 pieces, attack 228–197 — A 111–38 after 149 (2244 s)
game 141: A wins after 436/436 pieces, attack 304–258 — A 112–38 after 150 (2307 s)
game 154: A wins after 25/25 pieces, attack 11–4 — A 113–38 after 151 (2322 s)
game 153: B wins after 111/110 pieces, attack 55–50 — A 113–39 after 152 (2328 s)
game 155: A wins after 39/39 pieces, attack 24–21 — A 114–39 after 153 (2348 s)
game 157: A wins after 16/16 pieces, attack 13–0 — A 115–39 after 154 (2355 s)
game 152: B wins after 175/174 pieces, attack 98–108 — A 115–40 after 155 (2356 s)
game 156: A wins after 57/57 pieces, attack 42–24 — A 116–40 after 156 (2361 s)
game 150: A wins after 334/334 pieces, attack 288–232 — A 117–40 after 157 (2380 s)
game 160: B wins after 59/58 pieces, attack 39–51 — A 117–41 after 158 (2402 s)
game 159: B wins after 113/112 pieces, attack 84–87 — A 117–42 after 159 (2430 s)
game 161: A wins after 144/144 pieces, attack 93–67 — A 118–42 after 160 (2473 s)
game 163: A wins after 70/70 pieces, attack 45–23 — A 119–42 after 161 (2479 s)
game 164: A wins after 48/48 pieces, attack 35–21 — A 120–42 after 162 (2502 s)
game 149: A wins after 544/544 pieces, attack 352–309 — A 121–42 after 163 (2534 s)
game 162: A wins after 273/273 pieces, attack 203–178 — A 122–42 after 164 (2575 s)
game 158: A wins after 381/381 pieces, attack 277–236 — A 123–42 after 165 (2594 s)
game 166: B wins after 144/143 pieces, attack 86–91 — A 123–43 after 166 (2600 s)
game 167: A wins after 107/107 pieces, attack 92–72 — A 124–43 after 167 (2607 s)
game 169: A wins after 53/53 pieces, attack 42–28 — A 125–43 after 168 (2625 s)
game 170: A wins after 45/45 pieces, attack 37–17 — A 126–43 after 169 (2628 s)
game 168: A wins after 92/92 pieces, attack 59–44 — A 127–43 after 170 (2634 s)
game 172: A wins after 51/51 pieces, attack 36–27 — A 128–43 after 171 (2658 s)
game 171: A wins after 115/115 pieces, attack 77–62 — A 129–43 after 172 (2674 s)
game 175: A wins after 36/36 pieces, attack 26–14 — A 130–43 after 173 (2680 s)
game 174: B wins after 63/62 pieces, attack 23–33 — A 130–44 after 174 (2680 s)
game 176: B wins after 57/56 pieces, attack 27–35 — A 130–45 after 175 (2710 s)
game 165: A wins after 355/355 pieces, attack 225–189 — A 131–45 after 176 (2723 s)
game 179: A wins after 43/43 pieces, attack 41–23 — A 132–45 after 177 (2733 s)
game 177: A wins after 89/89 pieces, attack 69–58 — A 133–45 after 178 (2737 s)
game 178: A wins after 115/115 pieces, attack 84–64 — A 134–45 after 179 (2750 s)
game 182: A wins after 38/38 pieces, attack 20–6 — A 135–45 after 180 (2757 s)
game 181: A wins after 50/50 pieces, attack 35–22 — A 136–45 after 181 (2759 s)
game 183: A wins after 43/43 pieces, attack 28–13 — A 137–45 after 182 (2773 s)
game 185: A wins after 26/26 pieces, attack 18–7 — A 138–45 after 183 (2773 s)
game 173: A wins after 296/296 pieces, attack 191–158 — A 139–45 after 184 (2819 s)
game 180: B wins after 143/142 pieces, attack 69–76 — A 139–46 after 185 (2830 s)
game 189: A wins after 23/23 pieces, attack 22–12 — A 140–46 after 186 (2842 s)
game 187: A wins after 141/141 pieces, attack 110–77 — A 141–46 after 187 (2860 s)
game 188: A wins after 97/97 pieces, attack 68–43 — A 142–46 after 188 (2875 s)
game 190: A wins after 99/99 pieces, attack 62–43 — A 143–46 after 189 (2903 s)
game 186: A wins after 231/231 pieces, attack 136–103 — A 144–46 after 190 (2922 s)
game 192: A wins after 87/87 pieces, attack 63–51 — A 145–46 after 191 (2931 s)
game 194: A wins after 62/62 pieces, attack 34–20 — A 146–46 after 192 (2960 s)
game 184: A wins after 353/353 pieces, attack 228–183 — A 147–46 after 193 (2983 s)
game 197: B wins after 26/25 pieces, attack 14–24 — A 147–47 after 194 (3000 s)
game 191: A wins after 210/210 pieces, attack 161–141 — A 148–47 after 195 (3000 s)
game 198: A wins after 27/27 pieces, attack 22–9 — A 149–47 after 196 (3015 s)
game 196: B wins after 78/77 pieces, attack 37–50 — A 149–48 after 197 (3016 s)
game 195: A wins after 164/164 pieces, attack 124–84 — A 150–48 after 198 (3032 s)
game 199: B wins after 77/76 pieces, attack 51–44 — A 150–49 after 199 (3049 s)
game 193: B wins after 235/234 pieces, attack 137–147 — A 150–50 after 200 (3054 s)

A = net:../training/models/rank_r2_c16.json@3,2
B = hard
200 games: A won 150, lost 50, drew 0 → A scores 75.0% ± 6.0 (95%)
A: attack/piece 0.683, 483 ms/move
B: attack/piece 0.560, 182 ms/move
mean game length 114 pieces per bot
