Warning: Ignoring extra certs from `/Users/etchee/code/MyriadRootCA.pem`, load failed: error:80000002:system library::No such file or directory
net:../training/models/surv_c16.json@3,2 vs hard: 200 games on 5 workers, 2 pps, seed 1
game 1: A wins after 33/33 pieces, attack 21–13 — A 1–0 after 1 (18 s)
game 2: B wins after 109/108 pieces, attack 45–48 — A 1–1 after 2 (73 s)
game 0: B wins after 123/122 pieces, attack 58–67 — A 1–2 after 3 (82 s)
game 7: A wins after 27/27 pieces, attack 16–6 — A 2–2 after 4 (97 s)
game 4: A wins after 203/203 pieces, attack 114–89 — A 3–2 after 5 (140 s)
game 6: A wins after 217/217 pieces, attack 152–129 — A 4–2 after 6 (203 s)
game 5: A wins after 296/296 pieces, attack 200–187 — A 5–2 after 7 (205 s)
game 9: B wins after 100/99 pieces, attack 33–50 — A 5–3 after 8 (212 s)
game 11: A wins after 33/33 pieces, attack 30–13 — A 6–3 after 9 (223 s)
game 13: A wins after 24/24 pieces, attack 20–3 — A 7–3 after 10 (235 s)
game 14: A wins after 42/42 pieces, attack 40–26 — A 8–3 after 11 (264 s)
game 3: A wins after 420/420 pieces, attack 283–236 — A 9–3 after 12 (264 s)
game 12: B wins after 91/90 pieces, attack 51–66 — A 9–4 after 13 (268 s)
game 15: A wins after 36/36 pieces, attack 25–11 — A 10–4 after 14 (281 s)
game 18: A wins after 63/63 pieces, attack 41–24 — A 11–4 after 15 (316 s)
game 17: A wins after 147/147 pieces, attack 103–82 — A 12–4 after 16 (354 s)
game 8: B wins after 417/416 pieces, attack 243–233 — A 12–5 after 17 (371 s)
game 19: A wins after 109/109 pieces, attack 73–56 — A 13–5 after 18 (375 s)
game 16: A wins after 207/207 pieces, attack 134–115 — A 14–5 after 19 (397 s)
game 20: B wins after 72/71 pieces, attack 46–40 — A 14–6 after 20 (399 s)
game 21: A wins after 100/100 pieces, attack 62–46 — A 15–6 after 21 (425 s)
game 24: A wins after 53/53 pieces, attack 38–28 — A 16–6 after 22 (430 s)
game 10: A wins after 378/378 pieces, attack 208–188 — A 17–6 after 23 (441 s)
game 26: A wins after 33/33 pieces, attack 23–12 — A 18–6 after 24 (447 s)
game 28: A wins after 27/27 pieces, attack 20–8 — A 19–6 after 25 (463 s)
game 25: A wins after 128/128 pieces, attack 81–61 — A 20–6 after 26 (503 s)
game 27: B wins after 159/158 pieces, attack 98–89 — A 20–7 after 27 (530 s)
game 29: A wins after 152/152 pieces, attack 102–83 — A 21–7 after 28 (554 s)
game 31: B wins after 59/58 pieces, attack 32–45 — A 21–8 after 29 (566 s)
game 22: A wins after 315/315 pieces, attack 194–179 — A 22–8 after 30 (575 s)
game 33: A wins after 110/110 pieces, attack 81–59 — A 23–8 after 31 (626 s)
game 30: A wins after 218/218 pieces, attack 135–127 — A 24–8 after 32 (637 s)
game 23: B wins after 373/372 pieces, attack 225–235 — A 24–9 after 33 (647 s)
game 36: A wins after 38/38 pieces, attack 27–8 — A 25–9 after 34 (656 s)
game 38: A wins after 18/18 pieces, attack 19–5 — A 26–9 after 35 (666 s)
game 37: A wins after 32/32 pieces, attack 15–7 — A 27–9 after 36 (666 s)
game 32: A wins after 199/199 pieces, attack 112–106 — A 28–9 after 37 (680 s)
game 41: A wins after 25/25 pieces, attack 20–4 — A 29–9 after 38 (695 s)
game 39: B wins after 58/57 pieces, attack 25–36 — A 29–10 after 39 (705 s)
game 42: A wins after 47/47 pieces, attack 25–18 — A 30–10 after 40 (725 s)
game 40: A wins after 128/128 pieces, attack 82–64 — A 31–10 after 41 (745 s)
game 34: A wins after 270/270 pieces, attack 188–160 — A 32–10 after 42 (745 s)
game 46: A wins after 27/27 pieces, attack 18–8 — A 33–10 after 43 (758 s)
game 44: A wins after 71/71 pieces, attack 56–49 — A 34–10 after 44 (763 s)
game 43: A wins after 112/112 pieces, attack 79–68 — A 35–10 after 45 (772 s)
game 45: B wins after 75/74 pieces, attack 42–44 — A 35–11 after 46 (792 s)
game 35: A wins after 331/331 pieces, attack 222–201 — A 36–11 after 47 (822 s)
game 49: A wins after 98/98 pieces, attack 77–60 — A 37–11 after 48 (830 s)
game 51: A wins after 25/25 pieces, attack 10–2 — A 38–11 after 49 (835 s)
game 53: A wins after 37/37 pieces, attack 25–13 — A 39–11 after 50 (857 s)
game 50: A wins after 121/121 pieces, attack 73–55 — A 40–11 after 51 (864 s)
game 52: B wins after 73/72 pieces, attack 31–34 — A 40–12 after 52 (876 s)
game 47: B wins after 212/211 pieces, attack 146–141 — A 40–13 after 53 (895 s)
game 55: A wins after 70/70 pieces, attack 68–42 — A 41–13 after 54 (906 s)
game 54: A wins after 94/94 pieces, attack 68–58 — A 42–13 after 55 (914 s)
game 56: A wins after 118/118 pieces, attack 82–56 — A 43–13 after 56 (949 s)
game 48: A wins after 309/309 pieces, attack 172–159 — A 44–13 after 57 (962 s)
game 60: A wins after 93/93 pieces, attack 69–47 — A 45–13 after 58 (1000 s)
game 58: A wins after 303/303 pieces, attack 208–179 — A 46–13 after 59 (1085 s)
game 62: A wins after 193/193 pieces, attack 120–114 — A 47–13 after 60 (1113 s)
game 59: A wins after 359/359 pieces, attack 211–193 — A 48–13 after 61 (1131 s)
game 65: A wins after 35/35 pieces, attack 23–7 — A 49–13 after 62 (1148 s)
game 57: B wins after 433/432 pieces, attack 255–254 — A 49–14 after 63 (1173 s)
game 67: A wins after 49/49 pieces, attack 33–16 — A 50–14 after 64 (1201 s)
game 61: A wins after 408/408 pieces, attack 260–229 — A 51–14 after 65 (1236 s)
game 64: B wins after 199/198 pieces, attack 118–130 — A 51–15 after 66 (1239 s)
game 68: A wins after 68/68 pieces, attack 43–26 — A 52–15 after 67 (1241 s)
game 70: A wins after 75/75 pieces, attack 54–44 — A 53–15 after 68 (1289 s)
game 63: B wins after 344/343 pieces, attack 223–218 — A 53–16 after 69 (1295 s)
game 72: A wins after 35/35 pieces, attack 24–12 — A 54–16 after 70 (1307 s)
game 69: B wins after 108/107 pieces, attack 54–56 — A 54–17 after 71 (1312 s)
game 74: A wins after 30/30 pieces, attack 21–8 — A 55–17 after 72 (1322 s)
game 71: A wins after 176/176 pieces, attack 113–91 — A 56–17 after 73 (1345 s)
game 75: A wins after 180/180 pieces, attack 115–93 — A 57–17 after 74 (1419 s)
game 78: A wins after 31/31 pieces, attack 24–16 — A 58–17 after 75 (1438 s)
game 66: A wins after 547/547 pieces, attack 340–308 — A 59–17 after 76 (1477 s)
game 79: A wins after 95/95 pieces, attack 63–40 — A 60–17 after 77 (1493 s)
game 76: B wins after 420/419 pieces, attack 261–250 — A 60–18 after 78 (1579 s)
game 77: A wins after 388/388 pieces, attack 244–210 — A 61–18 after 79 (1591 s)
game 83: A wins after 102/102 pieces, attack 82–66 — A 62–18 after 80 (1655 s)
game 80: A wins after 290/290 pieces, attack 171–151 — A 63–18 after 81 (1666 s)
game 73: A wins after 573/573 pieces, attack 396–358 — A 64–18 after 82 (1673 s)
game 82: A wins after 199/199 pieces, attack 158–139 — A 65–18 after 83 (1703 s)
game 85: B wins after 65/64 pieces, attack 39–36 — A 65–19 after 84 (1705 s)
game 87: A wins after 24/24 pieces, attack 19–7 — A 66–19 after 85 (1717 s)
game 86: A wins after 124/124 pieces, attack 78–60 — A 67–19 after 86 (1746 s)
game 89: A wins after 72/72 pieces, attack 58–40 — A 68–19 after 87 (1755 s)
game 84: A wins after 178/178 pieces, attack 139–123 — A 69–19 after 88 (1757 s)
game 92: A wins after 68/68 pieces, attack 37–22 — A 70–19 after 89 (1793 s)
game 88: A wins after 147/147 pieces, attack 119–102 — A 71–19 after 90 (1800 s)
game 91: A wins after 201/201 pieces, attack 132–125 — A 72–19 after 91 (1884 s)
game 81: A wins after 630/630 pieces, attack 413–357 — A 73–19 after 92 (1894 s)
game 93: B wins after 163/162 pieces, attack 78–83 — A 73–20 after 93 (1908 s)
game 96: A wins after 83/83 pieces, attack 43–43 — A 74–20 after 94 (1950 s)
game 95: B wins after 125/124 pieces, attack 64–67 — A 74–21 after 95 (1962 s)
game 99: A wins after 48/48 pieces, attack 40–19 — A 75–21 after 96 (1989 s)
game 100: B wins after 58/57 pieces, attack 34–44 — A 75–22 after 97 (2020 s)
game 97: A wins after 209/209 pieces, attack 138–118 — A 76–22 after 98 (2033 s)
game 94: A wins after 374/374 pieces, attack 284–257 — A 77–22 after 99 (2034 s)
game 98: A wins after 146/146 pieces, attack 93–81 — A 78–22 after 100 (2043 s)
game 103: A wins after 37/37 pieces, attack 32–19 — A 79–22 after 101 (2053 s)
game 101: A wins after 67/67 pieces, attack 55–40 — A 80–22 after 102 (2062 s)
game 102: A wins after 58/58 pieces, attack 53–35 — A 81–22 after 103 (2064 s)
game 90: A wins after 597/597 pieces, attack 413–364 — A 82–22 after 104 (2101 s)
game 107: A wins after 77/77 pieces, attack 60–37 — A 83–22 after 105 (2111 s)
game 105: A wins after 113/113 pieces, attack 76–54 — A 84–22 after 106 (2122 s)
game 109: A wins after 52/52 pieces, attack 32–21 — A 85–22 after 107 (2139 s)
game 108: A wins after 138/138 pieces, attack 105–78 — A 86–22 after 108 (2192 s)
game 112: B wins after 61/60 pieces, attack 34–44 — A 86–23 after 109 (2232 s)
game 110: B wins after 164/163 pieces, attack 79–93 — A 86–24 after 110 (2248 s)
game 111: A wins after 188/188 pieces, attack 133–122 — A 87–24 after 111 (2261 s)
game 113: A wins after 84/84 pieces, attack 59–44 — A 88–24 after 112 (2284 s)
game 114: B wins after 77/76 pieces, attack 38–41 — A 88–25 after 113 (2295 s)
game 116: A wins after 52/52 pieces, attack 32–22 — A 89–25 after 114 (2313 s)
game 117: A wins after 37/37 pieces, attack 24–14 — A 90–25 after 115 (2316 s)
game 104: B wins after 445/444 pieces, attack 281–283 — A 90–26 after 116 (2323 s)
game 120: A wins after 31/31 pieces, attack 21–10 — A 91–26 after 117 (2340 s)
game 119: A wins after 59/59 pieces, attack 43–30 — A 92–26 after 118 (2350 s)
game 122: A wins after 43/43 pieces, attack 31–17 — A 93–26 after 119 (2378 s)
game 106: A wins after 518/518 pieces, attack 322–303 — A 94–26 after 120 (2390 s)
game 124: A wins after 22/22 pieces, attack 19–5 — A 95–26 after 121 (2400 s)
game 118: A wins after 162/162 pieces, attack 107–75 — A 96–26 after 122 (2404 s)
game 125: A wins after 48/48 pieces, attack 31–18 — A 97–26 after 123 (2424 s)
game 123: A wins after 140/140 pieces, attack 100–84 — A 98–26 after 124 (2463 s)
game 121: B wins after 242/241 pieces, attack 163–132 — A 98–27 after 125 (2494 s)
game 127: A wins after 135/135 pieces, attack 113–80 — A 99–27 after 126 (2500 s)
game 115: B wins after 445/444 pieces, attack 289–264 — A 99–28 after 127 (2532 s)
game 129: B wins after 81/80 pieces, attack 49–59 — A 99–29 after 128 (2550 s)
game 128: A wins after 266/266 pieces, attack 184–171 — A 100–29 after 129 (2631 s)
game 126: A wins after 358/358 pieces, attack 237–215 — A 101–29 after 130 (2639 s)
game 132: A wins after 146/146 pieces, attack 87–69 — A 102–29 after 131 (2646 s)
game 133: A wins after 29/29 pieces, attack 17–8 — A 103–29 after 132 (2646 s)
game 136: A wins after 34/34 pieces, attack 27–15 — A 104–29 after 133 (2665 s)
game 134: B wins after 46/45 pieces, attack 23–35 — A 104–30 after 134 (2671 s)
game 137: B wins after 34/33 pieces, attack 15–23 — A 104–31 after 135 (2684 s)
game 139: A wins after 102/102 pieces, attack 82–54 — A 105–31 after 136 (2741 s)
game 131: A wins after 369/369 pieces, attack 228–201 — A 106–31 after 137 (2753 s)
game 138: A wins after 245/245 pieces, attack 173–147 — A 107–31 after 138 (2824 s)
game 141: B wins after 193/192 pieces, attack 116–114 — A 107–32 after 139 (2866 s)
game 135: A wins after 382/382 pieces, attack 265–246 — A 108–32 after 140 (2890 s)
game 142: B wins after 109/108 pieces, attack 62–72 — A 108–33 after 141 (2900 s)
game 144: A wins after 40/40 pieces, attack 27–13 — A 109–33 after 142 (2912 s)
game 130: A wins after 737/737 pieces, attack 524–475 — A 110–33 after 143 (2967 s)
game 146: A wins after 151/151 pieces, attack 77–76 — A 111–33 after 144 (3015 s)
game 148: A wins after 31/31 pieces, attack 20–7 — A 112–33 after 145 (3032 s)
game 140: B wins after 533/532 pieces, attack 359–345 — A 112–34 after 146 (3071 s)
game 143: B wins after 353/352 pieces, attack 220–214 — A 112–35 after 147 (3075 s)
game 149: A wins after 113/113 pieces, attack 76–59 — A 113–35 after 148 (3103 s)
game 147: A wins after 258/258 pieces, attack 143–114 — A 114–35 after 149 (3127 s)
game 153: A wins after 42/42 pieces, attack 27–12 — A 115–35 after 150 (3149 s)
game 150: A wins after 155/155 pieces, attack 101–87 — A 116–35 after 151 (3157 s)
game 145: A wins after 452/452 pieces, attack 296–254 — A 117–35 after 152 (3192 s)
game 152: A wins after 155/155 pieces, attack 126–99 — A 118–35 after 153 (3198 s)
game 157: A wins after 23/23 pieces, attack 15–5 — A 119–35 after 154 (3210 s)
game 154: A wins after 149/149 pieces, attack 125–92 — A 120–35 after 155 (3230 s)
game 159: A wins after 54/54 pieces, attack 44–31 — A 121–35 after 156 (3279 s)
game 158: B wins after 108/107 pieces, attack 50–56 — A 121–36 after 157 (3304 s)
game 155: A wins after 231/231 pieces, attack 163–125 — A 122–36 after 158 (3317 s)
game 161: B wins after 98/97 pieces, attack 54–58 — A 122–37 after 159 (3368 s)
game 163: A wins after 42/42 pieces, attack 32–14 — A 123–37 after 160 (3390 s)
game 160: A wins after 169/169 pieces, attack 114–105 — A 124–37 after 161 (3391 s)
game 165: A wins after 49/49 pieces, attack 29–17 — A 125–37 after 162 (3419 s)
game 162: A wins after 288/288 pieces, attack 184–146 — A 126–37 after 163 (3487 s)
game 166: A wins after 122/122 pieces, attack 74–56 — A 127–37 after 164 (3488 s)
game 156: B wins after 451/450 pieces, attack 317–295 — A 127–38 after 165 (3501 s)
game 151: A wins after 645/645 pieces, attack 377–348 — A 128–38 after 166 (3512 s)
game 167: A wins after 73/73 pieces, attack 57–39 — A 129–38 after 167 (3523 s)
game 171: A wins after 149/149 pieces, attack 87–75 — A 130–38 after 168 (3621 s)
game 170: A wins after 189/189 pieces, attack 119–99 — A 131–38 after 169 (3628 s)
game 173: A wins after 48/48 pieces, attack 36–21 — A 132–38 after 170 (3656 s)
game 168: B wins after 274/273 pieces, attack 178–180 — A 132–39 after 171 (3660 s)
game 169: A wins after 235/235 pieces, attack 134–116 — A 133–39 after 172 (3673 s)
game 176: B wins after 52/51 pieces, attack 19–34 — A 133–40 after 173 (3709 s)
game 174: A wins after 98/98 pieces, attack 72–59 — A 134–40 after 174 (3717 s)
game 177: B wins after 86/85 pieces, attack 58–53 — A 134–41 after 175 (3762 s)
game 175: A wins after 154/154 pieces, attack 116–101 — A 135–41 after 176 (3766 s)
game 178: A wins after 100/100 pieces, attack 59–58 — A 136–41 after 177 (3786 s)
game 179: A wins after 42/42 pieces, attack 36–17 — A 137–41 after 178 (3787 s)
game 180: A wins after 54/54 pieces, attack 30–16 — A 138–41 after 179 (3802 s)
game 182: A wins after 77/77 pieces, attack 56–40 — A 139–41 after 180 (3837 s)
game 183: A wins after 114/114 pieces, attack 79–61 — A 140–41 after 181 (3881 s)
game 184: A wins after 110/110 pieces, attack 63–44 — A 141–41 after 182 (3911 s)
game 172: A wins after 464/464 pieces, attack 262–239 — A 142–41 after 183 (3930 s)
game 164: A wins after 823/823 pieces, attack 554–491 — A 143–41 after 184 (3938 s)
game 185: A wins after 102/102 pieces, attack 86–69 — A 144–41 after 185 (3939 s)
game 181: B wins after 237/236 pieces, attack 119–124 — A 144–42 after 186 (3963 s)
game 188: A wins after 64/64 pieces, attack 40–22 — A 145–42 after 187 (3979 s)
game 187: A wins after 87/87 pieces, attack 64–49 — A 146–42 after 188 (3983 s)
game 191: A wins after 54/54 pieces, attack 35–22 — A 147–42 after 189 (4011 s)
game 186: A wins after 161/161 pieces, attack 103–78 — A 148–42 after 190 (4014 s)
game 192: B wins after 47/46 pieces, attack 24–35 — A 148–43 after 191 (4015 s)
game 193: A wins after 68/68 pieces, attack 47–35 — A 149–43 after 192 (4054 s)
game 195: A wins after 94/94 pieces, attack 70–52 — A 150–43 after 193 (4077 s)
game 189: A wins after 355/355 pieces, attack 238–193 — A 151–43 after 194 (4161 s)
game 197: A wins after 179/179 pieces, attack 126–111 — A 152–43 after 195 (4176 s)
game 190: A wins after 373/373 pieces, attack 261–223 — A 153–43 after 196 (4186 s)
game 194: A wins after 297/297 pieces, attack 200–165 — A 154–43 after 197 (4188 s)
game 199: A wins after 37/37 pieces, attack 26–13 — A 155–43 after 198 (4199 s)
game 198: B wins after 131/130 pieces, attack 73–88 — A 155–44 after 199 (4232 s)
game 196: B wins after 361/360 pieces, attack 222–223 — A 155–45 after 200 (4275 s)

A = net:../training/models/surv_c16.json@3,2
B = hard
200 games: A won 155, lost 45, drew 0 → A scores 77.5% ± 5.8 (95%)
A: attack/piece 0.649, 447 ms/move
B: attack/piece 0.566, 180 ms/move
mean game length 168 pieces per bot
