Warning: Ignoring extra certs from `/Users/etchee/code/MyriadRootCA.pem`, load failed: error:80000002:system library::No such file or directory
net:../training/models/rank_r1_c16.json@3,2 vs hard: 200 games on 5 workers, 2 pps, seed 1
game 0: A wins after 54/54 pieces, attack 34–23 — A 1–0 after 1 (31 s)
game 4: A wins after 84/84 pieces, attack 69–49 — A 2–0 after 2 (47 s)
game 2: A wins after 112/112 pieces, attack 79–75 — A 3–0 after 3 (77 s)
game 3: B wins after 113/112 pieces, attack 68–64 — A 3–1 after 4 (78 s)
game 1: B wins after 179/178 pieces, attack 128–99 — A 3–2 after 5 (126 s)
game 6: B wins after 126/125 pieces, attack 84–78 — A 3–3 after 6 (140 s)
game 5: B wins after 144/143 pieces, attack 71–85 — A 3–4 after 7 (140 s)
game 8: A wins after 129/129 pieces, attack 101–84 — A 4–4 after 8 (160 s)
game 9: B wins after 71/70 pieces, attack 39–49 — A 4–5 after 9 (173 s)
game 12: A wins after 26/26 pieces, attack 16–5 — A 5–5 after 10 (175 s)
game 7: A wins after 184/184 pieces, attack 115–95 — A 6–5 after 11 (197 s)
game 10: B wins after 105/104 pieces, attack 71–77 — A 6–6 after 12 (214 s)
game 13: B wins after 119/118 pieces, attack 87–72 — A 6–7 after 13 (247 s)
game 17: B wins after 69/68 pieces, attack 37–47 — A 6–8 after 14 (287 s)
game 14: B wins after 151/150 pieces, attack 70–72 — A 6–9 after 15 (290 s)
game 15: A wins after 178/178 pieces, attack 107–97 — A 7–9 after 16 (325 s)
game 11: A wins after 299/299 pieces, attack 244–206 — A 8–9 after 17 (331 s)
game 18: B wins after 85/84 pieces, attack 58–60 — A 8–10 after 18 (340 s)
game 19: B wins after 120/119 pieces, attack 81–77 — A 8–11 after 19 (374 s)
game 21: B wins after 79/78 pieces, attack 48–52 — A 8–12 after 20 (377 s)
game 22: A wins after 66/66 pieces, attack 53–38 — A 9–12 after 21 (380 s)
game 23: A wins after 73/73 pieces, attack 65–46 — A 10–12 after 22 (416 s)
game 16: B wins after 369/368 pieces, attack 235–208 — A 10–13 after 23 (468 s)
game 24: A wins after 201/201 pieces, attack 141–115 — A 11–13 after 24 (507 s)
game 26: A wins after 190/190 pieces, attack 146–123 — A 12–13 after 25 (537 s)
game 27: B wins after 115/114 pieces, attack 56–54 — A 12–14 after 26 (551 s)
game 25: A wins after 287/287 pieces, attack 209–170 — A 13–14 after 27 (559 s)
game 29: A wins after 41/41 pieces, attack 38–24 — A 14–14 after 28 (562 s)
game 32: A wins after 40/40 pieces, attack 25–14 — A 15–14 after 29 (583 s)
game 30: A wins after 58/58 pieces, attack 36–17 — A 16–14 after 30 (584 s)
game 31: A wins after 170/170 pieces, attack 117–83 — A 17–14 after 31 (660 s)
game 20: A wins after 529/529 pieces, attack 390–347 — A 18–14 after 32 (672 s)
game 35: B wins after 60/59 pieces, attack 29–34 — A 18–15 after 33 (694 s)
game 28: B wins after 300/299 pieces, attack 152–169 — A 18–16 after 34 (712 s)
game 34: B wins after 210/209 pieces, attack 114–116 — A 18–17 after 35 (734 s)
game 39: A wins after 88/88 pieces, attack 63–53 — A 19–17 after 36 (784 s)
game 33: B wins after 328/327 pieces, attack 220–207 — A 19–18 after 37 (795 s)
game 37: A wins after 171/171 pieces, attack 112–84 — A 20–18 after 38 (801 s)
game 36: B wins after 206/205 pieces, attack 128–126 — A 20–19 after 39 (810 s)
game 43: B wins after 50/49 pieces, attack 16–27 — A 20–20 after 40 (849 s)
game 44: A wins after 58/58 pieces, attack 42–29 — A 21–20 after 41 (883 s)
game 45: B wins after 50/49 pieces, attack 24–30 — A 21–21 after 42 (909 s)
game 46: A wins after 25/25 pieces, attack 16–6 — A 22–21 after 43 (922 s)
game 42: A wins after 220/220 pieces, attack 159–125 — A 23–21 after 44 (931 s)
game 38: B wins after 319/318 pieces, attack 161–155 — A 23–22 after 45 (933 s)
game 48: A wins after 21/21 pieces, attack 22–5 — A 24–22 after 46 (941 s)
game 41: A wins after 275/275 pieces, attack 189–151 — A 25–22 after 47 (986 s)
game 49: B wins after 83/82 pieces, attack 39–44 — A 25–23 after 48 (988 s)
game 40: A wins after 331/331 pieces, attack 217–192 — A 26–23 after 49 (993 s)
game 47: A wins after 128/128 pieces, attack 100–75 — A 27–23 after 50 (996 s)
game 50: A wins after 117/117 pieces, attack 72–57 — A 28–23 after 51 (1011 s)
game 52: A wins after 46/46 pieces, attack 30–13 — A 29–23 after 52 (1013 s)
game 54: A wins after 47/47 pieces, attack 44–27 — A 30–23 after 53 (1024 s)
game 53: A wins after 57/57 pieces, attack 37–31 — A 31–23 after 54 (1027 s)
game 51: B wins after 91/90 pieces, attack 53–57 — A 31–24 after 55 (1042 s)
game 57: A wins after 48/48 pieces, attack 43–24 — A 32–24 after 56 (1047 s)
game 58: A wins after 46/46 pieces, attack 28–18 — A 33–24 after 57 (1052 s)
game 55: A wins after 81/81 pieces, attack 62–39 — A 34–24 after 58 (1055 s)
game 59: A wins after 36/36 pieces, attack 29–12 — A 35–24 after 59 (1062 s)
game 62: A wins after 57/57 pieces, attack 36–21 — A 36–24 after 60 (1089 s)
game 64: A wins after 25/25 pieces, attack 21–5 — A 37–24 after 61 (1103 s)
game 60: A wins after 101/101 pieces, attack 68–47 — A 38–24 after 62 (1106 s)
game 56: A wins after 177/177 pieces, attack 113–92 — A 39–24 after 63 (1128 s)
game 61: A wins after 205/205 pieces, attack 128–107 — A 40–24 after 64 (1172 s)
game 63: A wins after 186/186 pieces, attack 121–103 — A 41–24 after 65 (1186 s)
game 66: A wins after 141/141 pieces, attack 109–75 — A 42–24 after 66 (1191 s)
game 69: B wins after 30/29 pieces, attack 15–20 — A 42–25 after 67 (1206 s)
game 70: A wins after 38/38 pieces, attack 30–14 — A 43–25 after 68 (1213 s)
game 68: B wins after 99/98 pieces, attack 60–50 — A 43–26 after 69 (1238 s)
game 71: B wins after 57/56 pieces, attack 27–39 — A 43–27 after 70 (1244 s)
game 72: A wins after 77/77 pieces, attack 55–32 — A 44–27 after 71 (1256 s)
game 73: A wins after 40/40 pieces, attack 31–26 — A 45–27 after 72 (1262 s)
game 67: A wins after 204/204 pieces, attack 166–147 — A 46–27 after 73 (1263 s)
game 77: A wins after 60/60 pieces, attack 44–26 — A 47–27 after 74 (1299 s)
game 65: B wins after 286/285 pieces, attack 159–161 — A 47–28 after 75 (1305 s)
game 79: A wins after 25/25 pieces, attack 16–4 — A 48–28 after 76 (1317 s)
game 76: A wins after 87/87 pieces, attack 59–48 — A 49–28 after 77 (1317 s)
game 75: A wins after 117/117 pieces, attack 94–61 — A 50–28 after 78 (1327 s)
game 80: B wins after 77/76 pieces, attack 36–52 — A 50–29 after 79 (1367 s)
game 74: B wins after 243/242 pieces, attack 139–142 — A 50–30 after 80 (1407 s)
game 78: A wins after 185/185 pieces, attack 93–81 — A 51–30 after 81 (1428 s)
game 81: A wins after 183/183 pieces, attack 118–85 — A 52–30 after 82 (1441 s)
game 82: A wins after 183/183 pieces, attack 122–92 — A 53–30 after 83 (1449 s)
game 83: B wins after 147/146 pieces, attack 99–84 — A 53–31 after 84 (1467 s)
game 84: B wins after 146/145 pieces, attack 105–112 — A 53–32 after 85 (1514 s)
game 88: A wins after 84/84 pieces, attack 65–47 — A 54–32 after 86 (1515 s)
game 89: A wins after 17/17 pieces, attack 17–4 — A 55–32 after 87 (1524 s)
game 91: B wins after 63/62 pieces, attack 22–30 — A 55–33 after 88 (1572 s)
game 87: B wins after 202/201 pieces, attack 111–111 — A 55–34 after 89 (1584 s)
game 92: A wins after 51/51 pieces, attack 43–24 — A 56–34 after 90 (1606 s)
game 90: A wins after 137/137 pieces, attack 84–58 — A 57–34 after 91 (1608 s)
game 86: A wins after 306/306 pieces, attack 211–165 — A 58–34 after 92 (1643 s)
game 95: A wins after 66/66 pieces, attack 49–31 — A 59–34 after 93 (1645 s)
game 97: A wins after 31/31 pieces, attack 24–8 — A 60–34 after 94 (1661 s)
game 93: A wins after 133/133 pieces, attack 107–79 — A 61–34 after 95 (1673 s)
game 94: A wins after 123/123 pieces, attack 97–81 — A 62–34 after 96 (1681 s)
game 99: A wins after 27/27 pieces, attack 23–9 — A 63–34 after 97 (1687 s)
game 100: A wins after 36/36 pieces, attack 26–7 — A 64–34 after 98 (1703 s)
game 85: B wins after 378/377 pieces, attack 213–213 — A 64–35 after 99 (1708 s)
game 96: A wins after 114/114 pieces, attack 69–50 — A 65–35 after 100 (1721 s)
game 103: A wins after 66/66 pieces, attack 54–39 — A 66–35 after 101 (1747 s)
game 102: B wins after 74/73 pieces, attack 45–55 — A 66–36 after 102 (1747 s)
game 101: A wins after 115/115 pieces, attack 87–70 — A 67–36 after 103 (1761 s)
game 98: A wins after 155/155 pieces, attack 118–87 — A 68–36 after 104 (1766 s)
game 104: A wins after 105/105 pieces, attack 88–72 — A 69–36 after 105 (1784 s)
game 108: A wins after 64/64 pieces, attack 45–31 — A 70–36 after 106 (1802 s)
game 109: A wins after 36/36 pieces, attack 24–11 — A 71–36 after 107 (1803 s)
game 110: A wins after 44/44 pieces, attack 23–19 — A 72–36 after 108 (1829 s)
game 112: A wins after 49/49 pieces, attack 36–21 — A 73–36 after 109 (1857 s)
game 113: A wins after 21/21 pieces, attack 13–4 — A 74–36 after 110 (1868 s)
game 111: B wins after 100/99 pieces, attack 49–50 — A 74–37 after 111 (1878 s)
game 114: A wins after 49/49 pieces, attack 39–15 — A 75–37 after 112 (1895 s)
game 107: B wins after 257/256 pieces, attack 197–185 — A 75–38 after 113 (1924 s)
game 116: A wins after 70/70 pieces, attack 49–31 — A 76–38 after 114 (1932 s)
game 105: B wins after 301/300 pieces, attack 171–153 — A 76–39 after 115 (1937 s)
game 119: A wins after 41/41 pieces, attack 23–13 — A 77–39 after 116 (1961 s)
game 117: A wins after 67/67 pieces, attack 38–16 — A 78–39 after 117 (1962 s)
game 106: B wins after 325/324 pieces, attack 216–218 — A 78–40 after 118 (1968 s)
game 122: A wins after 21/21 pieces, attack 17–5 — A 79–40 after 119 (1981 s)
game 115: A wins after 155/155 pieces, attack 104–82 — A 80–40 after 120 (1982 s)
game 123: A wins after 69/69 pieces, attack 77–55 — A 81–40 after 121 (2028 s)
game 120: B wins after 137/136 pieces, attack 92–77 — A 81–41 after 122 (2045 s)
game 121: B wins after 121/120 pieces, attack 68–78 — A 81–42 after 123 (2047 s)
game 125: A wins after 66/66 pieces, attack 29–23 — A 82–42 after 124 (2066 s)
game 127: A wins after 34/34 pieces, attack 22–14 — A 83–42 after 125 (2069 s)
game 126: A wins after 54/54 pieces, attack 39–23 — A 84–42 after 126 (2073 s)
game 128: B wins after 44/43 pieces, attack 18–27 — A 84–43 after 127 (2093 s)
game 118: A wins after 266/266 pieces, attack 188–139 — A 85–43 after 128 (2093 s)
game 131: A wins after 22/22 pieces, attack 21–5 — A 86–43 after 129 (2104 s)
game 129: B wins after 63/62 pieces, attack 30–39 — A 86–44 after 130 (2106 s)
game 132: A wins after 59/59 pieces, attack 36–22 — A 87–44 after 131 (2124 s)
game 134: A wins after 92/92 pieces, attack 64–49 — A 88–44 after 132 (2170 s)
game 135: B wins after 77/76 pieces, attack 39–48 — A 88–45 after 133 (2170 s)
game 133: B wins after 126/125 pieces, attack 70–77 — A 88–46 after 134 (2190 s)
game 124: B wins after 316/315 pieces, attack 217–209 — A 88–47 after 135 (2206 s)
game 137: A wins after 67/67 pieces, attack 45–33 — A 89–47 after 136 (2209 s)
game 136: A wins after 100/100 pieces, attack 80–62 — A 90–47 after 137 (2234 s)
game 140: A wins after 62/62 pieces, attack 47–43 — A 91–47 after 138 (2248 s)
game 141: A wins after 43/43 pieces, attack 29–13 — A 92–47 after 139 (2259 s)
game 130: A wins after 296/296 pieces, attack 177–164 — A 93–47 after 140 (2265 s)
game 142: A wins after 40/40 pieces, attack 32–15 — A 94–47 after 141 (2266 s)
game 143: A wins after 33/33 pieces, attack 23–9 — A 95–47 after 142 (2276 s)
game 145: A wins after 26/26 pieces, attack 25–10 — A 96–47 after 143 (2278 s)
game 146: A wins after 31/31 pieces, attack 21–10 — A 97–47 after 144 (2293 s)
game 139: B wins after 120/119 pieces, attack 75–68 — A 97–48 after 145 (2295 s)
game 144: A wins after 64/64 pieces, attack 41–23 — A 98–48 after 146 (2296 s)
game 148: A wins after 33/33 pieces, attack 27–15 — A 99–48 after 147 (2310 s)
game 147: B wins after 57/56 pieces, attack 31–29 — A 99–49 after 148 (2312 s)
game 150: A wins after 88/88 pieces, attack 62–44 — A 100–49 after 149 (2346 s)
game 151: B wins after 80/79 pieces, attack 37–48 — A 100–50 after 150 (2360 s)
game 138: A wins after 350/350 pieces, attack 234–197 — A 101–50 after 151 (2414 s)
game 153: A wins after 155/155 pieces, attack 104–84 — A 102–50 after 152 (2443 s)
game 156: B wins after 52/51 pieces, attack 31–39 — A 102–51 after 153 (2474 s)
game 154: A wins after 238/238 pieces, attack 148–122 — A 103–51 after 154 (2516 s)
game 152: A wins after 332/332 pieces, attack 191–159 — A 104–51 after 155 (2519 s)
game 149: B wins after 348/347 pieces, attack 223–211 — A 104–52 after 156 (2532 s)
game 157: A wins after 154/154 pieces, attack 85–77 — A 105–52 after 157 (2566 s)
game 158: A wins after 92/92 pieces, attack 71–54 — A 106–52 after 158 (2578 s)
game 159: A wins after 105/105 pieces, attack 75–65 — A 107–52 after 159 (2585 s)
game 155: A wins after 274/274 pieces, attack 166–145 — A 108–52 after 160 (2596 s)
game 164: A wins after 40/40 pieces, attack 26–16 — A 109–52 after 161 (2620 s)
game 160: B wins after 130/129 pieces, attack 58–67 — A 109–53 after 162 (2632 s)
game 162: A wins after 148/148 pieces, attack 110–91 — A 110–53 after 163 (2679 s)
game 161: A wins after 198/198 pieces, attack 142–122 — A 111–53 after 164 (2687 s)
game 165: A wins after 112/112 pieces, attack 65–53 — A 112–53 after 165 (2691 s)
game 168: A wins after 96/96 pieces, attack 64–47 — A 113–53 after 166 (2740 s)
game 163: A wins after 256/256 pieces, attack 168–160 — A 114–53 after 167 (2743 s)
game 167: A wins after 121/121 pieces, attack 105–80 — A 115–53 after 168 (2751 s)
game 169: A wins after 126/126 pieces, attack 103–68 — A 116–53 after 169 (2765 s)
game 171: A wins after 45/45 pieces, attack 27–18 — A 117–53 after 170 (2767 s)
game 174: A wins after 48/48 pieces, attack 38–22 — A 118–53 after 171 (2793 s)
game 173: A wins after 90/90 pieces, attack 71–48 — A 119–53 after 172 (2816 s)
game 175: A wins after 77/77 pieces, attack 52–35 — A 120–53 after 173 (2839 s)
game 172: B wins after 145/144 pieces, attack 102–98 — A 120–54 after 174 (2844 s)
game 170: B wins after 194/193 pieces, attack 113–107 — A 120–55 after 175 (2865 s)
game 176: A wins after 82/82 pieces, attack 53–44 — A 121–55 after 176 (2872 s)
game 179: A wins after 37/37 pieces, attack 23–11 — A 122–55 after 177 (2889 s)
game 180: A wins after 43/43 pieces, attack 26–13 — A 123–55 after 178 (2894 s)
game 166: B wins after 400/399 pieces, attack 284–274 — A 123–56 after 179 (2897 s)
game 182: A wins after 50/50 pieces, attack 43–27 — A 124–56 after 180 (2924 s)
game 177: B wins after 152/151 pieces, attack 81–74 — A 124–57 after 181 (2929 s)
game 178: A wins after 186/186 pieces, attack 130–102 — A 125–57 after 182 (2959 s)
game 181: B wins after 102/101 pieces, attack 60–81 — A 125–58 after 183 (2960 s)
game 186: A wins after 40/40 pieces, attack 41–16 — A 126–58 after 184 (2980 s)
game 185: A wins after 82/82 pieces, attack 46–41 — A 127–58 after 185 (2984 s)
game 187: A wins after 74/74 pieces, attack 64–45 — A 128–58 after 186 (3000 s)
game 188: A wins after 53/53 pieces, attack 37–20 — A 129–58 after 187 (3008 s)
game 189: B wins after 52/51 pieces, attack 32–36 — A 129–59 after 188 (3012 s)
game 183: B wins after 175/174 pieces, attack 83–96 — A 129–60 after 189 (3017 s)
game 191: A wins after 54/54 pieces, attack 42–24 — A 130–60 after 190 (3034 s)
game 193: B wins after 53/52 pieces, attack 20–28 — A 130–61 after 191 (3047 s)
game 195: A wins after 49/49 pieces, attack 31–13 — A 131–61 after 192 (3072 s)
game 184: A wins after 231/231 pieces, attack 159–140 — A 132–61 after 193 (3075 s)
game 192: B wins after 126/125 pieces, attack 68–68 — A 132–62 after 194 (3085 s)
game 198: A wins after 39/39 pieces, attack 29–16 — A 133–62 after 195 (3103 s)
game 190: B wins after 180/179 pieces, attack 91–101 — A 133–63 after 196 (3104 s)
game 197: A wins after 56/56 pieces, attack 45–37 — A 134–63 after 197 (3105 s)
game 194: A wins after 161/161 pieces, attack 111–89 — A 135–63 after 198 (3116 s)
game 196: B wins after 126/125 pieces, attack 62–67 — A 135–64 after 199 (3135 s)
game 199: A wins after 152/152 pieces, attack 99–76 — A 136–64 after 200 (3168 s)

A = net:../training/models/rank_r1_c16.json@3,2
B = hard
200 games: A won 136, lost 64, drew 0 → A scores 68.0% ± 6.5 (95%)
A: attack/piece 0.657, 468 ms/move
B: attack/piece 0.558, 170 ms/move
mean game length 122 pieces per bot
