Warning: Ignoring extra certs from `/Users/etchee/code/MyriadRootCA.pem`, load failed: error:80000002:system library::No such file or directory
net:../training/models/rank_r2_c16.json@3,2 vs net:../training/models/rank_v2_c16.json@3,2: 200 games on 5 workers, 2 pps, seed 1
game 0: A wins after 44/44 pieces, attack 27–26 — A 1–0 after 1 (42 s)
game 2: A wins after 80/80 pieces, attack 62–52 — A 2–0 after 2 (77 s)
game 5: B wins after 51/50 pieces, attack 17–31 — A 2–1 after 3 (89 s)
game 6: A wins after 89/89 pieces, attack 69–49 — A 3–1 after 4 (156 s)
game 3: A wins after 196/196 pieces, attack 136–111 — A 4–1 after 5 (198 s)
game 7: B wins after 110/109 pieces, attack 76–75 — A 4–2 after 6 (211 s)
game 1: A wins after 185/185 pieces, attack 132–116 — A 5–2 after 7 (211 s)
game 11: B wins after 28/27 pieces, attack 16–21 — A 5–3 after 8 (237 s)
game 4: A wins after 247/247 pieces, attack 180–147 — A 6–3 after 9 (247 s)
game 10: B wins after 48/47 pieces, attack 20–33 — A 6–4 after 10 (255 s)
game 14: B wins after 74/73 pieces, attack 37–44 — A 6–5 after 11 (334 s)
game 12: A wins after 121/121 pieces, attack 100–85 — A 7–5 after 12 (354 s)
game 16: A wins after 75/75 pieces, attack 53–33 — A 8–5 after 13 (430 s)
game 8: B wins after 290/289 pieces, attack 205–202 — A 8–6 after 14 (448 s)
game 13: A wins after 237/237 pieces, attack 197–181 — A 9–6 after 15 (470 s)
game 15: A wins after 156/156 pieces, attack 126–109 — A 10–6 after 16 (477 s)
game 18: A wins after 56/56 pieces, attack 42–27 — A 11–6 after 17 (498 s)
game 9: A wins after 320/320 pieces, attack 237–220 — A 12–6 after 18 (528 s)
game 20: A wins after 62/62 pieces, attack 55–30 — A 13–6 after 19 (534 s)
game 19: A wins after 115/115 pieces, attack 85–66 — A 14–6 after 20 (584 s)
game 23: B wins after 65/64 pieces, attack 40–49 — A 14–7 after 21 (598 s)
game 24: A wins after 33/33 pieces, attack 28–17 — A 15–7 after 22 (608 s)
game 21: A wins after 117/117 pieces, attack 97–73 — A 16–7 after 23 (613 s)
game 22: B wins after 109/108 pieces, attack 64–74 — A 16–8 after 24 (631 s)
game 25: B wins after 61/60 pieces, attack 45–46 — A 16–9 after 25 (657 s)
game 17: A wins after 294/294 pieces, attack 252–209 — A 17–9 after 26 (706 s)
game 28: B wins after 88/87 pieces, attack 76–80 — A 17–10 after 27 (707 s)
game 29: A wins after 59/59 pieces, attack 55–30 — A 18–10 after 28 (709 s)
game 30: B wins after 86/85 pieces, attack 54–58 — A 18–11 after 29 (788 s)
game 27: B wins after 171/170 pieces, attack 137–137 — A 18–12 after 30 (788 s)
game 32: B wins after 117/116 pieces, attack 81–82 — A 18–13 after 31 (827 s)
game 34: B wins after 56/55 pieces, attack 23–42 — A 18–14 after 32 (839 s)
game 36: B wins after 30/29 pieces, attack 10–20 — A 18–15 after 33 (863 s)
game 37: B wins after 50/49 pieces, attack 27–39 — A 18–16 after 34 (909 s)
game 26: A wins after 305/305 pieces, attack 212–185 — A 19–16 after 35 (909 s)
game 35: B wins after 98/97 pieces, attack 69–72 — A 19–17 after 36 (911 s)
game 38: B wins after 80/79 pieces, attack 55–63 — A 19–18 after 37 (988 s)
game 41: B wins after 38/37 pieces, attack 23–35 — A 19–19 after 38 (1021 s)
game 31: A wins after 358/358 pieces, attack 246–221 — A 20–19 after 39 (1064 s)
game 39: A wins after 184/184 pieces, attack 135–111 — A 21–19 after 40 (1097 s)
game 43: B wins after 44/43 pieces, attack 11–24 — A 21–20 after 41 (1101 s)
game 42: B wins after 111/110 pieces, attack 64–70 — A 21–21 after 42 (1126 s)
game 40: B wins after 217/216 pieces, attack 163–153 — A 21–22 after 43 (1134 s)
game 33: B wins after 335/334 pieces, attack 237–223 — A 21–23 after 44 (1136 s)
game 47: B wins after 30/29 pieces, attack 7–20 — A 21–24 after 45 (1157 s)
game 46: B wins after 40/39 pieces, attack 14–23 — A 21–25 after 46 (1158 s)
game 44: A wins after 85/85 pieces, attack 61–49 — A 22–25 after 47 (1177 s)
game 45: B wins after 108/107 pieces, attack 83–79 — A 22–26 after 48 (1203 s)
game 49: B wins after 61/60 pieces, attack 34–43 — A 22–27 after 49 (1210 s)
game 53: A wins after 81/81 pieces, attack 65–48 — A 23–27 after 50 (1287 s)
game 50: B wins after 166/165 pieces, attack 123–119 — A 23–28 after 51 (1308 s)
game 52: B wins after 142/141 pieces, attack 111–100 — A 23–29 after 52 (1339 s)
game 48: B wins after 228/227 pieces, attack 194–197 — A 23–30 after 53 (1361 s)
game 56: A wins after 36/36 pieces, attack 28–17 — A 24–30 after 54 (1368 s)
game 54: A wins after 94/94 pieces, attack 69–55 — A 25–30 after 55 (1382 s)
game 55: A wins after 99/99 pieces, attack 76–60 — A 26–30 after 56 (1400 s)
game 51: A wins after 286/286 pieces, attack 235–202 — A 27–30 after 57 (1451 s)
game 61: B wins after 100/99 pieces, attack 41–57 — A 27–31 after 58 (1544 s)
game 60: B wins after 177/176 pieces, attack 107–124 — A 27–32 after 59 (1580 s)
game 58: A wins after 212/212 pieces, attack 167–130 — A 28–32 after 60 (1581 s)
game 59: B wins after 204/203 pieces, attack 150–167 — A 28–33 after 61 (1582 s)
game 57: A wins after 243/243 pieces, attack 174–145 — A 29–33 after 62 (1592 s)
game 66: B wins after 39/38 pieces, attack 22–27 — A 29–34 after 63 (1627 s)
game 64: B wins after 49/48 pieces, attack 26–28 — A 29–35 after 64 (1630 s)
game 63: B wins after 77/76 pieces, attack 41–48 — A 29–36 after 65 (1649 s)
game 62: B wins after 106/105 pieces, attack 85–74 — A 29–37 after 66 (1655 s)
game 69: B wins after 32/31 pieces, attack 10–21 — A 29–38 after 67 (1675 s)
game 67: A wins after 81/81 pieces, attack 59–43 — A 30–38 after 68 (1703 s)
game 70: B wins after 80/79 pieces, attack 46–44 — A 30–39 after 69 (1732 s)
game 72: B wins after 57/56 pieces, attack 30–36 — A 30–40 after 70 (1751 s)
game 73: A wins after 38/38 pieces, attack 36–16 — A 31–40 after 71 (1764 s)
game 68: A wins after 141/141 pieces, attack 99–88 — A 32–40 after 72 (1785 s)
game 65: A wins after 217/217 pieces, attack 162–130 — A 33–40 after 73 (1786 s)
game 76: A wins after 26/26 pieces, attack 19–5 — A 34–40 after 74 (1809 s)
game 75: A wins after 68/68 pieces, attack 51–39 — A 35–40 after 75 (1831 s)
game 77: B wins after 53/52 pieces, attack 33–37 — A 35–41 after 76 (1837 s)
game 74: B wins after 94/93 pieces, attack 45–53 — A 35–42 after 77 (1851 s)
game 71: B wins after 189/188 pieces, attack 160–154 — A 35–43 after 78 (1866 s)
game 80: B wins after 39/38 pieces, attack 15–30 — A 35–44 after 79 (1874 s)
game 82: A wins after 36/36 pieces, attack 38–17 — A 36–44 after 80 (1900 s)
game 79: B wins after 66/65 pieces, attack 39–42 — A 36–45 after 81 (1903 s)
game 81: B wins after 66/65 pieces, attack 41–46 — A 36–46 after 82 (1917 s)
game 86: B wins after 38/37 pieces, attack 19–26 — A 36–47 after 83 (1948 s)
game 78: A wins after 143/143 pieces, attack 122–106 — A 37–47 after 84 (1959 s)
game 85: A wins after 113/113 pieces, attack 100–79 — A 38–47 after 85 (2002 s)
game 87: B wins after 72/71 pieces, attack 40–50 — A 38–48 after 86 (2015 s)
game 88: B wins after 112/111 pieces, attack 72–73 — A 38–49 after 87 (2068 s)
game 89: A wins after 106/106 pieces, attack 89–71 — A 39–49 after 88 (2096 s)
game 83: B wins after 250/249 pieces, attack 182–170 — A 39–50 after 89 (2140 s)
game 90: B wins after 130/129 pieces, attack 93–98 — A 39–51 after 90 (2140 s)
game 94: A wins after 38/38 pieces, attack 29–17 — A 40–51 after 91 (2175 s)
game 84: A wins after 301/301 pieces, attack 243–209 — A 41–51 after 92 (2197 s)
game 91: B wins after 254/253 pieces, attack 195–186 — A 41–52 after 93 (2311 s)
game 96: B wins after 177/176 pieces, attack 122–131 — A 41–53 after 94 (2360 s)
game 92: B wins after 289/288 pieces, attack 240–209 — A 41–54 after 95 (2377 s)
game 97: A wins after 116/116 pieces, attack 85–78 — A 42–54 after 96 (2414 s)
game 99: A wins after 56/56 pieces, attack 38–26 — A 43–54 after 97 (2419 s)
game 98: A wins after 132/132 pieces, attack 113–102 — A 44–54 after 98 (2474 s)
game 95: B wins after 318/317 pieces, attack 238–223 — A 44–55 after 99 (2490 s)
game 100: A wins after 131/131 pieces, attack 107–89 — A 45–55 after 100 (2527 s)
game 93: A wins after 417/417 pieces, attack 312–278 — A 46–55 after 101 (2535 s)
game 101: A wins after 169/169 pieces, attack 107–110 — A 47–55 after 102 (2574 s)
game 102: B wins after 126/125 pieces, attack 63–73 — A 47–56 after 103 (2588 s)
game 105: B wins after 62/61 pieces, attack 39–50 — A 47–57 after 104 (2589 s)
game 104: A wins after 73/73 pieces, attack 55–40 — A 48–57 after 105 (2592 s)
game 107: B wins after 55/54 pieces, attack 42–38 — A 48–58 after 106 (2639 s)
game 103: A wins after 198/198 pieces, attack 166–144 — A 49–58 after 107 (2667 s)
game 110: B wins after 76/75 pieces, attack 38–49 — A 49–59 after 108 (2699 s)
game 108: A wins after 124/124 pieces, attack 110–106 — A 50–59 after 109 (2706 s)
game 109: A wins after 140/140 pieces, attack 121–103 — A 51–59 after 110 (2716 s)
game 106: A wins after 175/175 pieces, attack 134–107 — A 52–59 after 111 (2730 s)
game 112: A wins after 43/43 pieces, attack 46–28 — A 53–59 after 112 (2734 s)
game 111: A wins after 100/100 pieces, attack 74–57 — A 54–59 after 113 (2757 s)
game 116: B wins after 47/46 pieces, attack 27–30 — A 54–60 after 114 (2778 s)
game 117: B wins after 47/46 pieces, attack 22–36 — A 54–61 after 115 (2799 s)
game 115: B wins after 76/75 pieces, attack 50–54 — A 54–62 after 116 (2804 s)
game 114: A wins after 166/166 pieces, attack 107–92 — A 55–62 after 117 (2854 s)
game 120: A wins after 60/60 pieces, attack 52–28 — A 56–62 after 118 (2857 s)
game 113: A wins after 164/164 pieces, attack 106–103 — A 57–62 after 119 (2870 s)
game 119: A wins after 88/88 pieces, attack 69–47 — A 58–62 after 120 (2875 s)
game 122: B wins after 33/32 pieces, attack 9–24 — A 58–63 after 121 (2883 s)
game 121: B wins after 62/61 pieces, attack 45–52 — A 58–64 after 122 (2906 s)
game 125: B wins after 87/86 pieces, attack 55–56 — A 58–65 after 123 (2961 s)
game 118: B wins after 194/193 pieces, attack 130–134 — A 58–66 after 124 (2971 s)
game 123: A wins after 125/125 pieces, attack 91–70 — A 59–66 after 125 (2990 s)
game 126: A wins after 111/111 pieces, attack 83–56 — A 60–66 after 126 (3014 s)
game 129: B wins after 36/35 pieces, attack 17–34 — A 60–67 after 127 (3018 s)
game 127: A wins after 97/97 pieces, attack 71–56 — A 61–67 after 128 (3051 s)
game 130: B wins after 45/44 pieces, attack 19–38 — A 61–68 after 129 (3052 s)
game 132: A wins after 43/43 pieces, attack 22–13 — A 62–68 after 130 (3086 s)
game 131: B wins after 119/118 pieces, attack 77–90 — A 62–69 after 131 (3119 s)
game 124: B wins after 277/276 pieces, attack 196–214 — A 62–70 after 132 (3134 s)
game 128: A wins after 192/192 pieces, attack 173–149 — A 63–70 after 133 (3147 s)
game 134: A wins after 82/82 pieces, attack 72–53 — A 64–70 after 134 (3151 s)
game 137: B wins after 34/33 pieces, attack 10–25 — A 64–71 after 135 (3168 s)
game 138: B wins after 112/111 pieces, attack 88–97 — A 64–72 after 136 (3234 s)
game 139: A wins after 98/98 pieces, attack 63–56 — A 65–72 after 137 (3235 s)
game 136: B wins after 138/137 pieces, attack 91–88 — A 65–73 after 138 (3240 s)
game 140: B wins after 120/119 pieces, attack 84–77 — A 65–74 after 139 (3322 s)
game 141: A wins after 114/114 pieces, attack 87–75 — A 66–74 after 140 (3326 s)
game 133: A wins after 345/345 pieces, attack 251–229 — A 67–74 after 141 (3328 s)
game 135: B wins after 352/351 pieces, attack 244–239 — A 67–75 after 142 (3400 s)
game 145: A wins after 114/114 pieces, attack 73–55 — A 68–75 after 143 (3402 s)
game 142: A wins after 248/248 pieces, attack 183–161 — A 69–75 after 144 (3429 s)
game 144: B wins after 197/196 pieces, attack 178–173 — A 69–76 after 145 (3475 s)
game 146: B wins after 104/103 pieces, attack 80–73 — A 69–77 after 146 (3478 s)
game 148: B wins after 79/78 pieces, attack 44–62 — A 69–78 after 147 (3479 s)
game 147: A wins after 108/108 pieces, attack 91–84 — A 70–78 after 148 (3481 s)
game 149: B wins after 43/42 pieces, attack 32–38 — A 70–79 after 149 (3506 s)
game 143: A wins after 226/226 pieces, attack 154–155 — A 71–79 after 150 (3509 s)
game 150: A wins after 53/53 pieces, attack 40–37 — A 72–79 after 151 (3518 s)
game 153: B wins after 49/48 pieces, attack 22–29 — A 72–80 after 152 (3541 s)
game 151: A wins after 102/102 pieces, attack 91–68 — A 73–80 after 153 (3558 s)
game 154: A wins after 131/131 pieces, attack 88–61 — A 74–80 after 154 (3611 s)
game 157: A wins after 70/70 pieces, attack 54–48 — A 75–80 after 155 (3611 s)
game 155: A wins after 145/145 pieces, attack 104–96 — A 76–80 after 156 (3620 s)
game 158: B wins after 58/57 pieces, attack 34–40 — A 76–81 after 157 (3653 s)
game 160: B wins after 48/47 pieces, attack 27–32 — A 76–82 after 158 (3655 s)
game 156: B wins after 162/161 pieces, attack 118–102 — A 76–83 after 159 (3670 s)
game 161: B wins after 60/59 pieces, attack 30–39 — A 76–84 after 160 (3699 s)
game 152: A wins after 305/305 pieces, attack 225–192 — A 77–84 after 161 (3718 s)
game 162: B wins after 97/96 pieces, attack 74–83 — A 77–85 after 162 (3730 s)
game 165: A wins after 62/62 pieces, attack 56–41 — A 78–85 after 163 (3763 s)
game 163: B wins after 132/131 pieces, attack 67–78 — A 78–86 after 164 (3779 s)
game 167: B wins after 50/49 pieces, attack 21–24 — A 78–87 after 165 (3805 s)
game 169: A wins after 44/44 pieces, attack 37–18 — A 79–87 after 166 (3838 s)
game 159: A wins after 303/303 pieces, attack 235–226 — A 80–87 after 167 (3853 s)
game 166: A wins after 169/169 pieces, attack 118–101 — A 81–87 after 168 (3864 s)
game 164: A wins after 239/239 pieces, attack 169–149 — A 82–87 after 169 (3886 s)
game 172: A wins after 57/57 pieces, attack 43–27 — A 83–87 after 170 (3907 s)
game 168: A wins after 183/183 pieces, attack 129–113 — A 84–87 after 171 (3927 s)
game 174: B wins after 32/31 pieces, attack 8–20 — A 84–88 after 172 (3928 s)
game 173: A wins after 101/101 pieces, attack 90–65 — A 85–88 after 173 (3961 s)
game 170: A wins after 167/167 pieces, attack 117–94 — A 86–88 after 174 (3968 s)
game 175: B wins after 89/88 pieces, attack 64–77 — A 86–89 after 175 (3994 s)
game 178: B wins after 57/56 pieces, attack 34–33 — A 86–90 after 176 (4013 s)
game 176: B wins after 105/104 pieces, attack 85–92 — A 86–91 after 177 (4015 s)
game 179: B wins after 74/73 pieces, attack 60–59 — A 86–92 after 178 (4052 s)
game 171: A wins after 289/289 pieces, attack 229–208 — A 87–92 after 179 (4075 s)
game 182: B wins after 94/93 pieces, attack 68–87 — A 87–93 after 180 (4125 s)
game 177: A wins after 226/226 pieces, attack 201–165 — A 88–93 after 181 (4138 s)
game 183: A wins after 98/98 pieces, attack 79–71 — A 89–93 after 182 (4146 s)
game 185: B wins after 74/73 pieces, attack 48–61 — A 89–94 after 183 (4193 s)
game 184: A wins after 112/112 pieces, attack 93–77 — A 90–94 after 184 (4210 s)
game 187: A wins after 47/47 pieces, attack 31–15 — A 91–94 after 185 (4230 s)
game 181: A wins after 264/264 pieces, attack 241–202 — A 92–94 after 186 (4233 s)
game 186: A wins after 181/181 pieces, attack 115–101 — A 93–94 after 187 (4286 s)
game 188: B wins after 115/114 pieces, attack 77–87 — A 93–95 after 188 (4300 s)
game 180: B wins after 369/368 pieces, attack 307–292 — A 93–96 after 189 (4306 s)
game 189: B wins after 116/115 pieces, attack 96–98 — A 93–97 after 190 (4330 s)
game 190: A wins after 133/133 pieces, attack 94–81 — A 94–97 after 191 (4335 s)
game 191: A wins after 64/64 pieces, attack 49–32 — A 95–97 after 192 (4335 s)
game 193: B wins after 84/83 pieces, attack 49–64 — A 95–98 after 193 (4364 s)
game 196: A wins after 53/53 pieces, attack 44–17 — A 96–98 after 194 (4373 s)
game 195: A wins after 54/54 pieces, attack 36–22 — A 97–98 after 195 (4377 s)
game 194: B wins after 123/122 pieces, attack 79–85 — A 97–99 after 196 (4426 s)
game 198: A wins after 81/81 pieces, attack 58–39 — A 98–99 after 197 (4434 s)
game 199: A wins after 122/122 pieces, attack 113–88 — A 99–99 after 198 (4485 s)
game 197: B wins after 193/192 pieces, attack 120–133 — A 99–100 after 199 (4514 s)
game 192: A wins after 312/312 pieces, attack 248–243 — A 100–100 after 200 (4555 s)

A = net:../training/models/rank_r2_c16.json@3,2
B = net:../training/models/rank_v2_c16.json@3,2
200 games: A won 100, lost 100, drew 0 → A scores 50.0% ± 6.9 (95%)
A: attack/piece 0.728, 448 ms/move
B: attack/piece 0.677, 446 ms/move
mean game length 126 pieces per bot
