Warning: Ignoring extra certs from `/Users/etchee/code/MyriadRootCA.pem`, load failed: error:80000002:system library::No such file or directory
net:../training/models/surv_c16.json@3,2 vs net:../training/models/rank_v2_c16.json@3,2: 200 games on 5 workers, 2 pps, seed 1
game 0: B wins after 54/53 pieces, attack 26–42 — A 0–1 after 1 (48 s)
game 3: B wins after 76/75 pieces, attack 49–55 — A 0–2 after 2 (69 s)
game 1: B wins after 101/100 pieces, attack 61–70 — A 0–3 after 3 (86 s)
game 4: B wins after 172/171 pieces, attack 102–118 — A 0–4 after 4 (163 s)
game 7: B wins after 112/111 pieces, attack 72–80 — A 0–5 after 5 (202 s)
game 8: B wins after 138/137 pieces, attack 77–76 — A 0–6 after 6 (290 s)
game 6: A wins after 250/250 pieces, attack 201–185 — A 1–6 after 7 (301 s)
game 9: B wins after 136/135 pieces, attack 90–104 — A 1–7 after 8 (331 s)
game 10: A wins after 103/103 pieces, attack 79–62 — A 2–7 after 9 (382 s)
game 11: B wins after 107/106 pieces, attack 86–87 — A 2–8 after 10 (395 s)
game 5: B wins after 418/417 pieces, attack 315–297 — A 2–9 after 11 (444 s)
game 14: A wins after 151/151 pieces, attack 105–99 — A 3–9 after 12 (519 s)
game 2: A wins after 560/560 pieces, attack 408–412 — A 4–9 after 13 (527 s)
game 15: B wins after 121/120 pieces, attack 85–101 — A 4–10 after 14 (548 s)
game 13: B wins after 203/202 pieces, attack 137–126 — A 4–11 after 15 (561 s)
game 16: B wins after 78/77 pieces, attack 39–48 — A 4–12 after 16 (590 s)
game 17: B wins after 109/108 pieces, attack 59–77 — A 4–13 after 17 (620 s)
game 12: A wins after 335/335 pieces, attack 220–220 — A 5–13 after 18 (632 s)
game 19: A wins after 186/186 pieces, attack 142–107 — A 6–13 after 19 (732 s)
game 20: A wins after 198/198 pieces, attack 170–147 — A 7–13 after 20 (785 s)
game 21: B wins after 172/171 pieces, attack 112–129 — A 7–14 after 21 (787 s)
game 18: B wins after 265/264 pieces, attack 173–188 — A 7–15 after 22 (800 s)
game 24: A wins after 33/33 pieces, attack 27–17 — A 8–15 after 23 (810 s)
game 27: A wins after 61/61 pieces, attack 39–27 — A 9–15 after 24 (865 s)
game 25: A wins after 142/142 pieces, attack 105–87 — A 10–15 after 25 (925 s)
game 23: B wins after 215/214 pieces, attack 130–153 — A 10–16 after 26 (929 s)
game 22: A wins after 336/336 pieces, attack 251–233 — A 11–16 after 27 (951 s)
game 26: A wins after 157/157 pieces, attack 96–82 — A 12–16 after 28 (959 s)
game 30: A wins after 78/78 pieces, attack 60–45 — A 13–16 after 29 (1002 s)
game 29: B wins after 150/149 pieces, attack 75–99 — A 13–17 after 30 (1056 s)
game 32: B wins after 110/109 pieces, attack 61–73 — A 13–18 after 31 (1060 s)
game 34: B wins after 34/33 pieces, attack 10–21 — A 13–19 after 32 (1080 s)
game 31: B wins after 208/207 pieces, attack 139–135 — A 13–20 after 33 (1143 s)
game 28: A wins after 338/338 pieces, attack 261–250 — A 14–20 after 34 (1188 s)
game 36: B wins after 207/206 pieces, attack 136–156 — A 14–21 after 35 (1266 s)
game 35: A wins after 286/286 pieces, attack 169–154 — A 15–21 after 36 (1322 s)
game 37: A wins after 197/197 pieces, attack 136–110 — A 16–21 after 37 (1330 s)
game 39: A wins after 87/87 pieces, attack 74–54 — A 17–21 after 38 (1345 s)
game 42: B wins after 39/38 pieces, attack 22–35 — A 17–22 after 39 (1377 s)
game 38: B wins after 222/221 pieces, attack 177–195 — A 17–23 after 40 (1387 s)
game 33: A wins after 418/418 pieces, attack 318–281 — A 18–23 after 41 (1405 s)
game 43: B wins after 83/82 pieces, attack 41–47 — A 18–24 after 42 (1445 s)
game 40: B wins after 181/180 pieces, attack 110–130 — A 18–25 after 43 (1472 s)
game 45: B wins after 78/77 pieces, attack 65–71 — A 18–26 after 44 (1472 s)
game 46: A wins after 67/67 pieces, attack 42–25 — A 19–26 after 45 (1501 s)
game 44: B wins after 127/126 pieces, attack 79–78 — A 19–27 after 46 (1505 s)
game 47: A wins after 48/48 pieces, attack 28–12 — A 20–27 after 47 (1514 s)
game 48: B wins after 130/129 pieces, attack 79–96 — A 20–28 after 48 (1595 s)
game 51: B wins after 163/162 pieces, attack 128–137 — A 20–29 after 49 (1668 s)
game 50: A wins after 201/201 pieces, attack 138–128 — A 21–29 after 50 (1694 s)
game 49: A wins after 224/224 pieces, attack 126–135 — A 22–29 after 51 (1718 s)
game 52: A wins after 152/152 pieces, attack 121–122 — A 23–29 after 52 (1745 s)
game 54: A wins after 75/75 pieces, attack 51–42 — A 24–29 after 53 (1762 s)
game 55: B wins after 55/54 pieces, attack 38–45 — A 24–30 after 54 (1765 s)
game 53: B wins after 150/149 pieces, attack 96–107 — A 24–31 after 55 (1816 s)
game 58: A wins after 118/118 pieces, attack 64–52 — A 25–31 after 56 (1866 s)
game 41: B wins after 613/612 pieces, attack 453–453 — A 25–32 after 57 (1882 s)
game 60: B wins after 44/43 pieces, attack 21–30 — A 25–33 after 58 (1905 s)
game 59: B wins after 132/131 pieces, attack 76–108 — A 25–34 after 59 (1934 s)
game 62: A wins after 56/56 pieces, attack 31–24 — A 26–34 after 60 (1947 s)
game 64: B wins after 31/30 pieces, attack 12–22 — A 26–35 after 61 (1971 s)
game 57: B wins after 307/306 pieces, attack 227–213 — A 26–36 after 62 (2046 s)
game 61: A wins after 196/196 pieces, attack 155–128 — A 27–36 after 63 (2065 s)
game 67: B wins after 42/41 pieces, attack 12–27 — A 27–37 after 64 (2103 s)
game 63: B wins after 188/187 pieces, attack 134–141 — A 27–38 after 65 (2104 s)
game 65: A wins after 157/157 pieces, attack 103–91 — A 28–38 after 66 (2122 s)
game 66: B wins after 94/93 pieces, attack 45–60 — A 28–39 after 67 (2130 s)
game 71: B wins after 85/84 pieces, attack 62–64 — A 28–40 after 68 (2205 s)
game 70: A wins after 159/159 pieces, attack 144–120 — A 29–40 after 69 (2268 s)
game 69: B wins after 220/219 pieces, attack 140–145 — A 29–41 after 70 (2302 s)
game 72: B wins after 118/117 pieces, attack 72–89 — A 29–42 after 71 (2304 s)
game 75: B wins after 39/38 pieces, attack 15–27 — A 29–43 after 72 (2335 s)
game 56: B wins after 655/654 pieces, attack 476–482 — A 29–44 after 73 (2377 s)
game 68: A wins after 325/325 pieces, attack 229–223 — A 30–44 after 74 (2410 s)
game 73: B wins after 168/167 pieces, attack 108–126 — A 30–45 after 75 (2413 s)
game 77: B wins after 99/98 pieces, attack 46–68 — A 30–46 after 76 (2462 s)
game 80: B wins after 41/40 pieces, attack 19–28 — A 30–47 after 77 (2497 s)
game 78: B wins after 120/119 pieces, attack 75–93 — A 30–48 after 78 (2516 s)
game 74: B wins after 259/258 pieces, attack 140–154 — A 30–49 after 79 (2537 s)
game 82: A wins after 219/219 pieces, attack 170–137 — A 31–49 after 80 (2728 s)
game 76: A wins after 462/462 pieces, attack 321–300 — A 32–49 after 81 (2784 s)
game 84: B wins after 171/170 pieces, attack 93–91 — A 32–50 after 82 (2880 s)
game 85: A wins after 108/108 pieces, attack 75–57 — A 33–50 after 83 (2882 s)
game 83: A wins after 416/416 pieces, attack 302–269 — A 34–50 after 84 (2905 s)
game 87: A wins after 60/60 pieces, attack 44–26 — A 35–50 after 85 (2934 s)
game 81: A wins after 513/513 pieces, attack 404–377 — A 36–50 after 86 (2958 s)
game 79: A wins after 584/584 pieces, attack 415–403 — A 37–50 after 87 (2983 s)
game 86: A wins after 155/155 pieces, attack 119–103 — A 38–50 after 88 (3013 s)
game 89: B wins after 194/193 pieces, attack 142–150 — A 38–51 after 89 (3096 s)
game 90: A wins after 176/176 pieces, attack 117–97 — A 39–51 after 90 (3123 s)
game 92: B wins after 164/163 pieces, attack 124–141 — A 39–52 after 91 (3158 s)
game 91: A wins after 222/222 pieces, attack 140–111 — A 40–52 after 92 (3189 s)
game 88: A wins after 361/361 pieces, attack 288–281 — A 41–52 after 93 (3236 s)
game 94: B wins after 152/151 pieces, attack 97–110 — A 41–53 after 94 (3279 s)
game 95: A wins after 147/147 pieces, attack 114–104 — A 42–53 after 95 (3312 s)
game 96: B wins after 138/137 pieces, attack 80–82 — A 42–54 after 96 (3335 s)
game 97: A wins after 107/107 pieces, attack 80–53 — A 43–54 after 97 (3342 s)
game 99: A wins after 75/75 pieces, attack 56–37 — A 44–54 after 98 (3382 s)
game 98: A wins after 139/139 pieces, attack 110–95 — A 45–54 after 99 (3425 s)
game 93: A wins after 352/352 pieces, attack 267–243 — A 46–54 after 100 (3431 s)
game 102: B wins after 78/77 pieces, attack 57–66 — A 46–55 after 101 (3446 s)
game 104: A wins after 60/60 pieces, attack 50–35 — A 47–55 after 102 (3487 s)
game 103: A wins after 76/76 pieces, attack 75–57 — A 48–55 after 103 (3489 s)
game 101: A wins after 224/224 pieces, attack 175–176 — A 49–55 after 104 (3549 s)
game 108: B wins after 43/42 pieces, attack 10–22 — A 49–56 after 105 (3582 s)
game 109: A wins after 53/53 pieces, attack 46–34 — A 50–56 after 106 (3632 s)
game 100: A wins after 358/358 pieces, attack 253–240 — A 51–56 after 107 (3660 s)
game 110: A wins after 35/35 pieces, attack 27–15 — A 52–56 after 108 (3662 s)
game 105: B wins after 226/225 pieces, attack 161–178 — A 52–57 after 109 (3670 s)
game 106: A wins after 208/208 pieces, attack 177–153 — A 53–57 after 110 (3680 s)
game 112: B wins after 75/74 pieces, attack 33–42 — A 53–58 after 111 (3739 s)
game 111: A wins after 86/86 pieces, attack 75–60 — A 54–58 after 112 (3744 s)
game 113: B wins after 93/92 pieces, attack 59–74 — A 54–59 after 113 (3752 s)
game 115: B wins after 51/50 pieces, attack 22–29 — A 54–60 after 114 (3789 s)
game 117: B wins after 76/75 pieces, attack 40–59 — A 54–61 after 115 (3831 s)
game 114: A wins after 186/186 pieces, attack 146–125 — A 55–61 after 116 (3871 s)
game 118: A wins after 111/111 pieces, attack 107–96 — A 56–61 after 117 (3906 s)
game 119: B wins after 82/81 pieces, attack 50–66 — A 56–62 after 118 (3909 s)
game 120: B wins after 154/153 pieces, attack 90–100 — A 56–63 after 119 (4006 s)
game 121: A wins after 117/117 pieces, attack 92–73 — A 57–63 after 120 (4018 s)
game 116: B wins after 337/336 pieces, attack 220–238 — A 57–64 after 121 (4089 s)
game 107: B wins after 690/689 pieces, attack 489–527 — A 57–65 after 122 (4184 s)
game 124: A wins after 207/207 pieces, attack 142–132 — A 58–65 after 123 (4206 s)
game 122: B wins after 325/324 pieces, attack 221–246 — A 58–66 after 124 (4216 s)
game 123: B wins after 248/247 pieces, attack 190–201 — A 58–67 after 125 (4238 s)
game 125: B wins after 205/204 pieces, attack 140–155 — A 58–68 after 126 (4268 s)
game 128: B wins after 149/148 pieces, attack 82–92 — A 58–69 after 127 (4322 s)
game 127: B wins after 242/241 pieces, attack 170–183 — A 58–70 after 128 (4397 s)
game 129: A wins after 374/374 pieces, attack 285–264 — A 59–70 after 129 (4510 s)
game 133: B wins after 75/74 pieces, attack 43–53 — A 59–71 after 130 (4561 s)
game 126: A wins after 521/521 pieces, attack 380–345 — A 60–71 after 131 (4604 s)
game 132: A wins after 385/385 pieces, attack 252–246 — A 61–71 after 132 (4702 s)
game 135: B wins after 155/154 pieces, attack 86–107 — A 61–72 after 133 (4720 s)
game 136: B wins after 60/59 pieces, attack 45–54 — A 61–73 after 134 (4747 s)
game 134: B wins after 275/274 pieces, attack 198–195 — A 61–74 after 135 (4776 s)
game 138: B wins after 124/123 pieces, attack 65–80 — A 61–75 after 136 (4831 s)
game 139: A wins after 93/93 pieces, attack 82–66 — A 62–75 after 137 (4845 s)
game 131: A wins after 749/749 pieces, attack 507–516 — A 63–75 after 138 (4928 s)
game 140: B wins after 109/108 pieces, attack 79–86 — A 63–76 after 139 (4934 s)
game 141: B wins after 103/102 pieces, attack 56–75 — A 63–77 after 140 (4946 s)
game 137: B wins after 358/357 pieces, attack 210–235 — A 63–78 after 141 (5041 s)
game 143: B wins after 96/95 pieces, attack 63–72 — A 63–79 after 142 (5056 s)
game 144: A wins after 122/122 pieces, attack 95–87 — A 64–79 after 143 (5092 s)
game 147: B wins after 44/43 pieces, attack 32–36 — A 64–80 after 144 (5143 s)
game 130: draw after 1000/1000 pieces, attack 700–710 — A 64–80 after 145 (5163 s)
game 148: B wins after 77/76 pieces, attack 40–53 — A 64–81 after 146 (5219 s)
game 149: A wins after 139/139 pieces, attack 97–88 — A 65–81 after 147 (5323 s)
game 150: A wins after 109/109 pieces, attack 75–59 — A 66–81 after 148 (5336 s)
game 152: B wins after 37/36 pieces, attack 16–29 — A 66–82 after 149 (5370 s)
game 145: A wins after 321/321 pieces, attack 192–181 — A 67–82 after 150 (5416 s)
game 154: B wins after 62/61 pieces, attack 44–57 — A 67–83 after 151 (5486 s)
game 155: B wins after 99/98 pieces, attack 59–75 — A 67–84 after 152 (5603 s)
game 153: A wins after 252/252 pieces, attack 183–189 — A 68–84 after 153 (5651 s)
game 156: B wins after 70/69 pieces, attack 32–54 — A 68–85 after 154 (5682 s)
game 142: B wins after 629/628 pieces, attack 471–440 — A 68–86 after 155 (5688 s)
game 146: A wins after 549/549 pieces, attack 375–370 — A 69–86 after 156 (5713 s)
game 158: A wins after 51/51 pieces, attack 31–16 — A 70–86 after 157 (5735 s)
game 151: A wins after 343/343 pieces, attack 267–267 — A 71–86 after 158 (5751 s)
game 159: B wins after 79/78 pieces, attack 51–64 — A 71–87 after 159 (5768 s)
game 157: B wins after 126/125 pieces, attack 86–95 — A 71–88 after 160 (5801 s)
game 162: A wins after 105/105 pieces, attack 76–61 — A 72–88 after 161 (5875 s)
game 163: A wins after 145/145 pieces, attack 111–97 — A 73–88 after 162 (5928 s)
game 165: B wins after 66/65 pieces, attack 47–56 — A 73–89 after 163 (5951 s)
game 164: B wins after 146/145 pieces, attack 99–100 — A 73–90 after 164 (5984 s)
game 160: B wins after 293/292 pieces, attack 225–243 — A 73–91 after 165 (11787 s)
game 168: B wins after 100/99 pieces, attack 61–60 — A 73–92 after 166 (11828 s)
game 170: A wins after 88/88 pieces, attack 62–61 — A 74–92 after 167 (11897 s)
game 169: A wins after 191/191 pieces, attack 142–133 — A 75–92 after 168 (11948 s)
game 167: A wins after 311/311 pieces, attack 223–208 — A 76–92 after 169 (11966 s)
game 166: B wins after 389/388 pieces, attack 280–297 — A 76–93 after 170 (12020 s)
game 174: B wins after 56/55 pieces, attack 23–40 — A 76–94 after 171 (12062 s)
game 172: A wins after 160/160 pieces, attack 128–106 — A 77–94 after 172 (12066 s)
game 161: B wins after 632/631 pieces, attack 461–465 — A 77–95 after 173 (12080 s)
game 173: B wins after 168/167 pieces, attack 87–100 — A 77–96 after 174 (12094 s)
game 177: A wins after 67/67 pieces, attack 53–40 — A 78–96 after 175 (12125 s)
game 178: B wins after 92/91 pieces, attack 59–72 — A 78–97 after 176 (12163 s)
game 171: B wins after 393/392 pieces, attack 269–269 — A 78–98 after 177 (12187 s)
game 176: A wins after 160/160 pieces, attack 131–143 — A 79–98 after 178 (12199 s)
game 181: A wins after 89/89 pieces, attack 66–52 — A 80–98 after 179 (12255 s)
game 180: A wins after 158/158 pieces, attack 137–109 — A 81–98 after 180 (12277 s)
game 175: A wins after 306/306 pieces, attack 248–238 — A 82–98 after 181 (12296 s)
game 182: B wins after 160/159 pieces, attack 88–104 — A 82–99 after 182 (12306 s)
game 184: B wins after 60/59 pieces, attack 20–38 — A 82–100 after 183 (12318 s)
game 179: A wins after 322/322 pieces, attack 234–227 — A 83–100 after 184 (12370 s)
game 186: A wins after 98/98 pieces, attack 76–52 — A 84–100 after 185 (12380 s)
game 185: B wins after 148/147 pieces, attack 100–114 — A 84–101 after 186 (12403 s)
game 189: B wins after 52/51 pieces, attack 35–38 — A 84–102 after 187 (12418 s)
game 191: B wins after 143/142 pieces, attack 84–97 — A 84–103 after 188 (12524 s)
game 188: B wins after 224/223 pieces, attack 162–165 — A 84–104 after 189 (12553 s)
game 187: B wins after 318/317 pieces, attack 203–195 — A 84–105 after 190 (12555 s)
game 190: B wins after 318/317 pieces, attack 186–200 — A 84–106 after 191 (12649 s)
game 192: A wins after 214/214 pieces, attack 147–133 — A 85–106 after 192 (12692 s)
game 183: B wins after 604/603 pieces, attack 422–395 — A 85–107 after 193 (12709 s)
game 195: A wins after 162/162 pieces, attack 125–98 — A 86–107 after 194 (12762 s)
game 197: B wins after 118/117 pieces, attack 74–89 — A 86–108 after 195 (12798 s)
game 198: A wins after 113/113 pieces, attack 98–75 — A 87–108 after 196 (12848 s)
game 194: B wins after 381/380 pieces, attack 243–258 — A 87–109 after 197 (12856 s)
game 199: A wins after 82/82 pieces, attack 61–48 — A 88–109 after 198 (12857 s)
game 193: B wins after 385/384 pieces, attack 231–257 — A 88–110 after 199 (12865 s)
game 196: B wins after 378/377 pieces, attack 253–263 — A 88–111 after 200 (12973 s)

A = net:../training/models/surv_c16.json@3,2
B = net:../training/models/rank_v2_c16.json@3,2
200 games: A won 88, lost 111, drew 1 → A scores 44.3% ± 6.9 (95%)
A: attack/piece 0.693, 750 ms/move
B: attack/piece 0.693, 901 ms/move
mean game length 195 pieces per bot
