Warning: Ignoring extra certs from `/Users/etchee/code/MyriadRootCA.pem`, load failed: error:80000002:system library::No such file or directory
net:../training/models/rank_v2_c16.json@3,2 vs hard: 800 games on 9 workers, 2 pps, seed 11
game 4: A wins after 23/23 pieces, attack 16–5 — A 1–0 after 1 (11 s)
game 2: A wins after 31/31 pieces, attack 19–9 — A 2–0 after 2 (16 s)
game 7: A wins after 42/42 pieces, attack 31–16 — A 3–0 after 3 (21 s)
game 11: A wins after 40/40 pieces, attack 23–13 — A 4–0 after 4 (42 s)
game 9: B wins after 59/58 pieces, attack 29–41 — A 4–1 after 5 (46 s)
game 5: B wins after 90/89 pieces, attack 46–61 — A 4–2 after 6 (58 s)
game 6: A wins after 117/117 pieces, attack 78–57 — A 5–2 after 7 (68 s)
game 0: A wins after 120/120 pieces, attack 76–64 — A 6–2 after 8 (75 s)
game 16: A wins after 44/44 pieces, attack 24–17 — A 7–2 after 9 (96 s)
game 12: B wins after 139/138 pieces, attack 71–79 — A 7–3 after 10 (129 s)
game 10: A wins after 198/198 pieces, attack 109–84 — A 8–3 after 11 (131 s)
game 14: A wins after 150/150 pieces, attack 95–78 — A 9–3 after 12 (143 s)
game 1: A wins after 243/243 pieces, attack 178–158 — A 10–3 after 13 (149 s)
game 19: A wins after 62/62 pieces, attack 40–24 — A 11–3 after 14 (164 s)
game 17: B wins after 130/129 pieces, attack 53–60 — A 11–4 after 15 (172 s)
game 8: B wins after 314/313 pieces, attack 187–179 — A 11–5 after 16 (173 s)
game 13: B wins after 230/229 pieces, attack 151–147 — A 11–6 after 17 (183 s)
game 15: B wins after 199/198 pieces, attack 121–123 — A 11–7 after 18 (187 s)
game 23: B wins after 102/101 pieces, attack 57–68 — A 11–8 after 19 (241 s)
game 20: A wins after 170/170 pieces, attack 121–100 — A 12–8 after 20 (246 s)
game 24: A wins after 155/155 pieces, attack 110–85 — A 13–8 after 21 (262 s)
game 27: A wins after 47/47 pieces, attack 30–21 — A 14–8 after 22 (266 s)
game 30: A wins after 90/90 pieces, attack 72–42 — A 15–8 after 23 (315 s)
game 25: A wins after 212/212 pieces, attack 144–114 — A 16–8 after 24 (329 s)
game 29: A wins after 117/117 pieces, attack 86–71 — A 17–8 after 25 (338 s)
game 28: B wins after 128/127 pieces, attack 63–65 — A 17–9 after 26 (341 s)
game 26: A wins after 239/239 pieces, attack 156–143 — A 18–9 after 27 (342 s)
game 3: B wins after 567/566 pieces, attack 335–327 — A 18–10 after 28 (372 s)
game 31: B wins after 88/87 pieces, attack 49–61 — A 18–11 after 29 (385 s)
game 32: A wins after 155/155 pieces, attack 82–73 — A 19–11 after 30 (428 s)
game 37: B wins after 96/95 pieces, attack 38–49 — A 19–12 after 31 (446 s)
game 34: B wins after 162/161 pieces, attack 77–88 — A 19–13 after 32 (456 s)
game 35: B wins after 168/167 pieces, attack 70–90 — A 19–14 after 33 (457 s)
game 18: B wins after 515/514 pieces, attack 278–261 — A 19–15 after 34 (460 s)
game 21: A wins after 500/500 pieces, attack 280–239 — A 20–15 after 35 (463 s)
game 41: A wins after 54/54 pieces, attack 44–28 — A 21–15 after 36 (486 s)
game 42: A wins after 55/55 pieces, attack 43–25 — A 22–15 after 37 (491 s)
game 44: A wins after 34/34 pieces, attack 15–8 — A 23–15 after 38 (506 s)
game 45: A wins after 41/41 pieces, attack 33–21 — A 24–15 after 39 (517 s)
game 40: A wins after 126/126 pieces, attack 78–67 — A 25–15 after 40 (534 s)
game 22: A wins after 539/539 pieces, attack 326–310 — A 26–15 after 41 (535 s)
game 38: A wins after 179/179 pieces, attack 116–103 — A 27–15 after 42 (542 s)
game 36: A wins after 277/277 pieces, attack 200–173 — A 28–15 after 43 (544 s)
game 39: A wins after 166/166 pieces, attack 95–85 — A 29–15 after 44 (552 s)
game 48: A wins after 44/44 pieces, attack 29–18 — A 30–15 after 45 (561 s)
game 46: A wins after 106/106 pieces, attack 56–45 — A 31–15 after 46 (569 s)
game 43: A wins after 210/210 pieces, attack 135–122 — A 32–15 after 47 (579 s)
game 54: A wins after 69/69 pieces, attack 49–42 — A 33–15 after 48 (611 s)
game 33: A wins after 446/446 pieces, attack 303–282 — A 34–15 after 49 (616 s)
game 51: A wins after 153/153 pieces, attack 93–74 — A 35–15 after 50 (631 s)
game 47: A wins after 212/212 pieces, attack 131–109 — A 36–15 after 51 (632 s)
game 53: A wins after 146/146 pieces, attack 104–77 — A 37–15 after 52 (640 s)
game 52: B wins after 150/149 pieces, attack 85–93 — A 37–16 after 53 (647 s)
game 57: A wins after 128/128 pieces, attack 99–79 — A 38–16 after 54 (685 s)
game 59: A wins after 117/117 pieces, attack 84–75 — A 39–16 after 55 (707 s)
game 50: A wins after 298/298 pieces, attack 189–168 — A 40–16 after 56 (711 s)
game 64: A wins after 31/31 pieces, attack 23–11 — A 41–16 after 57 (728 s)
game 58: A wins after 158/158 pieces, attack 87–73 — A 42–16 after 58 (731 s)
game 61: A wins after 162/162 pieces, attack 107–90 — A 43–16 after 59 (737 s)
game 49: A wins after 344/344 pieces, attack 195–162 — A 44–16 after 60 (753 s)
game 67: A wins after 82/82 pieces, attack 56–42 — A 45–16 after 61 (782 s)
game 65: B wins after 108/107 pieces, attack 60–67 — A 45–17 after 62 (793 s)
game 69: A wins after 33/33 pieces, attack 24–7 — A 46–17 after 63 (798 s)
game 56: B wins after 300/299 pieces, attack 182–181 — A 46–18 after 64 (801 s)
game 66: A wins after 139/139 pieces, attack 78–61 — A 47–18 after 65 (811 s)
game 55: B wins after 461/460 pieces, attack 284–264 — A 47–19 after 66 (825 s)
game 68: A wins after 140/140 pieces, attack 87–70 — A 48–19 after 67 (827 s)
game 72: A wins after 64/64 pieces, attack 45–24 — A 49–19 after 68 (834 s)
game 60: A wins after 308/308 pieces, attack 186–174 — A 50–19 after 69 (835 s)
game 73: A wins after 56/56 pieces, attack 30–19 — A 51–19 after 70 (845 s)
game 74: A wins after 44/44 pieces, attack 28–10 — A 52–19 after 71 (847 s)
game 63: A wins after 263/263 pieces, attack 173–154 — A 53–19 after 72 (856 s)
game 75: A wins after 61/61 pieces, attack 49–32 — A 54–19 after 73 (859 s)
game 78: A wins after 46/46 pieces, attack 33–24 — A 55–19 after 74 (869 s)
game 81: A wins after 33/33 pieces, attack 28–12 — A 56–19 after 75 (878 s)
game 77: B wins after 81/80 pieces, attack 46–58 — A 56–20 after 76 (882 s)
game 80: A wins after 60/60 pieces, attack 34–23 — A 57–20 after 77 (887 s)
game 83: A wins after 29/29 pieces, attack 25–9 — A 58–20 after 78 (891 s)
game 79: A wins after 84/84 pieces, attack 56–45 — A 59–20 after 79 (894 s)
game 85: A wins after 66/66 pieces, attack 53–36 — A 60–20 after 80 (923 s)
game 86: A wins after 87/87 pieces, attack 45–35 — A 61–20 after 81 (934 s)
game 71: A wins after 238/238 pieces, attack 155–138 — A 62–20 after 82 (939 s)
game 88: A wins after 42/42 pieces, attack 26–15 — A 63–20 after 83 (945 s)
game 89: A wins after 32/32 pieces, attack 25–15 — A 64–20 after 84 (949 s)
game 84: A wins after 140/140 pieces, attack 111–81 — A 65–20 after 85 (961 s)
game 70: A wins after 309/309 pieces, attack 185–163 — A 66–20 after 86 (969 s)
game 90: A wins after 126/126 pieces, attack 70–50 — A 67–20 after 87 (1001 s)
game 62: A wins after 540/540 pieces, attack 359–303 — A 68–20 after 88 (1010 s)
game 94: A wins after 84/84 pieces, attack 55–45 — A 69–20 after 89 (1010 s)
game 95: A wins after 26/26 pieces, attack 11–4 — A 70–20 after 90 (1014 s)
game 91: A wins after 153/153 pieces, attack 96–84 — A 71–20 after 91 (1030 s)
game 92: A wins after 192/192 pieces, attack 149–126 — A 72–20 after 92 (1057 s)
game 93: B wins after 189/188 pieces, attack 98–102 — A 72–21 after 93 (1058 s)
game 76: A wins after 428/428 pieces, attack 250–256 — A 73–21 after 94 (1086 s)
game 99: A wins after 122/122 pieces, attack 80–68 — A 74–21 after 95 (1096 s)
game 100: B wins after 64/63 pieces, attack 47–46 — A 74–22 after 96 (1098 s)
game 98: A wins after 187/187 pieces, attack 142–111 — A 75–22 after 97 (1114 s)
game 87: A wins after 404/404 pieces, attack 280–246 — A 76–22 after 98 (1125 s)
game 103: A wins after 91/91 pieces, attack 64–59 — A 77–22 after 99 (1147 s)
game 106: A wins after 63/63 pieces, attack 42–32 — A 78–22 after 100 (1158 s)
game 96: A wins after 291/291 pieces, attack 182–172 — A 79–22 after 101 (1182 s)
game 102: B wins after 164/163 pieces, attack 92–101 — A 79–23 after 102 (1183 s)
game 97: A wins after 326/326 pieces, attack 212–202 — A 80–23 after 103 (1190 s)
game 108: B wins after 59/58 pieces, attack 29–34 — A 80–24 after 104 (1197 s)
game 104: A wins after 177/177 pieces, attack 105–87 — A 81–24 after 105 (1207 s)
game 107: A wins after 118/118 pieces, attack 71–65 — A 82–24 after 106 (1218 s)
game 112: A wins after 56/56 pieces, attack 35–23 — A 83–24 after 107 (1223 s)
game 114: B wins after 55/54 pieces, attack 29–38 — A 83–25 after 108 (1248 s)
game 105: B wins after 221/220 pieces, attack 117–127 — A 83–26 after 109 (1249 s)
game 115: A wins after 75/75 pieces, attack 50–33 — A 84–26 after 110 (1263 s)
game 82: A wins after 686/686 pieces, attack 428–419 — A 85–26 after 111 (1272 s)
game 118: A wins after 32/32 pieces, attack 17–8 — A 86–26 after 112 (1278 s)
game 101: A wins after 391/391 pieces, attack 265–251 — A 87–26 after 113 (1308 s)
game 113: A wins after 183/183 pieces, attack 116–101 — A 88–26 after 114 (1308 s)
game 116: A wins after 106/106 pieces, attack 68–63 — A 89–26 after 115 (1311 s)
game 109: B wins after 244/243 pieces, attack 133–135 — A 89–27 after 116 (1331 s)
game 123: A wins after 65/65 pieces, attack 37–27 — A 90–27 after 117 (1347 s)
game 120: A wins after 149/149 pieces, attack 101–84 — A 91–27 after 118 (1359 s)
game 117: A wins after 199/199 pieces, attack 116–102 — A 92–27 after 119 (1362 s)
game 124: A wins after 95/95 pieces, attack 70–50 — A 93–27 after 120 (1380 s)
game 121: A wins after 191/191 pieces, attack 126–115 — A 94–27 after 121 (1415 s)
game 129: A wins after 48/48 pieces, attack 29–14 — A 95–27 after 122 (1438 s)
game 128: A wins after 112/112 pieces, attack 81–60 — A 96–27 after 123 (1442 s)
game 126: B wins after 151/150 pieces, attack 77–84 — A 96–28 after 124 (1449 s)
game 125: A wins after 186/186 pieces, attack 136–125 — A 97–28 after 125 (1465 s)
game 132: A wins after 45/45 pieces, attack 42–20 — A 98–28 after 126 (1470 s)
game 122: A wins after 300/300 pieces, attack 194–162 — A 99–28 after 127 (1476 s)
game 131: A wins after 55/55 pieces, attack 42–37 — A 100–28 after 128 (1476 s)
game 110: B wins after 488/487 pieces, attack 294–289 — A 100–29 after 129 (1478 s)
game 127: A wins after 194/194 pieces, attack 129–110 — A 101–29 after 130 (1480 s)
game 119: A wins after 346/346 pieces, attack 189–181 — A 102–29 after 131 (1486 s)
game 133: B wins after 43/42 pieces, attack 19–29 — A 102–30 after 132 (1492 s)
game 136: A wins after 37/37 pieces, attack 23–8 — A 103–30 after 133 (1494 s)
game 135: A wins after 60/60 pieces, attack 43–24 — A 104–30 after 134 (1508 s)
game 130: A wins after 166/166 pieces, attack 107–94 — A 105–30 after 135 (1528 s)
game 141: A wins after 71/71 pieces, attack 41–31 — A 106–30 after 136 (1531 s)
game 137: A wins after 89/89 pieces, attack 64–53 — A 107–30 after 137 (1531 s)
game 142: A wins after 38/38 pieces, attack 25–17 — A 108–30 after 138 (1531 s)
game 134: B wins after 124/123 pieces, attack 70–78 — A 108–31 after 139 (1541 s)
game 145: A wins after 29/29 pieces, attack 31–10 — A 109–31 after 140 (1544 s)
game 143: A wins after 41/41 pieces, attack 29–17 — A 110–31 after 141 (1549 s)
game 144: A wins after 40/40 pieces, attack 22–11 — A 111–31 after 142 (1550 s)
game 139: B wins after 132/131 pieces, attack 88–93 — A 111–32 after 143 (1561 s)
game 138: A wins after 163/163 pieces, attack 122–93 — A 112–32 after 144 (1571 s)
game 150: A wins after 42/42 pieces, attack 36–15 — A 113–32 after 145 (1572 s)
game 153: A wins after 31/31 pieces, attack 21–15 — A 114–32 after 146 (1588 s)
game 149: A wins after 100/100 pieces, attack 62–41 — A 115–32 after 147 (1597 s)
game 151: B wins after 95/94 pieces, attack 40–51 — A 115–33 after 148 (1616 s)
game 155: A wins after 93/93 pieces, attack 67–49 — A 116–33 after 149 (1648 s)
game 148: A wins after 237/237 pieces, attack 132–136 — A 117–33 after 150 (1679 s)
game 146: B wins after 249/248 pieces, attack 156–152 — A 117–34 after 151 (1680 s)
game 158: A wins after 54/54 pieces, attack 34–22 — A 118–34 after 152 (1713 s)
game 157: A wins after 110/110 pieces, attack 83–66 — A 119–34 after 153 (1719 s)
game 154: A wins after 245/245 pieces, attack 134–119 — A 120–34 after 154 (1745 s)
game 162: A wins after 19/19 pieces, attack 14–4 — A 121–34 after 155 (1755 s)
game 159: A wins after 168/168 pieces, attack 113–103 — A 122–34 after 156 (1793 s)
game 111: draw after 1000/1000 pieces, attack 661–601 — A 122–34 after 157 (1793 s)
game 147: B wins after 411/410 pieces, attack 234–235 — A 122–35 after 158 (1796 s)
game 152: A wins after 385/385 pieces, attack 237–222 — A 123–35 after 159 (1802 s)
game 140: A wins after 514/514 pieces, attack 309–281 — A 124–35 after 160 (1808 s)
game 160: B wins after 179/178 pieces, attack 106–109 — A 124–36 after 161 (1818 s)
game 161: A wins after 203/203 pieces, attack 145–117 — A 125–36 after 162 (1829 s)
game 170: A wins after 51/51 pieces, attack 38–23 — A 126–36 after 163 (1853 s)
game 166: B wins after 138/137 pieces, attack 86–89 — A 126–37 after 164 (1871 s)
game 171: A wins after 45/45 pieces, attack 41–25 — A 127–37 after 165 (1875 s)
game 164: B wins after 150/149 pieces, attack 90–100 — A 127–38 after 166 (1895 s)
game 169: A wins after 158/158 pieces, attack 97–77 — A 128–38 after 167 (1903 s)
game 168: B wins after 175/174 pieces, attack 96–102 — A 128–39 after 168 (1916 s)
game 173: A wins after 82/82 pieces, attack 55–35 — A 129–39 after 169 (1921 s)
game 172: B wins after 102/101 pieces, attack 48–54 — A 129–40 after 170 (1930 s)
game 177: A wins after 33/33 pieces, attack 22–12 — A 130–40 after 171 (1938 s)
game 167: A wins after 246/246 pieces, attack 152–141 — A 131–40 after 172 (1950 s)
game 179: A wins after 85/85 pieces, attack 41–37 — A 132–40 after 173 (1985 s)
game 175: B wins after 145/144 pieces, attack 87–86 — A 132–41 after 174 (1986 s)
game 163: A wins after 436/436 pieces, attack 268–242 — A 133–41 after 175 (2016 s)
game 178: A wins after 215/215 pieces, attack 137–116 — A 134–41 after 176 (2073 s)
game 165: B wins after 489/488 pieces, attack 326–328 — A 134–42 after 177 (2103 s)
game 182: A wins after 196/196 pieces, attack 137–107 — A 135–42 after 178 (2105 s)
game 186: A wins after 27/27 pieces, attack 12–4 — A 136–42 after 179 (2119 s)
game 180: B wins after 304/303 pieces, attack 185–181 — A 136–43 after 180 (2131 s)
game 176: B wins after 352/351 pieces, attack 218–218 — A 136–44 after 181 (2135 s)
game 156: A wins after 849/849 pieces, attack 522–474 — A 137–44 after 182 (2135 s)
game 184: A wins after 131/131 pieces, attack 99–75 — A 138–44 after 183 (2143 s)
game 188: A wins after 45/45 pieces, attack 33–22 — A 139–44 after 184 (2152 s)
game 183: A wins after 260/260 pieces, attack 190–160 — A 140–44 after 185 (2159 s)
game 192: A wins after 37/37 pieces, attack 32–13 — A 141–44 after 186 (2169 s)
game 193: A wins after 58/58 pieces, attack 34–30 — A 142–44 after 187 (2191 s)
game 181: A wins after 335/335 pieces, attack 255–235 — A 143–44 after 188 (2192 s)
game 191: A wins after 120/120 pieces, attack 88–69 — A 144–44 after 189 (2206 s)
game 174: B wins after 503/502 pieces, attack 273–287 — A 144–45 after 190 (2211 s)
game 190: A wins after 142/142 pieces, attack 96–80 — A 145–45 after 191 (2215 s)
game 195: A wins after 59/59 pieces, attack 31–22 — A 146–45 after 192 (2223 s)
game 189: A wins after 163/163 pieces, attack 126–108 — A 147–45 after 193 (2224 s)
game 199: A wins after 40/40 pieces, attack 31–11 — A 148–45 after 194 (2234 s)
game 200: A wins after 28/28 pieces, attack 19–12 — A 149–45 after 195 (2237 s)
game 198: A wins after 51/51 pieces, attack 36–22 — A 150–45 after 196 (2239 s)
game 185: A wins after 247/247 pieces, attack 147–135 — A 151–45 after 197 (2255 s)
game 203: A wins after 41/41 pieces, attack 21–13 — A 152–45 after 198 (2260 s)
game 194: A wins after 179/179 pieces, attack 134–99 — A 153–45 after 199 (2263 s)
game 197: B wins after 128/127 pieces, attack 76–87 — A 153–46 after 200 (2280 s)
game 207: A wins after 42/42 pieces, attack 32–15 — A 154–46 after 201 (2283 s)
game 205: A wins after 65/65 pieces, attack 54–38 — A 155–46 after 202 (2292 s)
game 209: A wins after 84/84 pieces, attack 57–38 — A 156–46 after 203 (2329 s)
game 208: A wins after 193/193 pieces, attack 138–119 — A 157–46 after 204 (2388 s)
game 187: A wins after 493/493 pieces, attack 335–309 — A 158–46 after 205 (2397 s)
game 210: A wins after 192/192 pieces, attack 117–94 — A 159–46 after 206 (2401 s)
game 201: A wins after 331/331 pieces, attack 214–181 — A 160–46 after 207 (2409 s)
game 211: A wins after 168/168 pieces, attack 116–92 — A 161–46 after 208 (2420 s)
game 214: A wins after 50/50 pieces, attack 28–18 — A 162–46 after 209 (2427 s)
game 215: B wins after 60/59 pieces, attack 33–39 — A 162–47 after 210 (2441 s)
game 217: B wins after 32/31 pieces, attack 19–30 — A 162–48 after 211 (2443 s)
game 196: B wins after 411/410 pieces, attack 215–224 — A 162–49 after 212 (2451 s)
game 216: B wins after 67/66 pieces, attack 38–46 — A 162–50 after 213 (2456 s)
game 219: A wins after 55/55 pieces, attack 39–23 — A 163–50 after 214 (2473 s)
game 204: B wins after 400/399 pieces, attack 253–249 — A 163–51 after 215 (2476 s)
game 220: A wins after 54/54 pieces, attack 36–23 — A 164–51 after 216 (2485 s)
game 202: A wins after 488/488 pieces, attack 287–245 — A 165–51 after 217 (2522 s)
game 222: A wins after 128/128 pieces, attack 84–66 — A 166–51 after 218 (2542 s)
game 224: A wins after 147/147 pieces, attack 99–89 — A 167–51 after 219 (2563 s)
game 225: B wins after 81/80 pieces, attack 45–45 — A 167–52 after 220 (2564 s)
game 213: A wins after 265/265 pieces, attack 163–161 — A 168–52 after 221 (2571 s)
game 212: A wins after 326/326 pieces, attack 219–190 — A 169–52 after 222 (2575 s)
game 223: A wins after 229/229 pieces, attack 166–140 — A 170–52 after 223 (2601 s)
game 206: A wins after 610/610 pieces, attack 388–346 — A 171–52 after 224 (2608 s)
game 227: A wins after 91/91 pieces, attack 60–45 — A 172–52 after 225 (2615 s)
game 221: A wins after 312/312 pieces, attack 196–174 — A 173–52 after 226 (2621 s)
game 229: A wins after 94/94 pieces, attack 65–56 — A 174–52 after 227 (2625 s)
game 228: A wins after 130/130 pieces, attack 77–54 — A 175–52 after 228 (2631 s)
game 230: B wins after 129/128 pieces, attack 61–63 — A 175–53 after 229 (2651 s)
game 233: A wins after 72/72 pieces, attack 50–40 — A 176–53 after 230 (2651 s)
game 236: A wins after 49/49 pieces, attack 24–15 — A 177–53 after 231 (2659 s)
game 234: A wins after 87/87 pieces, attack 63–46 — A 178–53 after 232 (2670 s)
game 231: A wins after 127/127 pieces, attack 78–71 — A 179–53 after 233 (2674 s)
game 238: A wins after 42/42 pieces, attack 32–16 — A 180–53 after 234 (2675 s)
game 218: A wins after 444/444 pieces, attack 339–293 — A 181–53 after 235 (2683 s)
game 226: A wins after 258/258 pieces, attack 140–117 — A 182–53 after 236 (2691 s)
game 232: A wins after 172/172 pieces, attack 105–85 — A 183–53 after 237 (2705 s)
game 237: A wins after 106/106 pieces, attack 65–53 — A 184–53 after 238 (2709 s)
game 241: A wins after 115/115 pieces, attack 72–51 — A 185–53 after 239 (2736 s)
game 235: A wins after 179/179 pieces, attack 101–86 — A 186–53 after 240 (2736 s)
game 244: A wins after 94/94 pieces, attack 69–51 — A 187–53 after 241 (2742 s)
game 240: A wins after 188/188 pieces, attack 115–93 — A 188–53 after 242 (2758 s)
game 243: A wins after 135/135 pieces, attack 91–71 — A 189–53 after 243 (2762 s)
game 249: A wins after 60/60 pieces, attack 44–29 — A 190–53 after 244 (2773 s)
game 247: A wins after 134/134 pieces, attack 89–71 — A 191–53 after 245 (2810 s)
game 250: A wins after 115/115 pieces, attack 76–54 — A 192–53 after 246 (2815 s)
game 242: A wins after 235/235 pieces, attack 151–133 — A 193–53 after 247 (2817 s)
game 248: A wins after 167/167 pieces, attack 110–91 — A 194–53 after 248 (2830 s)
game 245: A wins after 218/218 pieces, attack 122–106 — A 195–53 after 249 (2842 s)
game 251: A wins after 154/154 pieces, attack 116–99 — A 196–53 after 250 (2849 s)
game 258: A wins after 31/31 pieces, attack 19–9 — A 197–53 after 251 (2863 s)
game 256: A wins after 91/91 pieces, attack 56–52 — A 198–53 after 252 (2879 s)
game 254: A wins after 153/153 pieces, attack 99–77 — A 199–53 after 253 (2896 s)
game 257: B wins after 126/125 pieces, attack 71–87 — A 199–54 after 254 (2916 s)
game 252: A wins after 252/252 pieces, attack 156–148 — A 200–54 after 255 (2920 s)
game 246: A wins after 379/379 pieces, attack 219–203 — A 201–54 after 256 (2926 s)
game 260: B wins after 87/86 pieces, attack 47–51 — A 201–55 after 257 (2926 s)
game 261: B wins after 63/62 pieces, attack 39–48 — A 201–56 after 258 (2930 s)
game 255: A wins after 227/227 pieces, attack 125–117 — A 202–56 after 259 (2940 s)
game 266: A wins after 33/33 pieces, attack 25–12 — A 203–56 after 260 (2947 s)
game 267: B wins after 61/60 pieces, attack 29–39 — A 203–57 after 261 (2977 s)
game 262: A wins after 125/125 pieces, attack 88–68 — A 204–57 after 262 (2980 s)
game 268: B wins after 114/113 pieces, attack 71–68 — A 204–58 after 263 (3005 s)
game 265: A wins after 148/148 pieces, attack 103–83 — A 205–58 after 264 (3009 s)
game 253: A wins after 386/386 pieces, attack 246–212 — A 206–58 after 265 (3017 s)
game 263: A wins after 214/214 pieces, attack 140–104 — A 207–58 after 266 (3029 s)
game 272: B wins after 41/40 pieces, attack 18–31 — A 207–59 after 267 (3033 s)
game 273: B wins after 64/63 pieces, attack 32–32 — A 207–60 after 268 (3050 s)
game 239: A wins after 651/651 pieces, attack 432–400 — A 208–60 after 269 (3051 s)
game 271: A wins after 101/101 pieces, attack 73–46 — A 209–60 after 270 (3053 s)
game 269: A wins after 180/180 pieces, attack 119–111 — A 210–60 after 271 (3085 s)
game 264: B wins after 355/354 pieces, attack 251–235 — A 210–61 after 272 (3106 s)
game 270: A wins after 228/228 pieces, attack 128–112 — A 211–61 after 273 (3109 s)
game 278: A wins after 107/107 pieces, attack 68–64 — A 212–61 after 274 (3113 s)
game 274: A wins after 193/193 pieces, attack 113–103 — A 213–61 after 275 (3131 s)
game 280: A wins after 74/74 pieces, attack 62–42 — A 214–61 after 276 (3140 s)
game 275: A wins after 227/227 pieces, attack 178–138 — A 215–61 after 277 (3147 s)
game 284: A wins after 32/32 pieces, attack 29–12 — A 216–61 after 278 (3155 s)
game 276: B wins after 182/181 pieces, attack 112–123 — A 216–62 after 279 (3158 s)
game 283: A wins after 72/72 pieces, attack 47–30 — A 217–62 after 280 (3169 s)
game 277: B wins after 201/200 pieces, attack 109–121 — A 217–63 after 281 (3170 s)
game 282: A wins after 129/129 pieces, attack 76–55 — A 218–63 after 282 (3175 s)
game 286: A wins after 50/50 pieces, attack 34–16 — A 219–63 after 283 (3178 s)
game 288: A wins after 29/29 pieces, attack 18–8 — A 220–63 after 284 (3182 s)
game 285: A wins after 99/99 pieces, attack 74–58 — A 221–63 after 285 (3197 s)
game 279: A wins after 211/211 pieces, attack 140–121 — A 222–63 after 286 (3211 s)
game 259: B wins after 652/651 pieces, attack 432–397 — A 222–64 after 287 (3212 s)
game 291: B wins after 69/68 pieces, attack 36–39 — A 222–65 after 288 (3216 s)
game 292: B wins after 67/66 pieces, attack 34–46 — A 222–66 after 289 (3224 s)
game 295: A wins after 39/39 pieces, attack 25–14 — A 223–66 after 290 (3232 s)
game 296: A wins after 82/82 pieces, attack 70–60 — A 224–66 after 291 (3260 s)
game 287: B wins after 219/218 pieces, attack 109–122 — A 224–67 after 292 (3280 s)
game 297: A wins after 140/140 pieces, attack 82–64 — A 225–67 after 293 (3296 s)
game 281: A wins after 316/316 pieces, attack 167–155 — A 226–67 after 294 (3299 s)
game 300: A wins after 59/59 pieces, attack 32–22 — A 227–67 after 295 (3311 s)
game 301: A wins after 44/44 pieces, attack 31–16 — A 228–67 after 296 (3317 s)
game 294: A wins after 204/204 pieces, attack 124–117 — A 229–67 after 297 (3335 s)
game 304: B wins after 39/38 pieces, attack 25–35 — A 229–68 after 298 (3341 s)
game 289: A wins after 335/335 pieces, attack 232–169 — A 230–68 after 299 (3346 s)
game 298: B wins after 219/218 pieces, attack 136–131 — A 230–69 after 300 (3355 s)
game 308: A wins after 45/45 pieces, attack 26–15 — A 231–69 after 301 (3379 s)
game 305: A wins after 94/94 pieces, attack 70–58 — A 232–69 after 302 (3383 s)
game 290: A wins after 374/374 pieces, attack 244–207 — A 233–69 after 303 (3388 s)
game 310: A wins after 38/38 pieces, attack 19–15 — A 234–69 after 304 (3403 s)
game 311: A wins after 46/46 pieces, attack 33–22 — A 235–69 after 305 (3415 s)
game 307: A wins after 120/120 pieces, attack 74–64 — A 236–69 after 306 (3418 s)
game 309: A wins after 79/79 pieces, attack 57–36 — A 237–69 after 307 (3420 s)
game 313: B wins after 41/40 pieces, attack 29–32 — A 237–70 after 308 (3437 s)
game 303: B wins after 229/228 pieces, attack 149–140 — A 237–71 after 309 (3444 s)
game 314: A wins after 61/61 pieces, attack 47–31 — A 238–71 after 310 (3449 s)
game 318: A wins after 26/26 pieces, attack 18–7 — A 239–71 after 311 (3461 s)
game 312: A wins after 130/130 pieces, attack 92–80 — A 240–71 after 312 (3475 s)
game 315: A wins after 120/120 pieces, attack 82–67 — A 241–71 after 313 (3488 s)
game 306: B wins after 253/252 pieces, attack 185–199 — A 241–72 after 314 (3492 s)
game 322: A wins after 17/17 pieces, attack 15–4 — A 242–72 after 315 (3499 s)
game 320: A wins after 62/62 pieces, attack 60–40 — A 243–72 after 316 (3506 s)
game 321: A wins after 68/68 pieces, attack 43–30 — A 244–72 after 317 (3524 s)
game 293: B wins after 576/575 pieces, attack 321–304 — A 244–73 after 318 (3524 s)
game 319: A wins after 112/112 pieces, attack 64–62 — A 245–73 after 319 (3527 s)
game 323: B wins after 49/48 pieces, attack 19–30 — A 245–74 after 320 (3528 s)
game 326: A wins after 59/59 pieces, attack 35–25 — A 246–74 after 321 (3553 s)
game 324: B wins after 104/103 pieces, attack 54–60 — A 246–75 after 322 (3562 s)
game 317: A wins after 223/223 pieces, attack 157–132 — A 247–75 after 323 (3570 s)
game 330: A wins after 49/49 pieces, attack 23–12 — A 248–75 after 324 (3585 s)
game 299: A wins after 561/561 pieces, attack 322–296 — A 249–75 after 325 (3605 s)
game 332: A wins after 60/60 pieces, attack 43–29 — A 250–75 after 326 (3620 s)
game 316: B wins after 320/319 pieces, attack 158–173 — A 250–76 after 327 (3629 s)
game 327: B wins after 169/168 pieces, attack 93–102 — A 250–77 after 328 (3630 s)
game 329: B wins after 144/143 pieces, attack 80–81 — A 250–78 after 329 (3639 s)
game 337: A wins after 35/35 pieces, attack 26–11 — A 251–78 after 330 (3657 s)
game 325: A wins after 241/241 pieces, attack 144–137 — A 252–78 after 331 (3662 s)
game 302: A wins after 657/657 pieces, attack 416–367 — A 253–78 after 332 (3674 s)
game 335: A wins after 103/103 pieces, attack 68–43 — A 254–78 after 333 (3683 s)
game 328: A wins after 292/292 pieces, attack 195–177 — A 255–78 after 334 (3697 s)
game 336: B wins after 126/125 pieces, attack 72–78 — A 255–79 after 335 (3713 s)
game 340: B wins after 90/89 pieces, attack 50–55 — A 255–80 after 336 (3722 s)
game 338: A wins after 129/129 pieces, attack 93–66 — A 256–80 after 337 (3724 s)
game 331: A wins after 272/272 pieces, attack 186–157 — A 257–80 after 338 (3725 s)
game 341: B wins after 77/76 pieces, attack 40–46 — A 257–81 after 339 (3733 s)
game 339: A wins after 154/154 pieces, attack 90–77 — A 258–81 after 340 (3743 s)
game 334: A wins after 228/228 pieces, attack 163–148 — A 259–81 after 341 (3748 s)
game 348: A wins after 49/49 pieces, attack 31–16 — A 260–81 after 342 (3765 s)
game 349: A wins after 72/72 pieces, attack 45–35 — A 261–81 after 343 (3782 s)
game 343: A wins after 151/151 pieces, attack 100–92 — A 262–81 after 344 (3793 s)
game 347: A wins after 132/132 pieces, attack 93–87 — A 263–81 after 345 (3810 s)
game 346: B wins after 179/178 pieces, attack 114–106 — A 263–82 after 346 (3820 s)
game 350: A wins after 109/109 pieces, attack 71–55 — A 264–82 after 347 (3823 s)
game 351: A wins after 77/77 pieces, attack 67–45 — A 265–82 after 348 (3827 s)
game 352: A wins after 66/66 pieces, attack 45–34 — A 266–82 after 349 (3831 s)
game 357: A wins after 33/33 pieces, attack 18–8 — A 267–82 after 350 (3848 s)
game 354: A wins after 103/103 pieces, attack 66–59 — A 268–82 after 351 (3888 s)
game 345: B wins after 298/297 pieces, attack 171–185 — A 268–83 after 352 (3900 s)
game 333: A wins after 532/532 pieces, attack 366–343 — A 269–83 after 353 (3910 s)
game 355: B wins after 151/150 pieces, attack 90–98 — A 269–84 after 354 (3910 s)
game 344: A wins after 346/346 pieces, attack 204–194 — A 270–84 after 355 (3924 s)
game 363: A wins after 26/26 pieces, attack 18–8 — A 271–84 after 356 (3937 s)
game 361: A wins after 70/70 pieces, attack 46–39 — A 272–84 after 357 (3946 s)
game 358: A wins after 165/165 pieces, attack 114–94 — A 273–84 after 358 (3947 s)
game 353: A wins after 230/230 pieces, attack 130–123 — A 274–84 after 359 (3947 s)
game 342: A wins after 446/446 pieces, attack 259–237 — A 275–84 after 360 (3962 s)
game 364: A wins after 55/55 pieces, attack 34–20 — A 276–84 after 361 (3966 s)
game 356: B wins after 270/269 pieces, attack 169–178 — A 276–85 after 362 (3987 s)
game 360: A wins after 160/160 pieces, attack 120–88 — A 277–85 after 363 (3987 s)
game 367: B wins after 79/78 pieces, attack 40–56 — A 277–86 after 364 (3993 s)
game 366: A wins after 94/94 pieces, attack 64–50 — A 278–86 after 365 (3996 s)
game 365: A wins after 139/139 pieces, attack 106–73 — A 279–86 after 366 (4009 s)
game 371: A wins after 48/48 pieces, attack 31–19 — A 280–86 after 367 (4012 s)
game 375: B wins after 83/82 pieces, attack 45–49 — A 280–87 after 368 (4057 s)
game 359: B wins after 327/326 pieces, attack 199–190 — A 280–88 after 369 (4066 s)
game 374: A wins after 111/111 pieces, attack 77–63 — A 281–88 after 370 (4069 s)
game 377: A wins after 29/29 pieces, attack 33–16 — A 282–88 after 371 (4081 s)
game 372: A wins after 177/177 pieces, attack 134–106 — A 283–88 after 372 (4086 s)
game 376: A wins after 65/65 pieces, attack 32–23 — A 284–88 after 373 (4100 s)
game 378: B wins after 59/58 pieces, attack 36–48 — A 284–89 after 374 (4102 s)
game 379: A wins after 82/82 pieces, attack 63–47 — A 285–89 after 375 (4121 s)
game 369: A wins after 314/314 pieces, attack 208–183 — A 286–89 after 376 (4138 s)
game 384: A wins after 48/48 pieces, attack 31–20 — A 287–89 after 377 (4160 s)
game 382: A wins after 122/122 pieces, attack 79–63 — A 288–89 after 378 (4163 s)
game 370: A wins after 365/365 pieces, attack 217–194 — A 289–89 after 379 (4186 s)
game 362: A wins after 526/526 pieces, attack 327–303 — A 290–89 after 380 (4220 s)
game 373: B wins after 369/368 pieces, attack 175–192 — A 290–90 after 381 (4222 s)
game 383: A wins after 190/190 pieces, attack 125–110 — A 291–90 after 382 (4224 s)
game 381: B wins after 224/223 pieces, attack 126–137 — A 291–91 after 383 (4225 s)
game 386: B wins after 101/100 pieces, attack 49–71 — A 291–92 after 384 (4229 s)
game 380: A wins after 288/288 pieces, attack 199–166 — A 292–92 after 385 (4234 s)
game 389: A wins after 44/44 pieces, attack 39–21 — A 293–92 after 386 (4243 s)
game 391: A wins after 111/111 pieces, attack 70–50 — A 294–92 after 387 (4282 s)
game 388: A wins after 134/134 pieces, attack 83–63 — A 295–92 after 388 (4296 s)
game 395: A wins after 69/69 pieces, attack 38–25 — A 296–92 after 389 (4316 s)
game 394: A wins after 121/121 pieces, attack 81–70 — A 297–92 after 390 (4318 s)
game 397: A wins after 76/76 pieces, attack 41–27 — A 298–92 after 391 (4358 s)
game 396: B wins after 111/110 pieces, attack 55–65 — A 298–93 after 392 (4359 s)
game 390: A wins after 247/247 pieces, attack 127–113 — A 299–93 after 393 (4368 s)
game 398: A wins after 104/104 pieces, attack 65–56 — A 300–93 after 394 (4379 s)
game 392: A wins after 274/274 pieces, attack 172–158 — A 301–93 after 395 (4390 s)
game 400: A wins after 60/60 pieces, attack 50–30 — A 302–93 after 396 (4392 s)
game 393: B wins after 257/256 pieces, attack 131–137 — A 302–94 after 397 (4400 s)
game 401: A wins after 77/77 pieces, attack 59–40 — A 303–94 after 398 (4406 s)
game 399: A wins after 106/106 pieces, attack 68–61 — A 304–94 after 399 (4419 s)
game 385: B wins after 481/480 pieces, attack 262–265 — A 304–95 after 400 (4432 s)
game 403: A wins after 153/153 pieces, attack 100–72 — A 305–95 after 401 (4466 s)
game 407: A wins after 89/89 pieces, attack 49–29 — A 306–95 after 402 (4467 s)
game 387: B wins after 484/483 pieces, attack 286–292 — A 306–96 after 403 (4484 s)
game 368: A wins after 940/940 pieces, attack 555–533 — A 307–96 after 404 (4515 s)
game 405: A wins after 251/251 pieces, attack 179–149 — A 308–96 after 405 (4530 s)
game 406: B wins after 215/214 pieces, attack 124–132 — A 308–97 after 406 (4532 s)
game 408: B wins after 172/171 pieces, attack 95–102 — A 308–98 after 407 (4535 s)
game 402: A wins after 294/294 pieces, attack 200–161 — A 309–98 after 408 (4545 s)
game 409: A wins after 151/151 pieces, attack 102–90 — A 310–98 after 409 (4549 s)
game 404: A wins after 276/276 pieces, attack 176–162 — A 311–98 after 410 (4556 s)
game 411: A wins after 145/145 pieces, attack 110–92 — A 312–98 after 411 (4559 s)
game 415: A wins after 48/48 pieces, attack 29–21 — A 313–98 after 412 (4560 s)
game 412: A wins after 138/138 pieces, attack 85–61 — A 314–98 after 413 (4586 s)
game 413: A wins after 106/106 pieces, attack 71–62 — A 315–98 after 414 (4597 s)
game 420: A wins after 81/81 pieces, attack 51–36 — A 316–98 after 415 (4601 s)
game 416: A wins after 121/121 pieces, attack 91–76 — A 317–98 after 416 (4611 s)
game 418: A wins after 113/113 pieces, attack 70–58 — A 318–98 after 417 (4616 s)
game 417: A wins after 136/136 pieces, attack 67–65 — A 319–98 after 418 (4623 s)
game 419: B wins after 116/115 pieces, attack 71–69 — A 319–99 after 419 (4623 s)
game 414: A wins after 198/198 pieces, attack 126–98 — A 320–99 after 420 (4631 s)
game 428: A wins after 23/23 pieces, attack 15–7 — A 321–99 after 421 (4643 s)
game 422: B wins after 99/98 pieces, attack 47–61 — A 321–100 after 422 (4654 s)
game 430: A wins after 32/32 pieces, attack 35–17 — A 322–100 after 423 (4670 s)
game 427: A wins after 90/90 pieces, attack 66–52 — A 323–100 after 424 (4671 s)
game 429: A wins after 67/67 pieces, attack 61–42 — A 324–100 after 425 (4676 s)
game 410: B wins after 354/353 pieces, attack 235–229 — A 324–101 after 426 (4678 s)
game 425: A wins after 202/202 pieces, attack 131–105 — A 325–101 after 427 (4726 s)
game 435: A wins after 31/31 pieces, attack 18–10 — A 326–101 after 428 (4743 s)
game 426: A wins after 231/231 pieces, attack 173–139 — A 327–101 after 429 (4749 s)
game 432: A wins after 165/165 pieces, attack 116–98 — A 328–101 after 430 (4768 s)
game 437: A wins after 58/58 pieces, attack 51–40 — A 329–101 after 431 (4779 s)
game 421: A wins after 324/324 pieces, attack 201–190 — A 330–101 after 432 (4782 s)
game 439: A wins after 58/58 pieces, attack 44–32 — A 331–101 after 433 (4808 s)
game 433: A wins after 231/231 pieces, attack 156–145 — A 332–101 after 434 (4809 s)
game 438: A wins after 90/90 pieces, attack 66–57 — A 333–101 after 435 (4817 s)
game 423: A wins after 406/406 pieces, attack 214–188 — A 334–101 after 436 (4835 s)
game 443: A wins after 52/52 pieces, attack 39–28 — A 335–101 after 437 (4845 s)
game 440: B wins after 115/114 pieces, attack 59–72 — A 335–102 after 438 (4846 s)
game 441: A wins after 83/83 pieces, attack 44–26 — A 336–102 after 439 (4848 s)
game 424: A wins after 426/426 pieces, attack 274–242 — A 337–102 after 440 (4856 s)
game 431: A wins after 369/369 pieces, attack 228–209 — A 338–102 after 441 (4861 s)
game 449: A wins after 24/24 pieces, attack 15–9 — A 339–102 after 442 (4872 s)
game 445: A wins after 78/78 pieces, attack 44–26 — A 340–102 after 443 (4884 s)
game 447: A wins after 75/75 pieces, attack 48–33 — A 341–102 after 444 (4886 s)
game 436: A wins after 293/293 pieces, attack 174–167 — A 342–102 after 445 (4908 s)
game 434: A wins after 393/393 pieces, attack 216–205 — A 343–102 after 446 (4913 s)
game 446: B wins after 121/120 pieces, attack 79–87 — A 343–103 after 447 (4918 s)
game 453: A wins after 26/26 pieces, attack 19–9 — A 344–103 after 448 (4921 s)
game 456: A wins after 47/47 pieces, attack 25–15 — A 345–103 after 449 (4944 s)
game 442: A wins after 250/250 pieces, attack 163–148 — A 346–103 after 450 (4949 s)
game 452: B wins after 131/130 pieces, attack 79–78 — A 346–104 after 451 (4954 s)
game 455: A wins after 58/58 pieces, attack 31–34 — A 347–104 after 452 (4954 s)
game 451: B wins after 126/125 pieces, attack 74–81 — A 347–105 after 453 (4959 s)
game 454: A wins after 91/91 pieces, attack 50–45 — A 348–105 after 454 (4960 s)
game 457: A wins after 69/69 pieces, attack 54–38 — A 349–105 after 455 (4982 s)
game 450: A wins after 211/211 pieces, attack 132–121 — A 350–105 after 456 (4989 s)
game 460: B wins after 81/80 pieces, attack 48–62 — A 350–106 after 457 (5001 s)
game 461: B wins after 67/66 pieces, attack 30–45 — A 350–107 after 458 (5002 s)
game 444: A wins after 292/292 pieces, attack 164–152 — A 351–107 after 459 (5004 s)
game 459: B wins after 121/120 pieces, attack 73–87 — A 351–108 after 460 (5019 s)
game 468: A wins after 22/22 pieces, attack 20–10 — A 352–108 after 461 (5029 s)
game 467: A wins after 64/64 pieces, attack 37–31 — A 353–108 after 462 (5035 s)
game 470: A wins after 60/60 pieces, attack 40–22 — A 354–108 after 463 (5065 s)
game 448: A wins after 394/394 pieces, attack 253–240 — A 355–108 after 464 (5080 s)
game 466: A wins after 182/182 pieces, attack 114–102 — A 356–108 after 465 (5100 s)
game 473: A wins after 22/22 pieces, attack 20–10 — A 357–108 after 466 (5110 s)
game 469: A wins after 144/144 pieces, attack 88–86 — A 358–108 after 467 (5112 s)
game 458: B wins after 301/300 pieces, attack 191–174 — A 358–109 after 468 (5113 s)
game 463: B wins after 254/253 pieces, attack 130–147 — A 358–110 after 469 (5134 s)
game 475: A wins after 42/42 pieces, attack 21–9 — A 359–110 after 470 (5134 s)
game 472: A wins after 107/107 pieces, attack 75–58 — A 360–110 after 471 (5139 s)
game 476: A wins after 50/50 pieces, attack 41–30 — A 361–110 after 472 (5141 s)
game 479: A wins after 31/31 pieces, attack 19–8 — A 362–110 after 473 (5153 s)
game 464: A wins after 257/257 pieces, attack 144–138 — A 363–110 after 474 (5157 s)
game 480: A wins after 41/41 pieces, attack 32–15 — A 364–110 after 475 (5162 s)
game 478: A wins after 62/62 pieces, attack 47–33 — A 365–110 after 476 (5164 s)
game 471: A wins after 202/202 pieces, attack 132–109 — A 366–110 after 477 (5172 s)
game 481: A wins after 37/37 pieces, attack 22–11 — A 367–110 after 478 (5174 s)
game 483: A wins after 115/115 pieces, attack 62–48 — A 368–110 after 479 (5225 s)
game 482: A wins after 168/168 pieces, attack 109–89 — A 369–110 after 480 (5241 s)
game 484: A wins after 194/194 pieces, attack 134–102 — A 370–110 after 481 (5259 s)
game 487: A wins after 69/69 pieces, attack 38–26 — A 371–110 after 482 (5264 s)
game 485: A wins after 181/181 pieces, attack 114–93 — A 372–110 after 483 (5272 s)
game 486: B wins after 194/193 pieces, attack 124–125 — A 372–111 after 484 (5275 s)
game 462: B wins after 563/562 pieces, attack 381–354 — A 372–112 after 485 (5278 s)
game 489: A wins after 68/68 pieces, attack 52–28 — A 373–112 after 486 (5291 s)
game 490: A wins after 71/71 pieces, attack 55–40 — A 374–112 after 487 (5301 s)
game 494: A wins after 47/47 pieces, attack 23–14 — A 375–112 after 488 (5316 s)
game 495: A wins after 42/42 pieces, attack 30–16 — A 376–112 after 489 (5323 s)
game 493: A wins after 113/113 pieces, attack 83–67 — A 377–112 after 490 (5333 s)
game 488: A wins after 185/185 pieces, attack 129–118 — A 378–112 after 491 (5347 s)
game 499: A wins after 63/63 pieces, attack 39–30 — A 379–112 after 492 (5379 s)
game 474: B wins after 459/458 pieces, attack 244–248 — A 379–113 after 493 (5388 s)
game 492: A wins after 247/247 pieces, attack 171–162 — A 380–113 after 494 (5413 s)
game 500: A wins after 83/83 pieces, attack 63–45 — A 381–113 after 495 (5420 s)
game 496: B wins after 209/208 pieces, attack 154–142 — A 381–114 after 496 (5423 s)
game 504: A wins after 45/45 pieces, attack 31–22 — A 382–114 after 497 (5442 s)
game 477: A wins after 538/538 pieces, attack 354–334 — A 383–114 after 498 (5443 s)
game 501: A wins after 107/107 pieces, attack 68–55 — A 384–114 after 499 (5444 s)
game 502: A wins after 83/83 pieces, attack 44–32 — A 385–114 after 500 (5453 s)
game 498: A wins after 233/233 pieces, attack 130–110 — A 386–114 after 501 (5455 s)
game 465: A wins after 825/825 pieces, attack 542–496 — A 387–114 after 502 (5477 s)
game 505: A wins after 85/85 pieces, attack 55–43 — A 388–114 after 503 (5481 s)
game 503: A wins after 119/119 pieces, attack 76–67 — A 389–114 after 504 (5488 s)
game 510: A wins after 53/53 pieces, attack 44–32 — A 390–114 after 505 (5505 s)
game 497: A wins after 363/363 pieces, attack 251–229 — A 391–114 after 506 (5516 s)
game 511: B wins after 68/67 pieces, attack 40–45 — A 391–115 after 507 (5525 s)
game 491: B wins after 437/436 pieces, attack 197–221 — A 391–116 after 508 (5544 s)
game 515: B wins after 35/34 pieces, attack 15–24 — A 391–117 after 509 (5545 s)
game 506: A wins after 198/198 pieces, attack 109–97 — A 392–117 after 510 (5549 s)
game 508: A wins after 169/169 pieces, attack 119–94 — A 393–117 after 511 (5552 s)
game 512: B wins after 120/119 pieces, attack 65–71 — A 393–118 after 512 (5564 s)
game 518: B wins after 60/59 pieces, attack 41–60 — A 393–119 after 513 (5580 s)
game 519: A wins after 53/53 pieces, attack 32–22 — A 394–119 after 514 (5581 s)
game 520: A wins after 46/46 pieces, attack 28–19 — A 395–119 after 515 (5587 s)
game 516: B wins after 75/74 pieces, attack 31–38 — A 395–120 after 516 (5590 s)
game 507: B wins after 271/270 pieces, attack 154–162 — A 395–121 after 517 (5604 s)
game 525: A wins after 53/53 pieces, attack 43–30 — A 396–121 after 518 (5634 s)
game 513: A wins after 259/259 pieces, attack 172–145 — A 397–121 after 519 (5654 s)
game 517: B wins after 231/230 pieces, attack 115–122 — A 397–122 after 520 (5667 s)
game 523: B wins after 164/163 pieces, attack 85–86 — A 397–123 after 521 (5672 s)
game 521: A wins after 184/184 pieces, attack 134–119 — A 398–123 after 522 (5687 s)
game 509: B wins after 362/361 pieces, attack 178–197 — A 398–124 after 523 (5690 s)
game 531: A wins after 27/27 pieces, attack 22–11 — A 399–124 after 524 (5702 s)
game 524: B wins after 211/210 pieces, attack 117–112 — A 399–125 after 525 (5710 s)
game 527: B wins after 144/143 pieces, attack 78–77 — A 399–126 after 526 (5728 s)
game 530: B wins after 109/108 pieces, attack 70–79 — A 399–127 after 527 (5744 s)
game 526: A wins after 225/225 pieces, attack 135–104 — A 400–127 after 528 (5754 s)
game 529: A wins after 156/156 pieces, attack 96–80 — A 401–127 after 529 (5761 s)
game 537: A wins after 36/36 pieces, attack 30–15 — A 402–127 after 530 (5777 s)
game 532: B wins after 168/167 pieces, attack 103–104 — A 402–128 after 531 (5795 s)
game 535: A wins after 117/117 pieces, attack 76–61 — A 403–128 after 532 (5803 s)
game 539: A wins after 34/34 pieces, attack 22–12 — A 404–128 after 533 (5814 s)
game 533: B wins after 185/184 pieces, attack 92–96 — A 404–129 after 534 (5820 s)
game 540: A wins after 32/32 pieces, attack 19–10 — A 405–129 after 535 (5820 s)
game 514: A wins after 527/527 pieces, attack 304–298 — A 406–129 after 536 (5838 s)
game 528: B wins after 346/345 pieces, attack 231–222 — A 406–130 after 537 (5851 s)
game 534: A wins after 251/251 pieces, attack 156–154 — A 407–130 after 538 (5866 s)
game 545: A wins after 33/33 pieces, attack 21–14 — A 408–130 after 539 (5868 s)
game 546: A wins after 107/107 pieces, attack 75–58 — A 409–130 after 540 (5922 s)
game 544: A wins after 145/145 pieces, attack 88–82 — A 410–130 after 541 (5930 s)
game 543: B wins after 217/216 pieces, attack 120–141 — A 410–131 after 542 (5943 s)
game 542: A wins after 251/251 pieces, attack 159–152 — A 411–131 after 543 (5958 s)
game 541: A wins after 249/249 pieces, attack 155–152 — A 412–131 after 544 (5958 s)
game 549: B wins after 60/59 pieces, attack 33–46 — A 412–132 after 545 (5961 s)
game 551: A wins after 44/44 pieces, attack 40–20 — A 413–132 after 546 (5981 s)
game 550: A wins after 108/108 pieces, attack 69–48 — A 414–132 after 547 (5999 s)
game 536: A wins after 384/384 pieces, attack 199–197 — A 415–132 after 548 (6007 s)
game 538: B wins after 465/464 pieces, attack 271–265 — A 415–133 after 549 (6020 s)
game 553: B wins after 126/125 pieces, attack 60–65 — A 415–134 after 550 (6038 s)
game 547: B wins after 305/304 pieces, attack 201–187 — A 415–135 after 551 (6042 s)
game 555: A wins after 140/140 pieces, attack 92–70 — A 416–135 after 552 (6069 s)
game 558: A wins after 79/79 pieces, attack 56–42 — A 417–135 after 553 (6080 s)
game 560: A wins after 62/62 pieces, attack 41–32 — A 418–135 after 554 (6106 s)
game 554: A wins after 278/278 pieces, attack 175–147 — A 419–135 after 555 (6137 s)
game 557: B wins after 220/219 pieces, attack 129–136 — A 419–136 after 556 (6150 s)
game 559: A wins after 193/193 pieces, attack 141–133 — A 420–136 after 557 (6152 s)
game 522: draw after 1000/1000 pieces, attack 638–597 — A 420–136 after 558 (6152 s)
game 563: A wins after 38/38 pieces, attack 38–23 — A 421–136 after 559 (6156 s)
game 552: A wins after 375/375 pieces, attack 227–193 — A 422–136 after 560 (6157 s)
game 561: A wins after 152/152 pieces, attack 91–65 — A 423–136 after 561 (6159 s)
game 565: A wins after 56/56 pieces, attack 46–29 — A 424–136 after 562 (6182 s)
game 568: A wins after 63/63 pieces, attack 41–28 — A 425–136 after 563 (6192 s)
game 564: A wins after 93/93 pieces, attack 73–52 — A 426–136 after 564 (6199 s)
game 572: A wins after 44/44 pieces, attack 42–25 — A 427–136 after 565 (6219 s)
game 548: B wins after 521/520 pieces, attack 299–310 — A 427–137 after 566 (6219 s)
game 570: A wins after 87/87 pieces, attack 71–61 — A 428–137 after 567 (6229 s)
game 567: A wins after 147/147 pieces, attack 107–97 — A 429–137 after 568 (6237 s)
game 573: A wins after 50/50 pieces, attack 34–26 — A 430–137 after 569 (6246 s)
game 571: A wins after 115/115 pieces, attack 86–63 — A 431–137 after 570 (6254 s)
game 576: A wins after 43/43 pieces, attack 33–22 — A 432–137 after 571 (6260 s)
game 556: A wins after 443/443 pieces, attack 319–292 — A 433–137 after 572 (6262 s)
game 577: A wins after 43/43 pieces, attack 28–20 — A 434–137 after 573 (6267 s)
game 569: A wins after 208/208 pieces, attack 144–128 — A 435–137 after 574 (6284 s)
game 574: B wins after 177/176 pieces, attack 91–100 — A 435–138 after 575 (6323 s)
game 580: A wins after 126/126 pieces, attack 86–70 — A 436–138 after 576 (6323 s)
game 575: A wins after 196/196 pieces, attack 111–97 — A 437–138 after 577 (6329 s)
game 585: A wins after 35/35 pieces, attack 27–20 — A 438–138 after 578 (6347 s)
game 566: A wins after 343/343 pieces, attack 227–203 — A 439–138 after 579 (6350 s)
game 578: A wins after 188/188 pieces, attack 130–106 — A 440–138 after 580 (6351 s)
game 583: B wins after 71/70 pieces, attack 40–51 — A 440–139 after 581 (6360 s)
game 587: A wins after 46/46 pieces, attack 30–20 — A 441–139 after 582 (6375 s)
game 562: A wins after 497/497 pieces, attack 327–306 — A 442–139 after 583 (6387 s)
game 591: A wins after 42/42 pieces, attack 31–15 — A 443–139 after 584 (6410 s)
game 590: A wins after 63/63 pieces, attack 49–37 — A 444–139 after 585 (6411 s)
game 581: B wins after 239/238 pieces, attack 116–123 — A 444–140 after 586 (6413 s)
game 579: B wins after 286/285 pieces, attack 188–198 — A 444–141 after 587 (6421 s)
game 586: A wins after 143/143 pieces, attack 91–63 — A 445–141 after 588 (6427 s)
game 584: B wins after 177/176 pieces, attack 101–115 — A 445–142 after 589 (6434 s)
game 582: A wins after 287/287 pieces, attack 180–147 — A 446–142 after 590 (6436 s)
game 596: A wins after 33/33 pieces, attack 28–10 — A 447–142 after 591 (6443 s)
game 593: A wins after 75/75 pieces, attack 48–31 — A 448–142 after 592 (6455 s)
game 595: B wins after 62/61 pieces, attack 33–39 — A 448–143 after 593 (6457 s)
game 588: A wins after 170/170 pieces, attack 96–85 — A 449–143 after 594 (6458 s)
game 594: A wins after 93/93 pieces, attack 72–43 — A 450–143 after 595 (6462 s)
game 603: A wins after 33/33 pieces, attack 19–11 — A 451–143 after 596 (6479 s)
game 599: B wins after 70/69 pieces, attack 40–45 — A 451–144 after 597 (6486 s)
game 598: A wins after 102/102 pieces, attack 78–51 — A 452–144 after 598 (6491 s)
game 597: B wins after 94/93 pieces, attack 45–53 — A 452–145 after 599 (6495 s)
game 604: A wins after 88/88 pieces, attack 59–39 — A 453–145 after 600 (6525 s)
game 601: B wins after 101/100 pieces, attack 34–50 — A 453–146 after 601 (6525 s)
game 589: B wins after 306/305 pieces, attack 207–212 — A 453–147 after 602 (6537 s)
game 602: A wins after 170/170 pieces, attack 111–90 — A 454–147 after 603 (6561 s)
game 592: B wins after 281/280 pieces, attack 151–155 — A 454–148 after 604 (6565 s)
game 609: B wins after 79/78 pieces, attack 29–36 — A 454–149 after 605 (6573 s)
game 605: B wins after 159/158 pieces, attack 96–107 — A 454–150 after 606 (6575 s)
game 608: B wins after 116/115 pieces, attack 44–44 — A 454–151 after 607 (6581 s)
game 612: A wins after 54/54 pieces, attack 41–26 — A 455–151 after 608 (6596 s)
game 611: A wins after 73/73 pieces, attack 44–29 — A 456–151 after 609 (6599 s)
game 613: B wins after 63/62 pieces, attack 26–41 — A 456–152 after 610 (6613 s)
game 610: A wins after 158/158 pieces, attack 85–65 — A 457–152 after 611 (6618 s)
game 616: B wins after 73/72 pieces, attack 48–62 — A 457–153 after 612 (6638 s)
game 615: A wins after 102/102 pieces, attack 85–78 — A 458–153 after 613 (6644 s)
game 617: A wins after 84/84 pieces, attack 54–35 — A 459–153 after 614 (6644 s)
game 621: A wins after 21/21 pieces, attack 17–4 — A 460–153 after 615 (6654 s)
game 622: A wins after 23/23 pieces, attack 14–5 — A 461–153 after 616 (6655 s)
game 614: A wins after 205/205 pieces, attack 134–107 — A 462–153 after 617 (6682 s)
game 606: A wins after 358/358 pieces, attack 230–192 — A 463–153 after 618 (6683 s)
game 626: A wins after 35/35 pieces, attack 29–13 — A 464–153 after 619 (6704 s)
game 607: A wins after 399/399 pieces, attack 238–202 — A 465–153 after 620 (6720 s)
game 623: B wins after 117/116 pieces, attack 72–81 — A 465–154 after 621 (6721 s)
game 627: A wins after 57/57 pieces, attack 31–13 — A 466–154 after 622 (6734 s)
game 618: A wins after 211/211 pieces, attack 141–131 — A 467–154 after 623 (6741 s)
game 624: A wins after 186/186 pieces, attack 148–125 — A 468–154 after 624 (6768 s)
game 625: A wins after 148/148 pieces, attack 92–85 — A 469–154 after 625 (6776 s)
game 631: A wins after 61/61 pieces, attack 38–35 — A 470–154 after 626 (6779 s)
game 632: A wins after 57/57 pieces, attack 34–17 — A 471–154 after 627 (6797 s)
game 600: A wins after 651/651 pieces, attack 398–349 — A 472–154 after 628 (6844 s)
game 636: A wins after 47/47 pieces, attack 31–19 — A 473–154 after 629 (6867 s)
game 629: A wins after 325/325 pieces, attack 202–188 — A 474–154 after 630 (6902 s)
game 638: A wins after 47/47 pieces, attack 39–24 — A 475–154 after 631 (6925 s)
game 630: A wins after 300/300 pieces, attack 187–177 — A 476–154 after 632 (6927 s)
game 619: A wins after 534/534 pieces, attack 365–309 — A 477–154 after 633 (6933 s)
game 633: A wins after 277/277 pieces, attack 176–164 — A 478–154 after 634 (6934 s)
game 637: B wins after 139/138 pieces, attack 61–74 — A 478–155 after 635 (6945 s)
game 642: A wins after 70/70 pieces, attack 64–48 — A 479–155 after 636 (6967 s)
game 634: A wins after 362/362 pieces, attack 235–204 — A 480–155 after 637 (6982 s)
game 641: A wins after 102/102 pieces, attack 62–50 — A 481–155 after 638 (6986 s)
game 640: A wins after 128/128 pieces, attack 81–57 — A 482–155 after 639 (6995 s)
game 643: A wins after 141/141 pieces, attack 110–83 — A 483–155 after 640 (7020 s)
game 635: A wins after 409/409 pieces, attack 267–228 — A 484–155 after 641 (7024 s)
game 644: B wins after 146/145 pieces, attack 69–76 — A 484–156 after 642 (7048 s)
game 648: A wins after 52/52 pieces, attack 43–25 — A 485–156 after 643 (7049 s)
game 620: A wins after 682/682 pieces, attack 401–407 — A 486–156 after 644 (7055 s)
game 650: B wins after 61/60 pieces, attack 35–38 — A 486–157 after 645 (7089 s)
game 645: B wins after 211/210 pieces, attack 104–112 — A 486–158 after 646 (7115 s)
game 639: B wins after 350/349 pieces, attack 221–198 — A 486–159 after 647 (7117 s)
game 651: B wins after 159/158 pieces, attack 80–82 — A 486–160 after 648 (7142 s)
game 649: A wins after 282/282 pieces, attack 170–140 — A 487–160 after 649 (7180 s)
game 646: A wins after 357/357 pieces, attack 260–220 — A 488–160 after 650 (7189 s)
game 653: B wins after 194/193 pieces, attack 117–123 — A 488–161 after 651 (7205 s)
game 628: A wins after 806/806 pieces, attack 477–439 — A 489–161 after 652 (7210 s)
game 655: A wins after 175/175 pieces, attack 119–96 — A 490–161 after 653 (7216 s)
game 652: B wins after 321/320 pieces, attack 229–209 — A 490–162 after 654 (7236 s)
game 660: A wins after 63/63 pieces, attack 63–39 — A 491–162 after 655 (7242 s)
game 661: A wins after 87/87 pieces, attack 48–33 — A 492–162 after 656 (7256 s)
game 657: A wins after 142/142 pieces, attack 88–71 — A 493–162 after 657 (7263 s)
game 664: B wins after 48/47 pieces, attack 17–35 — A 493–163 after 658 (7283 s)
game 662: A wins after 111/111 pieces, attack 82–64 — A 494–163 after 659 (7299 s)
game 658: B wins after 234/233 pieces, attack 134–148 — A 494–164 after 660 (7341 s)
game 666: B wins after 78/77 pieces, attack 40–45 — A 494–165 after 661 (7342 s)
game 667: B wins after 92/91 pieces, attack 50–56 — A 494–166 after 662 (7372 s)
game 659: A wins after 278/278 pieces, attack 187–171 — A 495–166 after 663 (7384 s)
game 671: A wins after 32/32 pieces, attack 25–7 — A 496–166 after 664 (7399 s)
game 656: B wins after 425/424 pieces, attack 265–254 — A 496–167 after 665 (7424 s)
game 669: A wins after 187/187 pieces, attack 115–104 — A 497–167 after 666 (7452 s)
game 670: A wins after 160/160 pieces, attack 96–85 — A 498–167 after 667 (7477 s)
game 674: A wins after 56/56 pieces, attack 31–17 — A 499–167 after 668 (7481 s)
game 665: A wins after 307/307 pieces, attack 168–174 — A 500–167 after 669 (7484 s)
game 676: A wins after 35/35 pieces, attack 27–13 — A 501–167 after 670 (7499 s)
game 672: B wins after 196/195 pieces, attack 105–113 — A 501–168 after 671 (7515 s)
game 668: A wins after 291/291 pieces, attack 173–164 — A 502–168 after 672 (7520 s)
game 654: A wins after 661/661 pieces, attack 406–375 — A 503–168 after 673 (7523 s)
game 677: B wins after 59/58 pieces, attack 15–23 — A 503–169 after 674 (7524 s)
game 673: A wins after 178/178 pieces, attack 128–114 — A 504–169 after 675 (7539 s)
game 681: B wins after 46/45 pieces, attack 26–41 — A 504–170 after 676 (7548 s)
game 679: A wins after 73/73 pieces, attack 33–27 — A 505–170 after 677 (7559 s)
game 663: A wins after 517/517 pieces, attack 325–291 — A 506–170 after 678 (7560 s)
game 682: A wins after 71/71 pieces, attack 50–38 — A 507–170 after 679 (7561 s)
game 680: A wins after 87/87 pieces, attack 61–46 — A 508–170 after 680 (7565 s)
game 647: B wins after 964/963 pieces, attack 591–593 — A 508–171 after 681 (7594 s)
game 684: B wins after 89/88 pieces, attack 61–65 — A 508–172 after 682 (7600 s)
game 685: A wins after 93/93 pieces, attack 61–47 — A 509–172 after 683 (7606 s)
game 687: A wins after 81/81 pieces, attack 59–45 — A 510–172 after 684 (7607 s)
game 686: A wins after 81/81 pieces, attack 62–48 — A 511–172 after 685 (7609 s)
game 688: A wins after 87/87 pieces, attack 64–52 — A 512–172 after 686 (7610 s)
game 691: A wins after 17/17 pieces, attack 18–4 — A 513–172 after 687 (7614 s)
game 683: A wins after 143/143 pieces, attack 103–89 — A 514–172 after 688 (7626 s)
game 689: A wins after 64/64 pieces, attack 37–30 — A 515–172 after 689 (7634 s)
game 695: A wins after 68/68 pieces, attack 40–26 — A 516–172 after 690 (7651 s)
game 697: A wins after 48/48 pieces, attack 30–20 — A 517–172 after 691 (7658 s)
game 694: A wins after 122/122 pieces, attack 71–51 — A 518–172 after 692 (7679 s)
game 692: A wins after 159/159 pieces, attack 101–77 — A 519–172 after 693 (7692 s)
game 696: A wins after 123/123 pieces, attack 96–76 — A 520–172 after 694 (7695 s)
game 700: A wins after 31/31 pieces, attack 21–11 — A 521–172 after 695 (7695 s)
game 699: B wins after 76/75 pieces, attack 47–45 — A 521–173 after 696 (7697 s)
game 701: A wins after 35/35 pieces, attack 20–6 — A 522–173 after 697 (7710 s)
game 678: A wins after 408/408 pieces, attack 233–215 — A 523–173 after 698 (7743 s)
game 690: A wins after 258/258 pieces, attack 167–147 — A 524–173 after 699 (7753 s)
game 705: B wins after 76/75 pieces, attack 30–40 — A 524–174 after 700 (7759 s)
game 704: A wins after 113/113 pieces, attack 81–70 — A 525–174 after 701 (7761 s)
game 707: A wins after 24/24 pieces, attack 16–5 — A 526–174 after 702 (7766 s)
game 702: A wins after 151/151 pieces, attack 102–78 — A 527–174 after 703 (7781 s)
game 703: A wins after 146/146 pieces, attack 99–75 — A 528–174 after 704 (7781 s)
game 710: A wins after 54/54 pieces, attack 27–19 — A 529–174 after 705 (7798 s)
game 706: A wins after 128/128 pieces, attack 88–54 — A 530–174 after 706 (7802 s)
game 713: A wins after 53/53 pieces, attack 36–24 — A 531–174 after 707 (7826 s)
game 709: B wins after 123/122 pieces, attack 64–70 — A 531–175 after 708 (7836 s)
game 712: A wins after 104/104 pieces, attack 62–45 — A 532–175 after 709 (7838 s)
game 708: B wins after 128/127 pieces, attack 84–85 — A 532–176 after 710 (7839 s)
game 693: B wins after 391/390 pieces, attack 227–229 — A 532–177 after 711 (7842 s)
game 715: A wins after 32/32 pieces, attack 22–14 — A 533–177 after 712 (7843 s)
game 711: A wins after 134/134 pieces, attack 67–50 — A 534–177 after 713 (7859 s)
game 698: B wins after 381/380 pieces, attack 238–242 — A 534–178 after 714 (7862 s)
game 720: A wins after 53/53 pieces, attack 35–23 — A 535–178 after 715 (7871 s)
game 721: A wins after 50/50 pieces, attack 35–22 — A 536–178 after 716 (7889 s)
game 717: A wins after 92/92 pieces, attack 63–54 — A 537–178 after 717 (7899 s)
game 722: B wins after 88/87 pieces, attack 45–62 — A 537–179 after 718 (7919 s)
game 725: A wins after 71/71 pieces, attack 53–40 — A 538–179 after 719 (7943 s)
game 675: A wins after 797/797 pieces, attack 472–432 — A 539–179 after 720 (7955 s)
game 716: A wins after 202/202 pieces, attack 132–120 — A 540–179 after 721 (7967 s)
game 728: A wins after 85/85 pieces, attack 51–49 — A 541–179 after 722 (8004 s)
game 719: A wins after 246/246 pieces, attack 113–112 — A 542–179 after 723 (8016 s)
game 729: B wins after 85/84 pieces, attack 43–55 — A 542–180 after 724 (8021 s)
game 723: A wins after 290/290 pieces, attack 173–177 — A 543–180 after 725 (8055 s)
game 727: B wins after 227/226 pieces, attack 131–118 — A 543–181 after 726 (8063 s)
game 726: B wins after 257/256 pieces, attack 149–156 — A 543–182 after 727 (8069 s)
game 733: A wins after 39/39 pieces, attack 33–19 — A 544–182 after 728 (8074 s)
game 724: B wins after 300/299 pieces, attack 145–163 — A 544–183 after 729 (8076 s)
game 734: A wins after 53/53 pieces, attack 34–23 — A 545–183 after 730 (8090 s)
game 714: B wins after 522/521 pieces, attack 331–317 — A 545–184 after 731 (8099 s)
game 718: B wins after 502/501 pieces, attack 287–277 — A 545–185 after 732 (8143 s)
game 736: A wins after 142/142 pieces, attack 85–69 — A 546–185 after 733 (8150 s)
game 739: A wins after 114/114 pieces, attack 69–55 — A 547–185 after 734 (8154 s)
game 741: A wins after 41/41 pieces, attack 20–9 — A 548–185 after 735 (8171 s)
game 738: A wins after 141/141 pieces, attack 94–80 — A 549–185 after 736 (8176 s)
game 740: A wins after 64/64 pieces, attack 44–27 — A 550–185 after 737 (8177 s)
game 730: A wins after 339/339 pieces, attack 232–210 — A 551–185 after 738 (8190 s)
game 732: A wins after 288/288 pieces, attack 201–178 — A 552–185 after 739 (8197 s)
game 746: A wins after 52/52 pieces, attack 33–15 — A 553–185 after 740 (8215 s)
game 747: A wins after 50/50 pieces, attack 37–22 — A 554–185 after 741 (8223 s)
game 745: A wins after 116/116 pieces, attack 75–59 — A 555–185 after 742 (8239 s)
game 743: B wins after 156/155 pieces, attack 94–107 — A 555–186 after 743 (8271 s)
game 742: B wins after 195/194 pieces, attack 121–132 — A 555–187 after 744 (8275 s)
game 735: B wins after 359/358 pieces, attack 194–185 — A 555–188 after 745 (8280 s)
game 731: A wins after 464/464 pieces, attack 327–286 — A 556–188 after 746 (8280 s)
game 737: A wins after 363/363 pieces, attack 248–221 — A 557–188 after 747 (8288 s)
game 750: A wins after 93/93 pieces, attack 78–66 — A 558–188 after 748 (8299 s)
game 744: A wins after 175/175 pieces, attack 69–69 — A 559–188 after 749 (8299 s)
game 754: A wins after 54/54 pieces, attack 45–29 — A 560–188 after 750 (8307 s)
game 757: A wins after 36/36 pieces, attack 33–20 — A 561–188 after 751 (8317 s)
game 751: B wins after 100/99 pieces, attack 47–56 — A 561–189 after 752 (8334 s)
game 759: A wins after 33/33 pieces, attack 26–15 — A 562–189 after 753 (8334 s)
game 758: A wins after 65/65 pieces, attack 62–39 — A 563–189 after 754 (8341 s)
game 756: A wins after 80/80 pieces, attack 64–46 — A 564–189 after 755 (8343 s)
game 761: A wins after 26/26 pieces, attack 16–6 — A 565–189 after 756 (8348 s)
game 753: B wins after 152/151 pieces, attack 79–84 — A 565–190 after 757 (8379 s)
game 749: A wins after 306/306 pieces, attack 166–137 — A 566–190 after 758 (8391 s)
game 762: A wins after 110/110 pieces, attack 78–62 — A 567–190 after 759 (8401 s)
game 752: A wins after 223/223 pieces, attack 137–128 — A 568–190 after 760 (8404 s)
game 768: A wins after 28/28 pieces, attack 17–7 — A 569–190 after 761 (8419 s)
game 764: A wins after 119/119 pieces, attack 79–82 — A 570–190 after 762 (8424 s)
game 763: A wins after 145/145 pieces, attack 84–70 — A 571–190 after 763 (8433 s)
game 771: A wins after 23/23 pieces, attack 14–4 — A 572–190 after 764 (8445 s)
game 760: A wins after 194/194 pieces, attack 136–122 — A 573–190 after 765 (8458 s)
game 769: A wins after 72/72 pieces, attack 45–36 — A 574–190 after 766 (8458 s)
game 767: B wins after 104/103 pieces, attack 47–58 — A 574–191 after 767 (8475 s)
game 755: B wins after 311/310 pieces, attack 213–202 — A 574–192 after 768 (8480 s)
game 765: B wins after 190/189 pieces, attack 109–110 — A 574–193 after 769 (8482 s)
game 748: B wins after 466/465 pieces, attack 247–246 — A 574–194 after 770 (8495 s)
game 773: A wins after 73/73 pieces, attack 61–47 — A 575–194 after 771 (8498 s)
game 775: A wins after 50/50 pieces, attack 30–19 — A 576–194 after 772 (8500 s)
game 776: A wins after 80/80 pieces, attack 48–34 — A 577–194 after 773 (8523 s)
game 779: A wins after 52/52 pieces, attack 44–37 — A 578–194 after 774 (8528 s)
game 766: A wins after 298/298 pieces, attack 196–168 — A 579–194 after 775 (8557 s)
game 780: A wins after 123/123 pieces, attack 65–58 — A 580–194 after 776 (8571 s)
game 770: A wins after 266/266 pieces, attack 152–133 — A 581–194 after 777 (8574 s)
game 783: A wins after 54/54 pieces, attack 31–19 — A 582–194 after 778 (8591 s)
game 781: A wins after 131/131 pieces, attack 83–76 — A 583–194 after 779 (8605 s)
game 778: A wins after 203/203 pieces, attack 112–83 — A 584–194 after 780 (8616 s)
game 785: A wins after 77/77 pieces, attack 52–43 — A 585–194 after 781 (8621 s)
game 784: A wins after 99/99 pieces, attack 69–60 — A 586–194 after 782 (8627 s)
game 786: A wins after 68/68 pieces, attack 41–34 — A 587–194 after 783 (8629 s)
game 789: A wins after 19/19 pieces, attack 15–4 — A 588–194 after 784 (8631 s)
game 782: B wins after 184/183 pieces, attack 117–115 — A 588–195 after 785 (8641 s)
game 790: A wins after 112/112 pieces, attack 72–61 — A 589–195 after 786 (8685 s)
game 787: A wins after 144/144 pieces, attack 84–76 — A 590–195 after 787 (8691 s)
game 792: A wins after 141/141 pieces, attack 97–73 — A 591–195 after 788 (8707 s)
game 772: A wins after 474/474 pieces, attack 321–281 — A 592–195 after 789 (8715 s)
game 796: A wins after 44/44 pieces, attack 20–12 — A 593–195 after 790 (8736 s)
game 797: A wins after 37/37 pieces, attack 25–16 — A 594–195 after 791 (8737 s)
game 788: A wins after 245/245 pieces, attack 163–122 — A 595–195 after 792 (8750 s)
game 774: A wins after 488/488 pieces, attack 336–310 — A 596–195 after 793 (8751 s)
game 794: A wins after 115/115 pieces, attack 69–61 — A 597–195 after 794 (8762 s)
game 793: A wins after 248/248 pieces, attack 169–143 — A 598–195 after 795 (8778 s)
game 791: A wins after 285/285 pieces, attack 189–164 — A 599–195 after 796 (8780 s)
game 799: B wins after 101/100 pieces, attack 48–57 — A 599–196 after 797 (8790 s)
game 798: B wins after 122/121 pieces, attack 74–82 — A 599–197 after 798 (8805 s)
game 795: A wins after 412/412 pieces, attack 262–243 — A 600–197 after 799 (8903 s)
game 777: B wins after 886/885 pieces, attack 513–507 — A 600–198 after 800 (8959 s)

A = net:../training/models/rank_v2_c16.json@3,2
B = hard
800 games: A won 600, lost 198, drew 2 → A scores 75.1% ± 3.0 (95%)
A: attack/piece 0.626, 416 ms/move
B: attack/piece 0.561, 160 ms/move
mean game length 172 pieces per bot
